Archive member included to satisfy reference by file (symbol)

C:/Program Files/SEGGER/SEGGER Embedded Studio for ARM 3.34a/lib/libm_v7em_fpv4_sp_d16_hard_t_le_eabi.a(libm_asm.o)
                              Output/ble_app_uart_pca10040_s132 Release/Obj/adc_driver.o (__aeabi_i2d)
C:/Program Files/SEGGER/SEGGER Embedded Studio for ARM 3.34a/lib/libm_v7em_fpv4_sp_d16_hard_t_le_eabi.a(libm2.o)
                              Output/ble_app_uart_pca10040_s132 Release/Obj/adc_driver.o (log)
C:/Program Files/SEGGER/SEGGER Embedded Studio for ARM 3.34a/lib/libm_v7em_fpv4_sp_d16_hard_t_le_eabi.a(libm2_asm.o)
                              C:/Program Files/SEGGER/SEGGER Embedded Studio for ARM 3.34a/lib/libm_v7em_fpv4_sp_d16_hard_t_le_eabi.a(libm2.o) (fabs)
C:/Program Files/SEGGER/SEGGER Embedded Studio for ARM 3.34a/lib/libc_v7em_fpv4_sp_d16_hard_t_le_eabi.a(libc_asm.o)
                              Output/ble_app_uart_pca10040_s132 Release/Obj/bsp.o (__aeabi_uldivmod)
C:/Program Files/SEGGER/SEGGER Embedded Studio for ARM 3.34a/lib/libc_v7em_fpv4_sp_d16_hard_t_le_eabi.a(libc2.o)
                              C:/Program Files/SEGGER/SEGGER Embedded Studio for ARM 3.34a/lib/libm_v7em_fpv4_sp_d16_hard_t_le_eabi.a(libm2.o) (__aeabi_errno_addr)
C:/Program Files/SEGGER/SEGGER Embedded Studio for ARM 3.34a/lib/libc_v7em_fpv4_sp_d16_hard_t_le_eabi.a(libc2_asm.o)
                              Output/ble_app_uart_pca10040_s132 Release/Obj/app_scheduler.o (memcpy)
C:/Program Files/SEGGER/SEGGER Embedded Studio for ARM 3.34a/lib/libdebugio_v7em_fpv4_sp_d16_hard_t_le_eabi.a(libdebugio.o)
                              Output/ble_app_uart_pca10040_s132 Release/Obj/thumb_crt0.o (debug_fopen)
C:/Program Files/SEGGER/SEGGER Embedded Studio for ARM 3.34a/lib/libdebugio_mempoll_v7em_fpv4_sp_d16_hard_t_le_eabi.a(mempoll_debug_operations.o)
                              C:/Program Files/SEGGER/SEGGER Embedded Studio for ARM 3.34a/lib/libdebugio_v7em_fpv4_sp_d16_hard_t_le_eabi.a(libdebugio.o) (__do_debug_operation)
C:/Program Files/SEGGER/SEGGER Embedded Studio for ARM 3.34a/lib/libdebugio_mempoll_v7em_fpv4_sp_d16_hard_t_le_eabi.a(do_nv_debug_operation.o)
                              C:/Program Files/SEGGER/SEGGER Embedded Studio for ARM 3.34a/lib/libdebugio_v7em_fpv4_sp_d16_hard_t_le_eabi.a(libdebugio.o) (__do_nvdebug_operation)

Discarded input sections

 .text          0x0000000000000000        0x0 Output/ble_app_uart_pca10040_s132 Release/Obj/thumb_crt0.o
 .data          0x0000000000000000        0x0 Output/ble_app_uart_pca10040_s132 Release/Obj/thumb_crt0.o
 .bss           0x0000000000000000        0x0 Output/ble_app_uart_pca10040_s132 Release/Obj/thumb_crt0.o
 .text.__heap_lock
                0x0000000000000000        0x2 Output/ble_app_uart_pca10040_s132 Release/Obj/thumb_crt0.o
 .text.__heap_unlock
                0x0000000000000000        0x2 Output/ble_app_uart_pca10040_s132 Release/Obj/thumb_crt0.o
 .text.__printf_lock
                0x0000000000000000        0x2 Output/ble_app_uart_pca10040_s132 Release/Obj/thumb_crt0.o
 .text.__printf_unlock
                0x0000000000000000        0x2 Output/ble_app_uart_pca10040_s132 Release/Obj/thumb_crt0.o
 .text.__scanf_lock
                0x0000000000000000        0x2 Output/ble_app_uart_pca10040_s132 Release/Obj/thumb_crt0.o
 .text.__scanf_unlock
                0x0000000000000000        0x2 Output/ble_app_uart_pca10040_s132 Release/Obj/thumb_crt0.o
 .text.__debug_io_lock
                0x0000000000000000        0x2 Output/ble_app_uart_pca10040_s132 Release/Obj/thumb_crt0.o
 .text.__debug_io_unlock
                0x0000000000000000        0x2 Output/ble_app_uart_pca10040_s132 Release/Obj/thumb_crt0.o
 .text.abort    0x0000000000000000        0x2 Output/ble_app_uart_pca10040_s132 Release/Obj/thumb_crt0.o
 .text.__assert
                0x0000000000000000        0x2 Output/ble_app_uart_pca10040_s132 Release/Obj/thumb_crt0.o
 .text.__aeabi_assert
                0x0000000000000000        0x2 Output/ble_app_uart_pca10040_s132 Release/Obj/thumb_crt0.o
 .text.__cxa_pure_virtual
                0x0000000000000000        0x2 Output/ble_app_uart_pca10040_s132 Release/Obj/thumb_crt0.o
 .text.__cxa_guard_acquire
                0x0000000000000000       0x10 Output/ble_app_uart_pca10040_s132 Release/Obj/thumb_crt0.o
 .text.__cxa_guard_release
                0x0000000000000000        0x6 Output/ble_app_uart_pca10040_s132 Release/Obj/thumb_crt0.o
 .text.__cxa_guard_abort
                0x0000000000000000        0x2 Output/ble_app_uart_pca10040_s132 Release/Obj/thumb_crt0.o
 .text.__sync_synchronize
                0x0000000000000000        0x2 Output/ble_app_uart_pca10040_s132 Release/Obj/thumb_crt0.o
 .text.__getchar
                0x0000000000000000        0x4 Output/ble_app_uart_pca10040_s132 Release/Obj/thumb_crt0.o
 .text.__putchar
                0x0000000000000000        0x4 Output/ble_app_uart_pca10040_s132 Release/Obj/thumb_crt0.o
[...]
Memory Configuration

Name             Origin             Length             Attributes
UNPLACED_SECTIONS 0x0000000100000000 0x0000000000000000 xw
RAM              0x0000000020000000 0x0000000000010000 xw
FLASH            0x0000000000000000 0x0000000000080000 xw
*default*        0x0000000000000000 0xffffffffffffffff

Linker script and memory map

                0x000000000002a1d0                __vfprintf = __vfprintf_short_float_long
                0x0000000000000000                __vfscanf = __vfscanf_int
                0x0000000020000000                __RAM_segment_start__ = 0x20000000
                0x0000000020010000                __RAM_segment_end__ = 0x20010000
                0x0000000000010000                __RAM_segment_size__ = 0x10000
                0x0000000000000000                __FLASH_segment_start__ = 0x0
                0x0000000000080000                __FLASH_segment_end__ = 0x80000
                0x0000000000080000                __FLASH_segment_size__ = 0x80000
                0x0000000000000200                __HEAPSIZE__ = 0x200
                0x0000000000000000                __STACKSIZE_ABT__ = 0x0
                0x0000000000000000                __STACKSIZE_FIQ__ = 0x0
                0x0000000000000000                __STACKSIZE_IRQ__ = 0x0
                0x0000000000000000                __STACKSIZE_PROCESS__ = 0x0
                0x0000000000000000                __STACKSIZE_SVC__ = 0x0
                0x0000000000000000                __STACKSIZE_UND__ = 0x0
                0x0000000000000800                __STACKSIZE__ = 0x800
                0x0000000020000000                __reserved_ram_load_start__ = 0x20000000

.reserved_ram   0x0000000020000000     0x2a68
                0x0000000020000000                __reserved_ram_start__ = .
 *(.reserved_ram .reserved_ram.*)
                0x0000000020002a68                . = MAX (((__reserved_ram_start__ + 0x20002a68) - 0x20000000), .)
 *fill*         0x0000000020000000     0x2a68 
                0x0000000020002a68                __reserved_ram_end__ = (__reserved_ram_start__ + SIZEOF (.reserved_ram))
                0x0000000000002a68                __reserved_ram_size__ = SIZEOF (.reserved_ram)
                0x0000000020002a68                __reserved_ram_load_end__ = __reserved_ram_end__
                0x0000000000000001                . = ASSERT (((__reserved_ram_start__ == __reserved_ram_end__) || ((__reserved_ram_end__ >= __RAM_segment_start__) && (__reserved_ram_end__ <= __RAM_segment_end__))), error: .reserved_ram is too large to fit in RAM memory segment)
                0x0000000020002a68                __vectors_ram_load_start__ = 0x20002a68

.vectors_ram    0x0000000020002a68        0x0
                0x0000000020002a68                __vectors_ram_start__ = .
                0x0000000020002a68                __app_ram_start__ = __vectors_ram_start__
 *(.vectors_ram .vectors_ram.*)
                0x0000000020002a68                __vectors_ram_end__ = (__vectors_ram_start__ + SIZEOF (.vectors_ram))
                0x0000000000000000                __vectors_ram_size__ = SIZEOF (.vectors_ram)
                0x0000000020002a68                __vectors_ram_load_end__ = __vectors_ram_end__
                0x0000000000000001                . = ASSERT (((__vectors_ram_start__ == __vectors_ram_end__) || ((__vectors_ram_end__ >= __RAM_segment_start__) && (__vectors_ram_end__ <= __RAM_segment_end__))), error: .vectors_ram is too large to fit in RAM memory segment)
                0x0000000000000001                . = ASSERT ((__reserved_ram_end__ <= __vectors_ram_start__), error: section .reserved_ram overlaps absolute placed section .vectors_ram)
                0x0000000020002a68                __nrf_sections_run_load_start__ = ALIGN (__vectors_ram_end__, 0x4)

.nrf_sections_run
                0x0000000020002a68        0x0
                0x0000000020002a68                __nrf_sections_run_start__ = .
                0x0000000020002a68                __start_nrf_sections_run = __nrf_sections_run_start__
 *(.nrf_sections_run .nrf_sections_run.*)
                0x0000000020002a68                __nrf_sections_run_end__ = (__nrf_sections_run_start__ + SIZEOF (.nrf_sections_run))
                0x0000000000000000                __nrf_sections_run_size__ = SIZEOF (.nrf_sections_run)
                0x0000000020002a68                __nrf_sections_run_load_end__ = __nrf_sections_run_end__
                0x0000000000000001                . = ASSERT (((__nrf_sections_run_start__ == __nrf_sections_run_end__) || ((__nrf_sections_run_end__ >= __RAM_segment_start__) && (__nrf_sections_run_end__ <= __RAM_segment_end__))), error: .nrf_sections_run is too large to fit in RAM memory segment)
                0x0000000000000000                __reserved_flash_load_start__ = 0x0

.reserved_flash
                0x0000000000000000    0x23000
                0x0000000000000000                __reserved_flash_start__ = .
 *(.reserved_flash .reserved_flash.*)
                0x0000000000023000                . = MAX (((__reserved_flash_start__ + 0x23000) - 0x0), .)
 *fill*         0x0000000000000000    0x23000 
                0x0000000000023000                __reserved_flash_end__ = (__reserved_flash_start__ + SIZEOF (.reserved_flash))
                0x0000000000023000                __reserved_flash_size__ = SIZEOF (.reserved_flash)
                0x0000000000023000                __reserved_flash_load_end__ = __reserved_flash_end__
                0x0000000000000001                . = ASSERT (((__reserved_flash_start__ == __reserved_flash_end__) || ((__reserved_flash_end__ >= __FLASH_segment_start__) && (__reserved_flash_end__ <= __FLASH_segment_end__))), error: .reserved_flash is too large to fit in FLASH memory segment)
                0x0000000000023000                __vectors_load_start__ = 0x23000

.vectors        0x0000000000023000       0xdc
                0x0000000000023000                __vectors_start__ = .
 *(.vectors .vectors.*)
 .vectors       0x0000000000023000       0xdc Output/ble_app_uart_pca10040_s132 Release/Obj/ses_nrf52_Vectors.o
                0x0000000000023000                _vectors
                0x00000000000230dc                __vectors_end__ = (__vectors_start__ + SIZEOF (.vectors))
                0x00000000000000dc                __vectors_size__ = SIZEOF (.vectors)
                0x00000000000230dc                __vectors_load_end__ = __vectors_end__
                0x0000000000000001                . = ASSERT (((__vectors_start__ == __vectors_end__) || ((__vectors_end__ >= __FLASH_segment_start__) && (__vectors_end__ <= __FLASH_segment_end__))), error: .vectors is too large to fit in FLASH memory segment)
                0x0000000000000001                . = ASSERT ((__reserved_flash_end__ <= __vectors_start__), error: section .reserved_flash overlaps absolute placed section .vectors)
                0x00000000000230dc                __init_load_start__ = ALIGN (__vectors_end__, 0x4)

.init           0x00000000000230dc      0x218
                0x00000000000230dc                __init_start__ = .
 *(.init .init.*)
 .init          0x00000000000230dc      0x160 Output/ble_app_uart_pca10040_s132 Release/Obj/thumb_crt0.o
                0x00000000000230dc                _start
                0x0000000000023192                exit
 .init          0x000000000002323c       0x58 Output/ble_app_uart_pca10040_s132 Release/Obj/ses_nRF_Startup.o
                0x000000000002323c                Reset_Handler
                0x0000000000023260                InitializeUserMemorySections
 .init          0x0000000000023294       0x60 Output/ble_app_uart_pca10040_s132 Release/Obj/ses_nrf52_Vectors.o
                0x0000000000023294                NMI_Handler
                0x0000000000023296                HardFault_Handler
                0x0000000000023298                MemoryManagement_Handler
                0x000000000002329a                BusFault_Handler
                0x000000000002329c                UsageFault_Handler
                0x000000000002329e                SVC_Handler
                0x00000000000232a0                DebugMon_Handler
                0x00000000000232a2                PendSV_Handler
                0x00000000000232a4                SysTick_Handler
                0x00000000000232aa                RADIO_IRQHandler
                0x00000000000232b2                NFCT_IRQHandler
                0x00000000000232b8                TIMER0_IRQHandler
                0x00000000000232be                RTC0_IRQHandler
                0x00000000000232c0                TEMP_IRQHandler
                0x00000000000232c2                RNG_IRQHandler
                0x00000000000232c4                ECB_IRQHandler
                0x00000000000232c6                CCM_AAR_IRQHandler
                0x00000000000232c8                WDT_IRQHandler
                0x00000000000232cc                QDEC_IRQHandler
                0x00000000000232ce                COMP_LPCOMP_IRQHandler
                0x00000000000232d2                SWI1_EGU1_IRQHandler
                0x00000000000232d6                SWI3_EGU3_IRQHandler
                0x00000000000232d8                SWI4_EGU4_IRQHandler
                0x00000000000232da                SWI5_EGU5_IRQHandler
                0x00000000000232e0                PWM0_IRQHandler
                0x00000000000232e2                PDM_IRQHandler
                0x00000000000232e4                MWU_IRQHandler
                0x00000000000232e6                PWM1_IRQHandler
                0x00000000000232e8                PWM2_IRQHandler
                0x00000000000232ea                SPIM2_SPIS2_SPI2_IRQHandler
                0x00000000000232ec                RTC2_IRQHandler
                0x00000000000232ee                I2S_IRQHandler
                0x00000000000232f0                FPU_IRQHandler
                0x00000000000232f4                __init_end__ = (__init_start__ + SIZEOF (.init))
                0x0000000000000218                __init_size__ = SIZEOF (.init)
                0x00000000000232f4                __init_load_end__ = __init_end__
                0x0000000000000001                . = ASSERT (((__init_start__ == __init_end__) || ((__init_end__ >= __FLASH_segment_start__) && (__init_end__ <= __FLASH_segment_end__))), error: .init is too large to fit in FLASH memory segment)
                0x00000000000232f4                __init_rodata_load_start__ = ALIGN (__init_end__, 0x4)

.init_rodata    0x00000000000232f4        0x0
                0x00000000000232f4                __init_rodata_start__ = .
 *(.init_rodata .init_rodata.*)
                0x00000000000232f4                __init_rodata_end__ = (__init_rodata_start__ + SIZEOF (.init_rodata))
                0x0000000000000000                __init_rodata_size__ = SIZEOF (.init_rodata)
                0x00000000000232f4                __init_rodata_load_end__ = __init_rodata_end__
                0x0000000000000001                . = ASSERT (((__init_rodata_start__ == __init_rodata_end__) || ((__init_rodata_end__ >= __FLASH_segment_start__) && (__init_rodata_end__ <= __FLASH_segment_end__))), error: .init_rodata is too large to fit in FLASH memory segment)
                0x00000000000232f4                __text_load_start__ = ALIGN (__init_rodata_end__, 0x4)

.text           0x00000000000232f4     0x7d40
                0x00000000000232f4                __text_start__ = .
 *(.text .text.* .glue_7t .glue_7 .gnu.linkonce.t.* .gcc_except_table .ARM.extab* .gnu.linkonce.armextab.*)
 .glue_7        0x00000000000232f4        0x0 linker stubs
 .glue_7t       0x00000000000232f4        0x0 linker stubs
 .text.__aeabi_read_tp
                0x00000000000232f4        0x8 Output/ble_app_uart_pca10040_s132 Release/Obj/thumb_crt0.o
                0x00000000000232f4                __aeabi_read_tp
 .text.detection_delay_timeout_handler
                0x00000000000232fc       0x8c Output/ble_app_uart_pca10040_s132 Release/Obj/app_button.o
 .text.gpiote_event_handler
                0x0000000000023388       0x60 Output/ble_app_uart_pca10040_s132 Release/Obj/app_button.o
 .text.app_button_init
                0x00000000000233e8       0xa4 Output/ble_app_uart_pca10040_s132 Release/Obj/app_button.o
                0x00000000000233e8                app_button_init
 .text.app_button_enable
                0x000000000002348c       0x2c Output/ble_app_uart_pca10040_s132 Release/Obj/app_button.o
                0x000000000002348c                app_button_enable
 .text.app_error_handler_bare
                0x00000000000234b8       0x1c Output/ble_app_uart_pca10040_s132 Release/Obj/app_error.o
                0x00000000000234b8                app_error_handler_bare
 .text.app_error_fault_handler
                0x00000000000234d4       0x30 Output/ble_app_uart_pca10040_s132 Release/Obj/app_error_weak.o
                0x00000000000234d4                app_error_fault_handler
 .text.app_fifo_init
                0x0000000000023504       0x1e Output/ble_app_uart_pca10040_s132 Release/Obj/app_fifo.o
                0x0000000000023504                app_fifo_init
 .text.app_fifo_put
                0x0000000000023522       0x24 Output/ble_app_uart_pca10040_s132 Release/Obj/app_fifo.o
                0x0000000000023522                app_fifo_put
 .text.app_fifo_get
                0x0000000000023546       0x22 Output/ble_app_uart_pca10040_s132 Release/Obj/app_fifo.o
                0x0000000000023546                app_fifo_get
 .text.user_op_alloc
                0x0000000000023568       0x2c Output/ble_app_uart_pca10040_s132 Release/Obj/app_timer.o
 .text.timer_stop_op_schedule
                0x0000000000023594       0x50 Output/ble_app_uart_pca10040_s132 Release/Obj/app_timer.o
 .text.nrf_delay_us.part.0.constprop.4
                0x00000000000235e4       0x8c Output/ble_app_uart_pca10040_s132 Release/Obj/app_timer.o
 .text.rtc1_stop
                0x0000000000023670       0x44 Output/ble_app_uart_pca10040_s132 Release/Obj/app_timer.o
 .text.RTC1_IRQHandler
                0x00000000000236b4       0x9c Output/ble_app_uart_pca10040_s132 Release/Obj/app_timer.o
                0x00000000000236b4                RTC1_IRQHandler
 .text.SWI0_EGU0_IRQHandler
                0x0000000000023750      0x2a4 Output/ble_app_uart_pca10040_s132 Release/Obj/app_timer.o
                0x0000000000023750                SWI0_EGU0_IRQHandler
 .text.app_timer_init
                0x00000000000239f4       0x64 Output/ble_app_uart_pca10040_s132 Release/Obj/app_timer.o
                0x00000000000239f4                app_timer_init
 .text.app_timer_create
                0x0000000000023a58       0x24 Output/ble_app_uart_pca10040_s132 Release/Obj/app_timer.o
                0x0000000000023a58                app_timer_create
 .text.app_timer_start
                0x0000000000023a7c       0x8c Output/ble_app_uart_pca10040_s132 Release/Obj/app_timer.o
                0x0000000000023a7c                app_timer_start
 .text.app_timer_stop
                0x0000000000023b08       0x20 Output/ble_app_uart_pca10040_s132 Release/Obj/app_timer.o
                0x0000000000023b08                app_timer_stop
 .text.uart_event_handler
                0x0000000000023b28       0xc4 Output/ble_app_uart_pca10040_s132 Release/Obj/app_uart_fifo.o
 .text.app_uart_init
                0x0000000000023bec       0xc4 Output/ble_app_uart_pca10040_s132 Release/Obj/app_uart_fifo.o
                0x0000000000023bec                app_uart_init
 .text.app_uart_get
                0x0000000000023cb0       0x3c Output/ble_app_uart_pca10040_s132 Release/Obj/app_uart_fifo.o
                0x0000000000023cb0                app_uart_get
 .text.app_util_critical_region_enter
                0x0000000000023cec       0x48 Output/ble_app_uart_pca10040_s132 Release/Obj/app_util_platform.o
                0x0000000000023cec                app_util_critical_region_enter
 .text.app_util_critical_region_exit
                0x0000000000023d34       0x2c Output/ble_app_uart_pca10040_s132 Release/Obj/app_util_platform.o
                0x0000000000023d34                app_util_critical_region_exit
 .text.nrf_atfifo_item_get
                0x0000000000023d60       0x56 Output/ble_app_uart_pca10040_s132 Release/Obj/nrf_atfifo.o
                0x0000000000023d60                nrf_atfifo_item_get
 .text.nrf_atfifo_item_free
                0x0000000000023db6       0x20 Output/ble_app_uart_pca10040_s132 Release/Obj/nrf_atfifo.o
                0x0000000000023db6                nrf_atfifo_item_free
 *fill*         0x0000000000023dd6        0x2 
 .text.nrf_fstorage_is_busy
                0x0000000000023dd8       0x48 Output/ble_app_uart_pca10040_s132 Release/Obj/nrf_fstorage.o
                0x0000000000023dd8                nrf_fstorage_is_busy
 .text.sd_flash_write
                0x0000000000023e20        0x4 Output/ble_app_uart_pca10040_s132 Release/Obj/nrf_fstorage_sd.o
 .text.sd_flash_page_erase
                0x0000000000023e24        0x4 Output/ble_app_uart_pca10040_s132 Release/Obj/nrf_fstorage_sd.o
 .text.event_send
                0x0000000000023e28       0x4a Output/ble_app_uart_pca10040_s132 Release/Obj/nrf_fstorage_sd.o
 *fill*         0x0000000000023e72        0x2 
 .text.nrf_fstorage_sdh_req_handler
                0x0000000000023e74       0x14 Output/ble_app_uart_pca10040_s132 Release/Obj/nrf_fstorage_sd.o
                0x0000000000023e74                nrf_fstorage_sdh_req_handler
 .text.nrf_fstorage_sys_evt_handler
                0x0000000000023e88       0xa8 Output/ble_app_uart_pca10040_s132 Release/Obj/nrf_fstorage_sd.o
                0x0000000000023e88                nrf_fstorage_sys_evt_handler
 .text.queue_process
                0x0000000000023f30       0x98 Output/ble_app_uart_pca10040_s132 Release/Obj/nrf_fstorage_sd.o
 .text.nrf_fstorage_sdh_state_handler
                0x0000000000023fc8       0x20 Output/ble_app_uart_pca10040_s132 Release/Obj/nrf_fstorage_sd.o
                0x0000000000023fc8                nrf_fstorage_sdh_state_handler
 .text.nrf_section_iter_init
                0x0000000000023fe8       0x14 Output/ble_app_uart_pca10040_s132 Release/Obj/nrf_section_iter.o
                0x0000000000023fe8                nrf_section_iter_init
 .text.nrf_section_iter_next
                0x0000000000023ffc       0x18 Output/ble_app_uart_pca10040_s132 Release/Obj/nrf_section_iter.o
                0x0000000000023ffc                nrf_section_iter_next
 .text.sdk_mapped_flags_first_key_index_get
                0x0000000000024014       0x1e Output/ble_app_uart_pca10040_s132 Release/Obj/sdk_mapped_flags.o
                0x0000000000024014                sdk_mapped_flags_first_key_index_get
 .text.sdk_mapped_flags_bulk_update_by_key
                0x0000000000024032       0x40 Output/ble_app_uart_pca10040_s132 Release/Obj/sdk_mapped_flags.o
                0x0000000000024032                sdk_mapped_flags_bulk_update_by_key
 .text.sdk_mapped_flags_update_by_key
                0x0000000000024072       0x12 Output/ble_app_uart_pca10040_s132 Release/Obj/sdk_mapped_flags.o
                0x0000000000024072                sdk_mapped_flags_update_by_key
 .text.sdk_mapped_flags_key_list_get
                0x0000000000024084       0x30 Output/ble_app_uart_pca10040_s132 Release/Obj/sdk_mapped_flags.o
                0x0000000000024084                sdk_mapped_flags_key_list_get
 .text.nrf_delay_us
                0x00000000000240b4       0x8c Output/ble_app_uart_pca10040_s132 Release/Obj/mpu9250.o
 .text.twi_handler
                0x0000000000024140       0x10 Output/ble_app_uart_pca10040_s132 Release/Obj/mpu9250.o
                0x0000000000024140                twi_handler
 .text.getAres  0x0000000000024150       0x34 Output/ble_app_uart_pca10040_s132 Release/Obj/mpu9250.o
                0x0000000000024150                getAres
 .text.twi_init
                0x0000000000024184       0x44 Output/ble_app_uart_pca10040_s132 Release/Obj/mpu9250.o
                0x0000000000024184                twi_init
 .text.rx_imu_data
                0x00000000000241c8       0x30 Output/ble_app_uart_pca10040_s132 Release/Obj/mpu9250.o
                0x00000000000241c8                rx_imu_data
 .text.tx_imu_data
                0x00000000000241f8       0x34 Output/ble_app_uart_pca10040_s132 Release/Obj/mpu9250.o
                0x00000000000241f8                tx_imu_data
 .text.resetMPU9250
                0x000000000002422c       0x14 Output/ble_app_uart_pca10040_s132 Release/Obj/mpu9250.o
                0x000000000002422c                resetMPU9250
 .text.calibrateMPU9250
                0x0000000000024240      0x3f0 Output/ble_app_uart_pca10040_s132 Release/Obj/mpu9250.o
                0x0000000000024240                calibrateMPU9250
 .text.initMPU9250
                0x0000000000024630       0xe8 Output/ble_app_uart_pca10040_s132 Release/Obj/mpu9250.o
                0x0000000000024630                initMPU9250
 .text.imu_init
                0x0000000000024718       0x84 Output/ble_app_uart_pca10040_s132 Release/Obj/mpu9250.o
                0x0000000000024718                imu_init
 .text.imu_loop
                0x000000000002479c      0x16c Output/ble_app_uart_pca10040_s132 Release/Obj/mpu9250.o
                0x000000000002479c                imu_loop
 .text.block_dev_sdc_ioctl
                0x0000000000024908       0x1e Output/ble_app_uart_pca10040_s132 Release/Obj/nrf_block_dev_sdc.o
 .text.block_dev_sdc_geometry
                0x0000000000024926        0x4 Output/ble_app_uart_pca10040_s132 Release/Obj/nrf_block_dev_sdc.o
 .text.unlikely.sdc_wait
                0x000000000002492a        0xc Output/ble_app_uart_pca10040_s132 Release/Obj/nrf_block_dev_sdc.o
 *fill*         0x0000000000024936        0x2 
 .text.block_dev_sdc_write_req
                0x0000000000024938       0x7c Output/ble_app_uart_pca10040_s132 Release/Obj/nrf_block_dev_sdc.o
 .text.block_dev_sdc_read_req
                0x00000000000249b4       0x7c Output/ble_app_uart_pca10040_s132 Release/Obj/nrf_block_dev_sdc.o
 .text.block_dev_sdc_uninit
                0x0000000000024a30       0x54 Output/ble_app_uart_pca10040_s132 Release/Obj/nrf_block_dev_sdc.o
 .text.block_dev_sdc_init
                0x0000000000024a84       0x7c Output/ble_app_uart_pca10040_s132 Release/Obj/nrf_block_dev_sdc.o
 .text.sdc_handler
                0x0000000000024b00       0x9c Output/ble_app_uart_pca10040_s132 Release/Obj/nrf_block_dev_sdc.o
 .text.sdc_spi_transfer
                0x0000000000024b9c       0x3c Output/ble_app_uart_pca10040_s132 Release/Obj/app_sdcard.o
 .text.sdc_pt_sub_data_read
                0x0000000000024bd8      0x164 Output/ble_app_uart_pca10040_s132 Release/Obj/app_sdcard.o
 .text.sdc_cmd  0x0000000000024d3c       0xb4 Output/ble_app_uart_pca10040_s132 Release/Obj/app_sdcard.o
 .text.app_sdc_block_read
                0x0000000000024df0       0x5c Output/ble_app_uart_pca10040_s132 Release/Obj/app_sdcard.o
                0x0000000000024df0                app_sdc_block_read
 .text.app_sdc_block_write
                0x0000000000024e4c       0x70 Output/ble_app_uart_pca10040_s132 Release/Obj/app_sdcard.o
                0x0000000000024e4c                app_sdc_block_write
 .text.app_sdc_init
                0x0000000000024ebc       0xe0 Output/ble_app_uart_pca10040_s132 Release/Obj/app_sdcard.o
                0x0000000000024ebc                app_sdc_init
 .text.app_sdc_uninit
                0x0000000000024f9c       0x44 Output/ble_app_uart_pca10040_s132 Release/Obj/app_sdcard.o
                0x0000000000024f9c                app_sdc_uninit
 .text.spi_handler
                0x0000000000024fe0      0x704 Output/ble_app_uart_pca10040_s132 Release/Obj/app_sdcard.o
 .text.app_sdc_busy_check
                0x00000000000256e4       0x20 Output/ble_app_uart_pca10040_s132 Release/Obj/app_sdcard.o
                0x00000000000256e4                app_sdc_busy_check
 .text.app_sdc_info_get
                0x0000000000025704       0x18 Output/ble_app_uart_pca10040_s132 Release/Obj/app_sdcard.o
                0x0000000000025704                app_sdc_info_get
 .text.bsp_board_led_state_get
                0x000000000002571c       0x1c Output/ble_app_uart_pca10040_s132 Release/Obj/boards.o
                0x000000000002571c                bsp_board_led_state_get
 .text.bsp_board_led_on
                0x0000000000025738       0x18 Output/ble_app_uart_pca10040_s132 Release/Obj/boards.o
                0x0000000000025738                bsp_board_led_on
 .text.bsp_board_led_off
                0x0000000000025750       0x18 Output/ble_app_uart_pca10040_s132 Release/Obj/boards.o
                0x0000000000025750                bsp_board_led_off
 .text.bsp_board_leds_off
                0x0000000000025768       0x1e Output/ble_app_uart_pca10040_s132 Release/Obj/boards.o
                0x0000000000025768                bsp_board_leds_off
 .text.bsp_board_leds_on
                0x0000000000025786       0x1e Output/ble_app_uart_pca10040_s132 Release/Obj/boards.o
                0x0000000000025786                bsp_board_leds_on
 .text.bsp_board_led_invert
                0x00000000000257a4       0x24 Output/ble_app_uart_pca10040_s132 Release/Obj/boards.o
                0x00000000000257a4                bsp_board_led_invert
 .text.bsp_board_leds_init
                0x00000000000257c8       0x1a Output/ble_app_uart_pca10040_s132 Release/Obj/boards.o
                0x00000000000257c8                bsp_board_leds_init
 *fill*         0x00000000000257e2        0x2 
 .text.bsp_board_button_state_get
                0x00000000000257e4       0x1c Output/ble_app_uart_pca10040_s132 Release/Obj/boards.o
                0x00000000000257e4                bsp_board_button_state_get
 .text.bsp_board_pin_to_button_idx
                0x0000000000025800       0x24 Output/ble_app_uart_pca10040_s132 Release/Obj/boards.o
                0x0000000000025800                bsp_board_pin_to_button_idx
 .text.bsp_board_button_idx_to_pin
                0x0000000000025824        0xc Output/ble_app_uart_pca10040_s132 Release/Obj/boards.o
                0x0000000000025824                bsp_board_button_idx_to_pin
 .text.clock_clk_started_notify
                0x0000000000025830       0x28 Output/ble_app_uart_pca10040_s132 Release/Obj/nrf_drv_clock.o
 .text.soc_evt_handler
                0x0000000000025858        0x8 Output/ble_app_uart_pca10040_s132 Release/Obj/nrf_drv_clock.o
 .text.lfclk_stop
                0x0000000000025860       0x24 Output/ble_app_uart_pca10040_s132 Release/Obj/nrf_drv_clock.o
 .text.nrf_drv_clock_init
                0x0000000000025884       0x44 Output/ble_app_uart_pca10040_s132 Release/Obj/nrf_drv_clock.o
                0x0000000000025884                nrf_drv_clock_init
 .text.nrf_drv_clock_lfclk_release
                0x00000000000258c8       0x30 Output/ble_app_uart_pca10040_s132 Release/Obj/nrf_drv_clock.o
                0x00000000000258c8                nrf_drv_clock_lfclk_release
 .text.sd_state_evt_handler
                0x00000000000258f8       0x5c Output/ble_app_uart_pca10040_s132 Release/Obj/nrf_drv_clock.o
 .text.POWER_CLOCK_IRQHandler
                0x0000000000025954       0x5c Output/ble_app_uart_pca10040_s132 Release/Obj/nrf_drv_clock.o
                0x0000000000025954                POWER_CLOCK_IRQHandler
 .text.nrf_drv_common_irq_enable
                0x00000000000259b0       0x4c Output/ble_app_uart_pca10040_s132 Release/Obj/nrf_drv_common.o
                0x00000000000259b0                nrf_drv_common_irq_enable
 .text.nrf_gpiote_event_clear
                0x00000000000259fc       0x18 Output/ble_app_uart_pca10040_s132 Release/Obj/nrf_drv_gpiote.o
 .text.nrf_gpio_cfg_sense_set
                0x0000000000025a14       0x20 Output/ble_app_uart_pca10040_s132 Release/Obj/nrf_drv_gpiote.o
 .text.channel_free
                0x0000000000025a34       0x1c Output/ble_app_uart_pca10040_s132 Release/Obj/nrf_drv_gpiote.o
 .text.nrf_drv_gpiote_init
                0x0000000000025a50       0x58 Output/ble_app_uart_pca10040_s132 Release/Obj/nrf_drv_gpiote.o
                0x0000000000025a50                nrf_drv_gpiote_init
 .text.nrf_drv_gpiote_is_init
                0x0000000000025aa8       0x14 Output/ble_app_uart_pca10040_s132 Release/Obj/nrf_drv_gpiote.o
                0x0000000000025aa8                nrf_drv_gpiote_is_init
 .text.nrf_drv_gpiote_in_init
                0x0000000000025abc       0xc0 Output/ble_app_uart_pca10040_s132 Release/Obj/nrf_drv_gpiote.o
                0x0000000000025abc                nrf_drv_gpiote_in_init
 .text.nrf_drv_gpiote_in_event_enable
                0x0000000000025b7c       0x88 Output/ble_app_uart_pca10040_s132 Release/Obj/nrf_drv_gpiote.o
                0x0000000000025b7c                nrf_drv_gpiote_in_event_enable
 .text.nrf_drv_gpiote_in_is_set
                0x0000000000025c04       0x12 Output/ble_app_uart_pca10040_s132 Release/Obj/nrf_drv_gpiote.o
                0x0000000000025c04                nrf_drv_gpiote_in_is_set
 *fill*         0x0000000000025c16        0x2 
 .text.GPIOTE_IRQHandler
                0x0000000000025c18      0x184 Output/ble_app_uart_pca10040_s132 Release/Obj/nrf_drv_gpiote.o
                0x0000000000025c18                GPIOTE_IRQHandler
 .text.nrf_uart_event_clear
                0x0000000000025d9c       0x10 Output/ble_app_uart_pca10040_s132 Release/Obj/nrf_drv_uart.o
 .text.nrf_uarte_event_clear
                0x0000000000025dac       0x10 Output/ble_app_uart_pca10040_s132 Release/Obj/nrf_drv_uart.o
 .text.tx_byte  0x0000000000025dbc       0x22 Output/ble_app_uart_pca10040_s132 Release/Obj/nrf_drv_uart.o
 .text.tx_done_event
                0x0000000000025dde       0x20 Output/ble_app_uart_pca10040_s132 Release/Obj/nrf_drv_uart.o
 .text.rx_enable.isra.1
                0x0000000000025dfe       0x20 Output/ble_app_uart_pca10040_s132 Release/Obj/nrf_drv_uart.o
 .text.rx_byte  0x0000000000025e1e       0x2e Output/ble_app_uart_pca10040_s132 Release/Obj/nrf_drv_uart.o
 .text.rx_done_event.constprop.6
                0x0000000000025e4c       0x24 Output/ble_app_uart_pca10040_s132 Release/Obj/nrf_drv_uart.o
 .text.nrf_drv_uart_init
                0x0000000000025e70      0x1b4 Output/ble_app_uart_pca10040_s132 Release/Obj/nrf_drv_uart.o
                0x0000000000025e70                nrf_drv_uart_init
 .text.nrf_drv_uart_tx
                0x0000000000026024      0x108 Output/ble_app_uart_pca10040_s132 Release/Obj/nrf_drv_uart.o
                0x0000000000026024                nrf_drv_uart_tx
 .text.nrf_drv_uart_rx
                0x000000000002612c      0x18c Output/ble_app_uart_pca10040_s132 Release/Obj/nrf_drv_uart.o
                0x000000000002612c                nrf_drv_uart_rx
 .text.nrf_drv_uart_rx_enable
                0x00000000000262b8       0x28 Output/ble_app_uart_pca10040_s132 Release/Obj/nrf_drv_uart.o
                0x00000000000262b8                nrf_drv_uart_rx_enable
 .text.UARTE0_UART0_IRQHandler
                0x00000000000262e0      0x1ec Output/ble_app_uart_pca10040_s132 Release/Obj/nrf_drv_uart.o
                0x00000000000262e0                UARTE0_UART0_IRQHandler
 .text.nrf_saadc_event_clear
                0x00000000000264cc       0x18 Output/ble_app_uart_pca10040_s132 Release/Obj/nrf_drv_saadc.o
 .text.SAADC_IRQHandler
                0x00000000000264e4      0x160 Output/ble_app_uart_pca10040_s132 Release/Obj/nrf_drv_saadc.o
                0x00000000000264e4                SAADC_IRQHandler
 .text.irq_handler
                0x0000000000026644       0x4e Output/ble_app_uart_pca10040_s132 Release/Obj/nrf_drv_timer.o
 *fill*         0x0000000000026692        0x2 
 .text.TIMER1_IRQHandler
                0x0000000000026694       0x14 Output/ble_app_uart_pca10040_s132 Release/Obj/nrf_drv_timer.o
                0x0000000000026694                TIMER1_IRQHandler
 .text.TIMER2_IRQHandler
                0x00000000000266a8       0x14 Output/ble_app_uart_pca10040_s132 Release/Obj/nrf_drv_timer.o
                0x00000000000266a8                TIMER2_IRQHandler
 .text.TIMER3_IRQHandler
                0x00000000000266bc       0x14 Output/ble_app_uart_pca10040_s132 Release/Obj/nrf_drv_timer.o
                0x00000000000266bc                TIMER3_IRQHandler
 .text.TIMER4_IRQHandler
                0x00000000000266d0       0x14 Output/ble_app_uart_pca10040_s132 Release/Obj/nrf_drv_timer.o
                0x00000000000266d0                TIMER4_IRQHandler
 .text.nrf_twim_event_clear
                0x00000000000266e4       0x10 Output/ble_app_uart_pca10040_s132 Release/Obj/nrf_drv_twi.o
 .text.nrf_delay_us.part.1.constprop.3
                0x00000000000266f4       0x8c Output/ble_app_uart_pca10040_s132 Release/Obj/nrf_drv_twi.o
 .text.nrf_drv_twi_init
                0x0000000000026780      0x124 Output/ble_app_uart_pca10040_s132 Release/Obj/nrf_drv_twi.o
                0x0000000000026780                nrf_drv_twi_init
 .text.nrf_drv_twi_enable
                0x00000000000268a4       0x20 Output/ble_app_uart_pca10040_s132 Release/Obj/nrf_drv_twi.o
                0x00000000000268a4                nrf_drv_twi_enable
 .text.nrf_drv_twi_xfer
                0x00000000000268c4      0x274 Output/ble_app_uart_pca10040_s132 Release/Obj/nrf_drv_twi.o
                0x00000000000268c4                nrf_drv_twi_xfer
 .text.nrf_drv_twi_tx
                0x0000000000026b38       0x28 Output/ble_app_uart_pca10040_s132 Release/Obj/nrf_drv_twi.o
                0x0000000000026b38                nrf_drv_twi_tx
 .text.nrf_drv_twi_rx
                0x0000000000026b60       0x26 Output/ble_app_uart_pca10040_s132 Release/Obj/nrf_drv_twi.o
                0x0000000000026b60                nrf_drv_twi_rx
 *fill*         0x0000000000026b86        0x2 
 .text.SPIM0_SPIS0_TWIM0_TWIS0_SPI0_TWI0_IRQHandler
                0x0000000000026b88      0x14c Output/ble_app_uart_pca10040_s132 Release/Obj/nrf_drv_twi.o
                0x0000000000026b88                SPIM0_SPIS0_TWIM0_TWIS0_SPI0_TWI0_IRQHandler
 .text.nrf_drv_spi_init
                0x0000000000026cd4      0x134 Output/ble_app_uart_pca10040_s132 Release/Obj/nrf_drv_spi.o
                0x0000000000026cd4                nrf_drv_spi_init
 .text.nrf_drv_spi_uninit
                0x0000000000026e08       0x78 Output/ble_app_uart_pca10040_s132 Release/Obj/nrf_drv_spi.o
                0x0000000000026e08                nrf_drv_spi_uninit
 .text.nrf_drv_spi_xfer
                0x0000000000026e80      0x120 Output/ble_app_uart_pca10040_s132 Release/Obj/nrf_drv_spi.o
                0x0000000000026e80                nrf_drv_spi_xfer
 .text.nrf_drv_spi_transfer
                0x0000000000026fa0       0x20 Output/ble_app_uart_pca10040_s132 Release/Obj/nrf_drv_spi.o
                0x0000000000026fa0                nrf_drv_spi_transfer
 .text.SPIM1_SPIS1_TWIM1_TWIS1_SPI1_TWI1_IRQHandler
                0x0000000000026fc0       0x4c Output/ble_app_uart_pca10040_s132 Release/Obj/nrf_drv_spi.o
                0x0000000000026fc0                SPIM1_SPIS1_TWIM1_TWIS1_SPI1_TWI1_IRQHandler
 .text.alert_timer_handler
                0x000000000002700c        0x6 Output/ble_app_uart_pca10040_s132 Release/Obj/bsp.o
 *fill*         0x0000000000027012        0x2 
 .text.leds_off
                0x0000000000027014       0x2c Output/ble_app_uart_pca10040_s132 Release/Obj/bsp.o
 .text.bsp_led_indication
                0x0000000000027040      0x1f0 Output/ble_app_uart_pca10040_s132 Release/Obj/bsp.o
 .text.bsp_button_event_handler
                0x0000000000027230       0x9c Output/ble_app_uart_pca10040_s132 Release/Obj/bsp.o
 .text.button_timer_handler
                0x00000000000272cc        0x8 Output/ble_app_uart_pca10040_s132 Release/Obj/bsp.o
 .text.leds_timer_handler
                0x00000000000272d4       0x1c Output/ble_app_uart_pca10040_s132 Release/Obj/bsp.o
 .text.bsp_button_is_pressed
                0x00000000000272f0        0x4 Output/ble_app_uart_pca10040_s132 Release/Obj/bsp.o
                0x00000000000272f0                bsp_button_is_pressed
 .text.bsp_indication_set
                0x00000000000272f4       0x18 Output/ble_app_uart_pca10040_s132 Release/Obj/bsp.o
                0x00000000000272f4                bsp_indication_set
 .text.bsp_init
                0x000000000002730c       0x98 Output/ble_app_uart_pca10040_s132 Release/Obj/bsp.o
                0x000000000002730c                bsp_init
 .text.bsp_event_to_button_action_assign
                0x00000000000273a4       0x4c Output/ble_app_uart_pca10040_s132 Release/Obj/bsp.o
                0x00000000000273a4                bsp_event_to_button_action_assign
 .text.bsp_wakeup_button_enable
                0x00000000000273f0       0x28 Output/ble_app_uart_pca10040_s132 Release/Obj/bsp.o
                0x00000000000273f0                bsp_wakeup_button_enable
 .text.advertising_buttons_configure
                0x0000000000027418       0x36 Output/ble_app_uart_pca10040_s132 Release/Obj/bsp_btn_ble.o
 *fill*         0x000000000002744e        0x2 
 .text.ble_evt_handler
                0x0000000000027450       0x7c Output/ble_app_uart_pca10040_s132 Release/Obj/bsp_btn_ble.o
 .text.bsp_btn_ble_sleep_mode_prepare
                0x00000000000274cc       0x1e Output/ble_app_uart_pca10040_s132 Release/Obj/bsp_btn_ble.o
                0x00000000000274cc                bsp_btn_ble_sleep_mode_prepare
 *fill*         0x00000000000274ea        0x2 
 .text.bsp_btn_ble_init
                0x00000000000274ec       0x40 Output/ble_app_uart_pca10040_s132 Release/Obj/bsp_btn_ble.o
                0x00000000000274ec                bsp_btn_ble_init
 .text.sd_ble_gap_disconnect
                0x000000000002752c        0x4 Output/ble_app_uart_pca10040_s132 Release/Obj/main.o
 .text.sd_power_system_off
                0x0000000000027530        0x4 Output/ble_app_uart_pca10040_s132 Release/Obj/main.o
 .text.bsp_event_handler
                0x0000000000027534       0x54 Output/ble_app_uart_pca10040_s132 Release/Obj/main.o
                0x0000000000027534                bsp_event_handler
 .text.uart_event_handle
                0x0000000000027588       0x7c Output/ble_app_uart_pca10040_s132 Release/Obj/main.o
                0x0000000000027588                uart_event_handle
 .text.gpio_init
                0x0000000000027604       0x32 Output/ble_app_uart_pca10040_s132 Release/Obj/main.o
                0x0000000000027604                gpio_init
 *fill*         0x0000000000027636        0x2 
 .text.startup.main
                0x0000000000027638       0x88 Output/ble_app_uart_pca10040_s132 Release/Obj/main.o
                0x0000000000027638                main
 .text.sd_ble_gap_addr_get
                0x00000000000276c0        0x4 Output/ble_app_uart_pca10040_s132 Release/Obj/ble_advdata.o
 .text.sd_ble_gap_adv_data_set
                0x00000000000276c4        0x4 Output/ble_app_uart_pca10040_s132 Release/Obj/ble_advdata.o
 .text.sd_ble_gap_appearance_get
                0x00000000000276c8        0x4 Output/ble_app_uart_pca10040_s132 Release/Obj/ble_advdata.o
 .text.sd_ble_gap_device_name_get
                0x00000000000276cc        0x4 Output/ble_app_uart_pca10040_s132 Release/Obj/ble_advdata.o
 .text.sd_ble_uuid_encode
                0x00000000000276d0        0x4 Output/ble_app_uart_pca10040_s132 Release/Obj/ble_advdata.o
 .text.uuid_list_sized_encode
                0x00000000000276d4       0xa4 Output/ble_app_uart_pca10040_s132 Release/Obj/ble_advdata.o
 .text.uuid_list_encode
                0x0000000000027778       0x34 Output/ble_app_uart_pca10040_s132 Release/Obj/ble_advdata.o
 .text.ble_advdata_encode
                0x00000000000277ac      0x37a Output/ble_app_uart_pca10040_s132 Release/Obj/ble_advdata.o
                0x00000000000277ac                ble_advdata_encode
 .text.ble_advdata_set
                0x0000000000027b26       0x66 Output/ble_app_uart_pca10040_s132 Release/Obj/ble_advdata.o
                0x0000000000027b26                ble_advdata_set
 .text.sd_ble_gap_adv_start
                0x0000000000027b8c        0x4 Output/ble_app_uart_pca10040_s132 Release/Obj/ble_advertising.o
 .text.sd_ble_gap_adv_stop
                0x0000000000027b90        0x4 Output/ble_app_uart_pca10040_s132 Release/Obj/ble_advertising.o
 .text.ble_advertising_start
                0x0000000000027b94      0x1c0 Output/ble_app_uart_pca10040_s132 Release/Obj/ble_advertising.o
                0x0000000000027b94                ble_advertising_start
 .text.ble_advertising_on_ble_evt
                0x0000000000027d54       0x64 Output/ble_app_uart_pca10040_s132 Release/Obj/ble_advertising.o
                0x0000000000027d54                ble_advertising_on_ble_evt
 .text.ble_advertising_on_sys_evt
                0x0000000000027db8       0x2a Output/ble_app_uart_pca10040_s132 Release/Obj/ble_advertising.o
                0x0000000000027db8                ble_advertising_on_sys_evt
 .text.ble_advertising_restart_without_whitelist
                0x0000000000027de2       0x3c Output/ble_app_uart_pca10040_s132 Release/Obj/ble_advertising.o
                0x0000000000027de2                ble_advertising_restart_without_whitelist
 *fill*         0x0000000000027e1e        0x2 
 .text.instance_get
                0x0000000000027e20       0x14 Output/ble_app_uart_pca10040_s132 Release/Obj/ble_conn_params.o
 .text.send_error_evt
                0x0000000000027e34       0x10 Output/ble_app_uart_pca10040_s132 Release/Obj/ble_conn_params.o
 .text.conn_params_negotiation
                0x0000000000027e44       0x48 Output/ble_app_uart_pca10040_s132 Release/Obj/ble_conn_params.o
 .text.is_conn_params_ok.constprop.3
                0x0000000000027e8c       0x3c Output/ble_app_uart_pca10040_s132 Release/Obj/ble_conn_params.o
 .text.ble_evt_handler
                0x0000000000027ec8       0xdc Output/ble_app_uart_pca10040_s132 Release/Obj/ble_conn_params.o
 .text.ble_evt_handler
                0x0000000000027fa4      0x108 Output/ble_app_uart_pca10040_s132 Release/Obj/ble_conn_state.o
 .text.ble_srv_is_notification_enabled
                0x00000000000280ac        0x8 Output/ble_app_uart_pca10040_s132 Release/Obj/ble_srv_common.o
                0x00000000000280ac                ble_srv_is_notification_enabled
 .text.sd_ble_gap_data_length_update
                0x00000000000280b4        0x4 Output/ble_app_uart_pca10040_s132 Release/Obj/nrf_ble_gatt.o
 .text.sd_ble_gattc_exchange_mtu_request
                0x00000000000280b8        0x4 Output/ble_app_uart_pca10040_s132 Release/Obj/nrf_ble_gatt.o
 .text.sd_ble_gatts_exchange_mtu_reply
                0x00000000000280bc        0x4 Output/ble_app_uart_pca10040_s132 Release/Obj/nrf_ble_gatt.o
 .text.nrf_ble_gatt_on_ble_evt
                0x00000000000280c0      0x160 Output/ble_app_uart_pca10040_s132 Release/Obj/nrf_ble_gatt.o
                0x00000000000280c0                nrf_ble_gatt_on_ble_evt
 .text.unlikely.NVIC_SystemReset
                0x0000000000028220       0x24 Output/ble_app_uart_pca10040_s132 Release/Obj/system_nrf52.o
 .text.errata_57
                0x0000000000028244       0x34 Output/ble_app_uart_pca10040_s132 Release/Obj/system_nrf52.o
 .text.errata_136
                0x0000000000028278       0x40 Output/ble_app_uart_pca10040_s132 Release/Obj/system_nrf52.o
 .text.SystemInit
                0x00000000000282b8      0x264 Output/ble_app_uart_pca10040_s132 Release/Obj/system_nrf52.o
                0x00000000000282b8                SystemInit
 .text.sd_ble_gatts_hvx
                0x000000000002851c        0x4 Output/ble_app_uart_pca10040_s132 Release/Obj/ble_nus.o
 .text.ble_nus_on_ble_evt
                0x0000000000028520       0x96 Output/ble_app_uart_pca10040_s132 Release/Obj/ble_nus.o
                0x0000000000028520                ble_nus_on_ble_evt
 .text.ble_nus_string_send
                0x00000000000285b6       0x50 Output/ble_app_uart_pca10040_s132 Release/Obj/ble_nus.o
                0x00000000000285b6                ble_nus_string_send
 .text.sd_softdevice_enable
                0x0000000000028606        0x4 Output/ble_app_uart_pca10040_s132 Release/Obj/nrf_sdh.o
 .text.sd_softdevice_disable
                0x000000000002860a        0x4 Output/ble_app_uart_pca10040_s132 Release/Obj/nrf_sdh.o
 *fill*         0x000000000002860e        0x2 
 .text.sdh_request_observer_notify
                0x0000000000028610       0x30 Output/ble_app_uart_pca10040_s132 Release/Obj/nrf_sdh.o
 .text.sdh_state_observer_notify
                0x0000000000028640       0x28 Output/ble_app_uart_pca10040_s132 Release/Obj/nrf_sdh.o
 .text.softdevices_evt_irq_enable
                0x0000000000028668       0x3c Output/ble_app_uart_pca10040_s132 Release/Obj/nrf_sdh.o
 .text.softdevice_evt_irq_disable
                0x00000000000286a4       0x24 Output/ble_app_uart_pca10040_s132 Release/Obj/nrf_sdh.o
 .text.nrf_sdh_enable_request
                0x00000000000286c8       0x70 Output/ble_app_uart_pca10040_s132 Release/Obj/nrf_sdh.o
                0x00000000000286c8                nrf_sdh_enable_request
 .text.nrf_sdh_disable_request
                0x0000000000028738       0x48 Output/ble_app_uart_pca10040_s132 Release/Obj/nrf_sdh.o
                0x0000000000028738                nrf_sdh_disable_request
 .text.nrf_sdh_request_continue
                0x0000000000028780       0x20 Output/ble_app_uart_pca10040_s132 Release/Obj/nrf_sdh.o
                0x0000000000028780                nrf_sdh_request_continue
 .text.nrf_sdh_is_enabled
                0x00000000000287a0        0xc Output/ble_app_uart_pca10040_s132 Release/Obj/nrf_sdh.o
                0x00000000000287a0                nrf_sdh_is_enabled
 .text.nrf_sdh_evts_poll
                0x00000000000287ac       0x28 Output/ble_app_uart_pca10040_s132 Release/Obj/nrf_sdh.o
                0x00000000000287ac                nrf_sdh_evts_poll
 .text.SWI2_EGU2_IRQHandler
                0x00000000000287d4        0x4 Output/ble_app_uart_pca10040_s132 Release/Obj/nrf_sdh.o
                0x00000000000287d4                SWI2_EGU2_IRQHandler
 .text.sd_ble_evt_get
                0x00000000000287d8        0x4 Output/ble_app_uart_pca10040_s132 Release/Obj/nrf_sdh_ble.o
 .text.nrf_sdh_ble_evts_poll
                0x00000000000287dc       0x48 Output/ble_app_uart_pca10040_s132 Release/Obj/nrf_sdh_ble.o
 .text.sd_evt_get
                0x0000000000028824        0x4 Output/ble_app_uart_pca10040_s132 Release/Obj/nrf_sdh_soc.o
 .text.nrf_sdh_soc_evts_poll
                0x0000000000028828       0x3c Output/ble_app_uart_pca10040_s132 Release/Obj/nrf_sdh_soc.o
 .text.block_dev_handler
                0x0000000000028864       0x20 Output/ble_app_uart_pca10040_s132 Release/Obj/diskio_blkdev.o
 .text.default_wait_func
                0x0000000000028884        0x4 Output/ble_app_uart_pca10040_s132 Release/Obj/diskio_blkdev.o
 .text.disk_initialize
                0x0000000000028888       0x78 Output/ble_app_uart_pca10040_s132 Release/Obj/diskio_blkdev.o
                0x0000000000028888                disk_initialize
 .text.disk_status
                0x0000000000028900       0x28 Output/ble_app_uart_pca10040_s132 Release/Obj/diskio_blkdev.o
                0x0000000000028900                disk_status
 .text.disk_read
                0x0000000000028928       0x7c Output/ble_app_uart_pca10040_s132 Release/Obj/diskio_blkdev.o
                0x0000000000028928                disk_read
 .text.disk_write
                0x00000000000289a4       0x88 Output/ble_app_uart_pca10040_s132 Release/Obj/diskio_blkdev.o
                0x00000000000289a4                disk_write
 .text.disk_ioctl
                0x0000000000028a2c       0x90 Output/ble_app_uart_pca10040_s132 Release/Obj/diskio_blkdev.o
                0x0000000000028a2c                disk_ioctl
 .text.diskio_blockdev_register
                0x0000000000028abc       0x14 Output/ble_app_uart_pca10040_s132 Release/Obj/diskio_blkdev.o
                0x0000000000028abc                diskio_blockdev_register
 .text.ld_dword
                0x0000000000028ad0       0x10 Output/ble_app_uart_pca10040_s132 Release/Obj/ff.o
 .text.st_dword
                0x0000000000028ae0       0x10 Output/ble_app_uart_pca10040_s132 Release/Obj/ff.o
 .text.mem_set  0x0000000000028af0        0xc Output/ble_app_uart_pca10040_s132 Release/Obj/ff.o
 .text.clust2sect
                0x0000000000028afc       0x16 Output/ble_app_uart_pca10040_s132 Release/Obj/ff.o
 .text.get_ldnumber
                0x0000000000028b12       0x30 Output/ble_app_uart_pca10040_s132 Release/Obj/ff.o
 .text.validate
                0x0000000000028b42       0x36 Output/ble_app_uart_pca10040_s132 Release/Obj/ff.o
 .text.mem_cpy.part.0
                0x0000000000028b78       0x12 Output/ble_app_uart_pca10040_s132 Release/Obj/ff.o
 .text.ld_clust.isra.1
                0x0000000000028b8a       0x1c Output/ble_app_uart_pca10040_s132 Release/Obj/ff.o
 .text.sync_window.part.3
                0x0000000000028ba6       0x46 Output/ble_app_uart_pca10040_s132 Release/Obj/ff.o
 .text.move_window
                0x0000000000028bec       0x3c Output/ble_app_uart_pca10040_s132 Release/Obj/ff.o
 .text.check_fs
                0x0000000000028c28       0x80 Output/ble_app_uart_pca10040_s132 Release/Obj/ff.o
 .text.find_volume
                0x0000000000028ca8      0x298 Output/ble_app_uart_pca10040_s132 Release/Obj/ff.o
 .text.put_fat  0x0000000000028f40       0xf8 Output/ble_app_uart_pca10040_s132 Release/Obj/ff.o
 .text.get_fat.isra.7
                0x0000000000029038       0xb4 Output/ble_app_uart_pca10040_s132 Release/Obj/ff.o
 .text.create_chain
                0x00000000000290ec       0xb0 Output/ble_app_uart_pca10040_s132 Release/Obj/ff.o
 .text.dir_next
                0x000000000002919c       0xfc Output/ble_app_uart_pca10040_s132 Release/Obj/ff.o
 .text.dir_sdi.constprop.10
                0x0000000000029298       0x66 Output/ble_app_uart_pca10040_s132 Release/Obj/ff.o
 *fill*         0x00000000000292fe        0x2 
 .text.follow_path
                0x0000000000029300      0x188 Output/ble_app_uart_pca10040_s132 Release/Obj/ff.o
 .text.f_mount  0x0000000000029488       0x50 Output/ble_app_uart_pca10040_s132 Release/Obj/ff.o
                0x0000000000029488                f_mount
 .text.f_open   0x00000000000294d8      0x2a8 Output/ble_app_uart_pca10040_s132 Release/Obj/ff.o
                0x00000000000294d8                f_open
 .text.f_write  0x0000000000029780      0x17e Output/ble_app_uart_pca10040_s132 Release/Obj/ff.o
                0x0000000000029780                f_write
 .text.putc_bfd
                0x00000000000298fe       0x38 Output/ble_app_uart_pca10040_s132 Release/Obj/ff.o
 .text.putc_flush
                0x0000000000029936       0x2e Output/ble_app_uart_pca10040_s132 Release/Obj/ff.o
 .text.f_sync   0x0000000000029964      0x134 Output/ble_app_uart_pca10040_s132 Release/Obj/ff.o
                0x0000000000029964                f_sync
 .text.f_close  0x0000000000029a98       0x1a Output/ble_app_uart_pca10040_s132 Release/Obj/ff.o
                0x0000000000029a98                f_close
 .text.f_puts   0x0000000000029ab2       0x24 Output/ble_app_uart_pca10040_s132 Release/Obj/ff.o
                0x0000000000029ab2                f_puts
 *fill*         0x0000000000029ad6        0x2 
 .text.sd_init  0x0000000000029ad8       0x80 Output/ble_app_uart_pca10040_s132 Release/Obj/sd_driver.o
                0x0000000000029ad8                sd_init
 .text.sd_log   0x0000000000029b58       0x4c Output/ble_app_uart_pca10040_s132 Release/Obj/sd_driver.o
                0x0000000000029b58                sd_log
 .text.libc.__float32_to_float64
                0x0000000000029ba4       0x38 C:/Program Files/SEGGER/SEGGER Embedded Studio for ARM 3.34a/lib/libm_v7em_fpv4_sp_d16_hard_t_le_eabi.a(libm_asm.o)
                0x0000000000029ba4                __float32_to_float64
                0x0000000000029ba4                __aeabi_f2d
                0x0000000000029ba4                __extendsfdf2
 .text.libc.__float64_to_float32
                0x0000000000029bdc       0x70 C:/Program Files/SEGGER/SEGGER Embedded Studio for ARM 3.34a/lib/libm_v7em_fpv4_sp_d16_hard_t_le_eabi.a(libm_asm.o)
                0x0000000000029bdc                __truncdfsf2
                0x0000000000029bdc                __float64_to_float32
                0x0000000000029bdc                __aeabi_d2f
 .text.libc.__float32_signbit
                0x0000000000029c4c        0xc C:/Program Files/SEGGER/SEGGER Embedded Studio for ARM 3.34a/lib/libm_v7em_fpv4_sp_d16_hard_t_le_eabi.a(libm_asm.o)
                0x0000000000029c4c                __float32_signbit
 .text.libc.__float32_isinf
                0x0000000000029c58       0x14 C:/Program Files/SEGGER/SEGGER Embedded Studio for ARM 3.34a/lib/libm_v7em_fpv4_sp_d16_hard_t_le_eabi.a(libm_asm.o)
                0x0000000000029c58                __float32_isinf
 .text.libc.__float32_isnan
                0x0000000000029c6c       0x14 C:/Program Files/SEGGER/SEGGER Embedded Studio for ARM 3.34a/lib/libm_v7em_fpv4_sp_d16_hard_t_le_eabi.a(libm_asm.o)
                0x0000000000029c6c                __float32_isnan
 .text.libc.modff
                0x0000000000029c80       0x58 C:/Program Files/SEGGER/SEGGER Embedded Studio for ARM 3.34a/lib/libm_v7em_fpv4_sp_d16_hard_t_le_eabi.a(libm2.o)
                0x0000000000029c80                modf(float, float*)
                0x0000000000029c80                modff
 .text.libc.fmodf
                0x0000000000029cd8       0xf4 C:/Program Files/SEGGER/SEGGER Embedded Studio for ARM 3.34a/lib/libm_v7em_fpv4_sp_d16_hard_t_le_eabi.a(libm2.o)
                0x0000000000029cd8                fmod(float, float)
                0x0000000000029cd8                fmodf
 .text.libc.fabsf
                0x0000000000029dcc        0x8 C:/Program Files/SEGGER/SEGGER Embedded Studio for ARM 3.34a/lib/libm_v7em_fpv4_sp_d16_hard_t_le_eabi.a(libm2_asm.o)
                0x0000000000029dcc                fabsf
                0x0000000000029dcc                fabs(float)
 .text.libc.floorf
                0x0000000000029dd4       0x6c C:/Program Files/SEGGER/SEGGER Embedded Studio for ARM 3.34a/lib/libm_v7em_fpv4_sp_d16_hard_t_le_eabi.a(libm2_asm.o)
                0x0000000000029dd4                floorf
                0x0000000000029dd4                floor(float)
 .text.libc.ldexpf
                0x0000000000029e40       0x48 C:/Program Files/SEGGER/SEGGER Embedded Studio for ARM 3.34a/lib/libm_v7em_fpv4_sp_d16_hard_t_le_eabi.a(libm2_asm.o)
                0x0000000000029e40                ldexp(float, int)
                0x0000000000029e40                ldexpf
 .text.libc.frexpf
                0x0000000000029e88       0x3c C:/Program Files/SEGGER/SEGGER Embedded Studio for ARM 3.34a/lib/libm_v7em_fpv4_sp_d16_hard_t_le_eabi.a(libm2_asm.o)
                0x0000000000029e88                frexpf
                0x0000000000029e88                frexp(float, int*)
 .text.libc.__int64_udivmod
                0x0000000000029ec4       0xd0 C:/Program Files/SEGGER/SEGGER Embedded Studio for ARM 3.34a/lib/libc_v7em_fpv4_sp_d16_hard_t_le_eabi.a(libc_asm.o)
                0x0000000000029ec4                __aeabi_uldivmod
                0x0000000000029ec4                __int64_udiv
                0x0000000000029ec4                __udivdi3
                0x0000000000029ec4                __int64_udivmod
 .text.libc.__RAL_pow10f
                0x0000000000029f94       0x50 C:/Program Files/SEGGER/SEGGER Embedded Studio for ARM 3.34a/lib/libc_v7em_fpv4_sp_d16_hard_t_le_eabi.a(libc2.o)
                0x0000000000029f94                __RAL_pow10f
 .text.libc.__putc
                0x0000000000029fe4       0x34 C:/Program Files/SEGGER/SEGGER Embedded Studio for ARM 3.34a/lib/libc_v7em_fpv4_sp_d16_hard_t_le_eabi.a(libc2.o)
                0x0000000000029fe4                __putc
 .text.libc.__RAL_print_padding
                0x000000000002a018       0x1c C:/Program Files/SEGGER/SEGGER Embedded Studio for ARM 3.34a/lib/libc_v7em_fpv4_sp_d16_hard_t_le_eabi.a(libc2.o)
                0x000000000002a018                __RAL_print_padding
 .text.libc.__RAL_pre_padding
                0x000000000002a034       0x1c C:/Program Files/SEGGER/SEGGER Embedded Studio for ARM 3.34a/lib/libc_v7em_fpv4_sp_d16_hard_t_le_eabi.a(libc2.o)
                0x000000000002a034                __RAL_pre_padding
 .text.libc.abs
                0x000000000002a050        0x8 C:/Program Files/SEGGER/SEGGER Embedded Studio for ARM 3.34a/lib/libc_v7em_fpv4_sp_d16_hard_t_le_eabi.a(libc2.o)
                0x000000000002a050                abs
 .text.libc.__aeabi_errno_addr
                0x000000000002a058       0x14 C:/Program Files/SEGGER/SEGGER Embedded Studio for ARM 3.34a/lib/libc_v7em_fpv4_sp_d16_hard_t_le_eabi.a(libc2.o)
                0x000000000002a058                __aeabi_errno_addr
 .text.libc.snprintf
                0x000000000002a06c       0x28 C:/Program Files/SEGGER/SEGGER Embedded Studio for ARM 3.34a/lib/libc_v7em_fpv4_sp_d16_hard_t_le_eabi.a(libc2.o)
                0x000000000002a06c                snprintf
 .text.libc.strnlen
                0x000000000002a094       0x20 C:/Program Files/SEGGER/SEGGER Embedded Studio for ARM 3.34a/lib/libc_v7em_fpv4_sp_d16_hard_t_le_eabi.a(libc2.o)
                0x000000000002a094                strnlen
 .text.libc.memcpy
                0x000000000002a0b4       0x54 C:/Program Files/SEGGER/SEGGER Embedded Studio for ARM 3.34a/lib/libc_v7em_fpv4_sp_d16_hard_t_le_eabi.a(libc2_asm.o)
                0x000000000002a0b4                __aeabi_memcpy
                0x000000000002a0b4                memcpy
                0x000000000002a0c0                __aeabi_memcpy8
                0x000000000002a0c0                __aeabi_memcpy4
 .text.libc.memset
                0x000000000002a108       0x68 C:/Program Files/SEGGER/SEGGER Embedded Studio for ARM 3.34a/lib/libc_v7em_fpv4_sp_d16_hard_t_le_eabi.a(libc2_asm.o)
                0x000000000002a108                memset
 .text.libc.strlen
                0x000000000002a170       0x60 C:/Program Files/SEGGER/SEGGER Embedded Studio for ARM 3.34a/lib/libc_v7em_fpv4_sp_d16_hard_t_le_eabi.a(libc2_asm.o)
                0x000000000002a170                strlen
 .text.libc.__vfprintf_short_float_long
                0x000000000002a1d0      0xe64 C:/Program Files/SEGGER/SEGGER Embedded Studio for ARM 3.34a/lib/libvfprintf_v7em_fpv4_sp_d16_hard_t_le_eabi.o
                0x000000000002a1d0                __vfprintf_short_float_long
                0x000000000002b034                __text_end__ = (__text_start__ + SIZEOF (.text))
                0x0000000000007d40                __text_size__ = SIZEOF (.text)
                0x000000000002b034                __text_load_end__ = __text_end__

.vfp11_veneer   0x0000000100000000        0x0
 .vfp11_veneer  0x0000000100000000        0x0 linker stubs

.v4_bx          0x0000000100000000        0x0
 .v4_bx         0x0000000100000000        0x0 linker stubs

.iplt           0x0000000100000000        0x0
 .iplt          0x0000000100000000        0x0 Output/ble_app_uart_pca10040_s132 Release/Obj/thumb_crt0.o
                0x0000000000000001                . = ASSERT (((__text_start__ == __text_end__) || ((__text_end__ >= __FLASH_segment_start__) && (__text_end__ <= __FLASH_segment_end__))), error: .text is too large to fit in FLASH memory segment)
                0x000000000002b034                __sdh_soc_observers_load_start__ = ALIGN (__text_end__, 0x4)

.sdh_soc_observers
                0x000000000002b034       0x18
                0x000000000002b034                __sdh_soc_observers_start__ = .
                0x000000000002b034                __start_sdh_soc_observers = __sdh_soc_observers_start__
 *(SORT(.sdh_soc_observers*))
 .sdh_soc_observers0
                0x000000000002b034        0x8 Output/ble_app_uart_pca10040_s132 Release/Obj/nrf_fstorage_sd.o
 .sdh_soc_observers0
                0x000000000002b03c        0x8 Output/ble_app_uart_pca10040_s132 Release/Obj/nrf_drv_clock.o
 .sdh_soc_observers1
                0x000000000002b044        0x8 Output/ble_app_uart_pca10040_s132 Release/Obj/main.o
                0x000000000002b04c                __sdh_soc_observers_end__ = (__sdh_soc_observers_start__ + SIZEOF (.sdh_soc_observers))
                0x0000000000000018                __sdh_soc_observers_size__ = SIZEOF (.sdh_soc_observers)
                0x000000000002b04c                __stop_sdh_soc_observers = __sdh_soc_observers_end__
                0x000000000002b04c                __sdh_soc_observers_load_end__ = __sdh_soc_observers_end__
                0x0000000000000001                . = ASSERT (((__sdh_soc_observers_start__ == __sdh_soc_observers_end__) || ((__sdh_soc_observers_end__ >= __FLASH_segment_start__) && (__sdh_soc_observers_end__ <= __FLASH_segment_end__))), error: .sdh_soc_observers is too large to fit in FLASH memory segment)
                0x000000000002b04c                __sdh_ble_observers_load_start__ = ALIGN (__sdh_soc_observers_end__, 0x4)

.sdh_ble_observers
                0x000000000002b04c       0x30
                0x000000000002b04c                __sdh_ble_observers_start__ = .
                0x000000000002b04c                __start_sdh_ble_observers = __sdh_ble_observers_start__
 *(SORT(.sdh_ble_observers*))
 .sdh_ble_observers0
                0x000000000002b04c        0x8 Output/ble_app_uart_pca10040_s132 Release/Obj/ble_conn_state.o
 .sdh_ble_observers1
                0x000000000002b054        0x8 Output/ble_app_uart_pca10040_s132 Release/Obj/bsp_btn_ble.o
 .sdh_ble_observers1
                0x000000000002b05c       0x10 Output/ble_app_uart_pca10040_s132 Release/Obj/main.o
 .sdh_ble_observers1
                0x000000000002b06c        0x8 Output/ble_app_uart_pca10040_s132 Release/Obj/ble_conn_params.o
 .sdh_ble_observers2
                0x000000000002b074        0x8 Output/ble_app_uart_pca10040_s132 Release/Obj/main.o
                0x000000000002b07c                __sdh_ble_observers_end__ = (__sdh_ble_observers_start__ + SIZEOF (.sdh_ble_observers))
                0x0000000000000030                __sdh_ble_observers_size__ = SIZEOF (.sdh_ble_observers)
                0x000000000002b07c                __stop_sdh_ble_observers = __sdh_ble_observers_end__
                0x000000000002b07c                __sdh_ble_observers_load_end__ = __sdh_ble_observers_end__
                0x0000000000000001                . = ASSERT (((__sdh_ble_observers_start__ == __sdh_ble_observers_end__) || ((__sdh_ble_observers_end__ >= __FLASH_segment_start__) && (__sdh_ble_observers_end__ <= __FLASH_segment_end__))), error: .sdh_ble_observers is too large to fit in FLASH memory segment)
                0x000000000002b07c                __pwr_mgmt_data_load_start__ = ALIGN (__sdh_ble_observers_end__, 0x4)

.pwr_mgmt_data  0x000000000002b07c        0x0
                0x000000000002b07c                __pwr_mgmt_data_start__ = .
                0x000000000002b07c                __start_pwr_mgmt_data = __pwr_mgmt_data_start__
 *(SORT(.pwr_mgmt_data*))
                0x000000000002b07c                __pwr_mgmt_data_end__ = (__pwr_mgmt_data_start__ + SIZEOF (.pwr_mgmt_data))
                0x0000000000000000                __pwr_mgmt_data_size__ = SIZEOF (.pwr_mgmt_data)
                0x000000000002b07c                __stop_pwr_mgmt_data = __pwr_mgmt_data_end__
                0x000000000002b07c                __pwr_mgmt_data_load_end__ = __pwr_mgmt_data_end__
                0x0000000000000001                . = ASSERT (((__pwr_mgmt_data_start__ == __pwr_mgmt_data_end__) || ((__pwr_mgmt_data_end__ >= __FLASH_segment_start__) && (__pwr_mgmt_data_end__ <= __FLASH_segment_end__))), error: .pwr_mgmt_data is too large to fit in FLASH memory segment)
                0x000000000002b07c                __log_const_data_load_start__ = ALIGN (__pwr_mgmt_data_end__, 0x4)

.log_const_data
                0x000000000002b07c        0x0
                0x000000000002b07c                __log_const_data_start__ = .
                0x000000000002b07c                __start_log_const_data = __log_const_data_start__
 *(SORT(.log_const_data*))
                0x000000000002b07c                __log_const_data_end__ = (__log_const_data_start__ + SIZEOF (.log_const_data))
                0x0000000000000000                __log_const_data_size__ = SIZEOF (.log_const_data)
                0x000000000002b07c                __stop_log_const_data = __log_const_data_end__
                0x000000000002b07c                __log_const_data_load_end__ = __log_const_data_end__
                0x0000000000000001                . = ASSERT (((__log_const_data_start__ == __log_const_data_end__) || ((__log_const_data_end__ >= __FLASH_segment_start__) && (__log_const_data_end__ <= __FLASH_segment_end__))), error: .log_const_data is too large to fit in FLASH memory segment)
                0x000000000002b07c                __sdh_req_observers_load_start__ = ALIGN (__log_const_data_end__, 0x4)

.sdh_req_observers
                0x000000000002b07c        0x8
                0x000000000002b07c                __sdh_req_observers_start__ = .
                0x000000000002b07c                __start_sdh_req_observers = __sdh_req_observers_start__
 *(SORT(.sdh_req_observers*))
 .sdh_req_observers0
                0x000000000002b07c        0x8 Output/ble_app_uart_pca10040_s132 Release/Obj/nrf_fstorage_sd.o
                0x000000000002b07c                m_req_obs
                0x000000000002b084                __sdh_req_observers_end__ = (__sdh_req_observers_start__ + SIZEOF (.sdh_req_observers))
                0x0000000000000008                __sdh_req_observers_size__ = SIZEOF (.sdh_req_observers)
                0x000000000002b084                __stop_sdh_req_observers = __sdh_req_observers_end__
                0x000000000002b084                __sdh_req_observers_load_end__ = __sdh_req_observers_end__
                0x0000000000000001                . = ASSERT (((__sdh_req_observers_start__ == __sdh_req_observers_end__) || ((__sdh_req_observers_end__ >= __FLASH_segment_start__) && (__sdh_req_observers_end__ <= __FLASH_segment_end__))), error: .sdh_req_observers is too large to fit in FLASH memory segment)
                0x000000000002b084                __sdh_state_observers_load_start__ = ALIGN (__sdh_req_observers_end__, 0x4)

.sdh_state_observers
                0x000000000002b084       0x10
                0x000000000002b084                __sdh_state_observers_start__ = .
                0x000000000002b084                __start_sdh_state_observers = __sdh_state_observers_start__
 *(SORT(.sdh_state_observers*))
 .sdh_state_observers0
                0x000000000002b084        0x8 Output/ble_app_uart_pca10040_s132 Release/Obj/nrf_fstorage_sd.o
 .sdh_state_observers0
                0x000000000002b08c        0x8 Output/ble_app_uart_pca10040_s132 Release/Obj/nrf_drv_clock.o
                0x000000000002b094                __sdh_state_observers_end__ = (__sdh_state_observers_start__ + SIZEOF (.sdh_state_observers))
                0x0000000000000010                __sdh_state_observers_size__ = SIZEOF (.sdh_state_observers)
                0x000000000002b094                __stop_sdh_state_observers = __sdh_state_observers_end__
                0x000000000002b094                __sdh_state_observers_load_end__ = __sdh_state_observers_end__
                0x0000000000000001                . = ASSERT (((__sdh_state_observers_start__ == __sdh_state_observers_end__) || ((__sdh_state_observers_end__ >= __FLASH_segment_start__) && (__sdh_state_observers_end__ <= __FLASH_segment_end__))), error: .sdh_state_observers is too large to fit in FLASH memory segment)
                0x000000000002b094                __sdh_stack_observers_load_start__ = ALIGN (__sdh_state_observers_end__, 0x4)

.sdh_stack_observers
                0x000000000002b094       0x10
                0x000000000002b094                __sdh_stack_observers_start__ = .
                0x000000000002b094                __start_sdh_stack_observers = __sdh_stack_observers_start__
 *(SORT(.sdh_stack_observers*))
 .sdh_stack_observers0
                0x000000000002b094        0x8 Output/ble_app_uart_pca10040_s132 Release/Obj/nrf_sdh_ble.o
 .sdh_stack_observers0
                0x000000000002b09c        0x8 Output/ble_app_uart_pca10040_s132 Release/Obj/nrf_sdh_soc.o
                0x000000000002b0a4                __sdh_stack_observers_end__ = (__sdh_stack_observers_start__ + SIZEOF (.sdh_stack_observers))
                0x0000000000000010                __sdh_stack_observers_size__ = SIZEOF (.sdh_stack_observers)
                0x000000000002b0a4                __stop_sdh_stack_observers = __sdh_stack_observers_end__
                0x000000000002b0a4                __sdh_stack_observers_load_end__ = __sdh_stack_observers_end__
                0x0000000000000001                . = ASSERT (((__sdh_stack_observers_start__ == __sdh_stack_observers_end__) || ((__sdh_stack_observers_end__ >= __FLASH_segment_start__) && (__sdh_stack_observers_end__ <= __FLASH_segment_end__))), error: .sdh_stack_observers is too large to fit in FLASH memory segment)
                0x000000000002b0a4                __cli_command_load_start__ = ALIGN (__sdh_stack_observers_end__, 0x4)

.cli_command    0x000000000002b0a4        0x0
                0x000000000002b0a4                __cli_command_start__ = .
                0x000000000002b0a4                __start_cli_command = __cli_command_start__
 *(.cli_command*)
                0x000000000002b0a4                __cli_command_end__ = (__cli_command_start__ + SIZEOF (.cli_command))
                0x0000000000000000                __cli_command_size__ = SIZEOF (.cli_command)
                0x000000000002b0a4                __stop_cli_command = __cli_command_end__
                0x000000000002b0a4                __cli_command_load_end__ = __cli_command_end__
                0x0000000000000001                . = ASSERT (((__cli_command_start__ == __cli_command_end__) || ((__cli_command_end__ >= __FLASH_segment_start__) && (__cli_command_end__ <= __FLASH_segment_end__))), error: .cli_command is too large to fit in FLASH memory segment)
                0x000000000002b0a4                __nrf_sections_load_start__ = ALIGN (__cli_command_end__, 0x4)

.nrf_sections   0x000000000002b0a4        0x0
                0x000000000002b0a4                __nrf_sections_start__ = .
                0x000000000002b0a4                __start_nrf_sections = __nrf_sections_start__
 *(.nrf_sections .nrf_sections.*)
                0x000000000002b0a4                __nrf_sections_end__ = (__nrf_sections_start__ + SIZEOF (.nrf_sections))
                0x0000000000000000                __nrf_sections_size__ = SIZEOF (.nrf_sections)
                0x000000000002b0a4                __nrf_sections_load_end__ = __nrf_sections_end__
                0x0000000000000001                . = ASSERT (((__nrf_sections_start__ == __nrf_sections_end__) || ((__nrf_sections_end__ >= __FLASH_segment_start__) && (__nrf_sections_end__ <= __FLASH_segment_end__))), error: .nrf_sections is too large to fit in FLASH memory segment)
                0x000000000002b0a4                __log_dynamic_data_load_start__ = ALIGN (__nrf_sections_end__, 0x4)

.log_dynamic_data
                0x0000000020002a68        0x0 load address 0x000000000002b0a4
                0x0000000020002a68                __log_dynamic_data_start__ = .
 *(SORT(.log_dynamic_data*))
                0x0000000020002a68                __log_dynamic_data_end__ = (__log_dynamic_data_start__ + SIZEOF (.log_dynamic_data))
                0x0000000000000000                __log_dynamic_data_size__ = SIZEOF (.log_dynamic_data)
                0x000000000002b0a4                __log_dynamic_data_load_end__ = (__log_dynamic_data_load_start__ + SIZEOF (.log_dynamic_data))
                0x0000000000000001                . = ASSERT (((__log_dynamic_data_load_start__ == __log_dynamic_data_load_end__) || ((__log_dynamic_data_load_end__ >= __FLASH_segment_start__) && (__log_dynamic_data_load_end__ <= __FLASH_segment_end__))), error: .log_dynamic_data is too large to fit in FLASH memory segment)

.log_dynamic_data_run
                0x0000000020002a68        0x0
                0x0000000020002a68                __log_dynamic_data_run_start__ = .
                0x0000000020002a68                __start_log_dynamic_data = __log_dynamic_data_run_start__
                0x0000000020002a68                . = MAX ((__log_dynamic_data_run_start__ + SIZEOF (.log_dynamic_data)), .)
                0x0000000020002a68                __log_dynamic_data_run_end__ = (__log_dynamic_data_run_start__ + SIZEOF (.log_dynamic_data_run))
                0x0000000000000000                __log_dynamic_data_run_size__ = SIZEOF (.log_dynamic_data_run)
                0x0000000020002a68                __stop_log_dynamic_data = __log_dynamic_data_run_end__
                0x0000000020002a68                __log_dynamic_data_run_load_end__ = __log_dynamic_data_run_end__
                0x0000000000000001                . = ASSERT (((__log_dynamic_data_run_start__ == __log_dynamic_data_run_end__) || ((__log_dynamic_data_run_end__ >= __RAM_segment_start__) && (__log_dynamic_data_run_end__ <= __RAM_segment_end__))), error: .log_dynamic_data_run is too large to fit in RAM memory segment)
                0x000000000002b0a4                __fs_data_load_start__ = ALIGN ((__log_dynamic_data_load_start__ + SIZEOF (.log_dynamic_data)), 0x4)

.fs_data        0x0000000020002a68        0x0 load address 0x000000000002b0a4
                0x0000000020002a68                __fs_data_start__ = .
 *(.fs_data*)
                0x0000000020002a68                __fs_data_end__ = (__fs_data_start__ + SIZEOF (.fs_data))
                0x0000000000000000                __fs_data_size__ = SIZEOF (.fs_data)
                0x000000000002b0a4                __fs_data_load_end__ = (__fs_data_load_start__ + SIZEOF (.fs_data))
                0x0000000000000001                . = ASSERT (((__fs_data_load_start__ == __fs_data_load_end__) || ((__fs_data_load_end__ >= __FLASH_segment_start__) && (__fs_data_load_end__ <= __FLASH_segment_end__))), error: .fs_data is too large to fit in FLASH memory segment)

.fs_data_run    0x0000000020002a68        0x0
                0x0000000020002a68                __fs_data_run_start__ = .
                0x0000000020002a68                __start_fs_data = __fs_data_run_start__
                0x0000000020002a68                . = MAX ((__fs_data_run_start__ + SIZEOF (.fs_data)), .)
                0x0000000020002a68                __fs_data_run_end__ = (__fs_data_run_start__ + SIZEOF (.fs_data_run))
                0x0000000000000000                __fs_data_run_size__ = SIZEOF (.fs_data_run)
                0x0000000020002a68                __stop_fs_data = __fs_data_run_end__
                0x0000000020002a68                __fs_data_run_load_end__ = __fs_data_run_end__
                0x0000000000000001                . = ASSERT (((__fs_data_run_start__ == __fs_data_run_end__) || ((__fs_data_run_end__ >= __RAM_segment_start__) && (__fs_data_run_end__ <= __RAM_segment_end__))), error: .fs_data_run is too large to fit in RAM memory segment)
                0x000000000002b0a4                __cli_sorted_cmd_ptrs_load_start__ = ALIGN ((__fs_data_load_start__ + SIZEOF (.fs_data)), 0x4)

.cli_sorted_cmd_ptrs
                0x0000000020002a68        0x0 load address 0x000000000002b0a4
                0x0000000020002a68                __cli_sorted_cmd_ptrs_start__ = .
 *(.cli_sorted_cmd_ptrs*)
                0x0000000020002a68                __cli_sorted_cmd_ptrs_end__ = (__cli_sorted_cmd_ptrs_start__ + SIZEOF (.cli_sorted_cmd_ptrs))
                0x0000000000000000                __cli_sorted_cmd_ptrs_size__ = SIZEOF (.cli_sorted_cmd_ptrs)
                0x000000000002b0a4                __cli_sorted_cmd_ptrs_load_end__ = (__cli_sorted_cmd_ptrs_load_start__ + SIZEOF (.cli_sorted_cmd_ptrs))
                0x0000000000000001                . = ASSERT (((__cli_sorted_cmd_ptrs_load_start__ == __cli_sorted_cmd_ptrs_load_end__) || ((__cli_sorted_cmd_ptrs_load_end__ >= __FLASH_segment_start__) && (__cli_sorted_cmd_ptrs_load_end__ <= __FLASH_segment_end__))), error: .cli_sorted_cmd_ptrs is too large to fit in FLASH memory segment)

.cli_sorted_cmd_ptrs_run
                0x0000000020002a68        0x0
                0x0000000020002a68                __cli_sorted_cmd_ptrs_run_start__ = .
                0x0000000020002a68                __start_cli_sorted_cmd_ptrs = __cli_sorted_cmd_ptrs_run_start__
                0x0000000020002a68                . = MAX ((__cli_sorted_cmd_ptrs_run_start__ + SIZEOF (.cli_sorted_cmd_ptrs)), .)
                0x0000000020002a68                __cli_sorted_cmd_ptrs_run_end__ = (__cli_sorted_cmd_ptrs_run_start__ + SIZEOF (.cli_sorted_cmd_ptrs_run))
                0x0000000000000000                __cli_sorted_cmd_ptrs_run_size__ = SIZEOF (.cli_sorted_cmd_ptrs_run)
                0x0000000020002a68                __stop_cli_sorted_cmd_ptrs = __cli_sorted_cmd_ptrs_run_end__
                0x0000000020002a68                __cli_sorted_cmd_ptrs_run_load_end__ = __cli_sorted_cmd_ptrs_run_end__
                0x0000000000000001                . = ASSERT (((__cli_sorted_cmd_ptrs_run_start__ == __cli_sorted_cmd_ptrs_run_end__) || ((__cli_sorted_cmd_ptrs_run_end__ >= __RAM_segment_start__) && (__cli_sorted_cmd_ptrs_run_end__ <= __RAM_segment_end__))), error: .cli_sorted_cmd_ptrs_run is too large to fit in RAM memory segment)
                0x0000000020002a68                __nrf_sections_run_end_load_start__ = ALIGN (__cli_sorted_cmd_ptrs_run_end__, 0x4)

.nrf_sections_run_end
                0x0000000020002a68        0x0
                0x0000000020002a68                __nrf_sections_run_end_start__ = .
                0x0000000020002a68                __end_nrf_sections_run = __nrf_sections_run_end_start__
 *(.nrf_sections_run_end .nrf_sections_run_end.*)
                0x0000000020002a68                __nrf_sections_run_end_end__ = (__nrf_sections_run_end_start__ + SIZEOF (.nrf_sections_run_end))
                0x0000000000000000                __nrf_sections_run_end_size__ = SIZEOF (.nrf_sections_run_end)
                0x0000000020002a68                __nrf_sections_run_end_load_end__ = __nrf_sections_run_end_end__
                0x0000000000000001                . = ASSERT (((__nrf_sections_run_end_start__ == __nrf_sections_run_end_end__) || ((__nrf_sections_run_end_end__ >= __RAM_segment_start__) && (__nrf_sections_run_end_end__ <= __RAM_segment_end__))), error: .nrf_sections_run_end is too large to fit in RAM memory segment)
                0x000000000002b0a4                __dtors_load_start__ = ALIGN ((__cli_sorted_cmd_ptrs_load_start__ + SIZEOF (.cli_sorted_cmd_ptrs)), 0x4)

.dtors          0x000000000002b0a4        0x0
                0x000000000002b0a4                __dtors_start__ = .
 *(SORT(.dtors.*))
 *(.dtors)
 *(.fini_array)
 *(SORT(.fini_array.*))
                0x000000000002b0a4                __dtors_end__ = (__dtors_start__ + SIZEOF (.dtors))
                0x0000000000000000                __dtors_size__ = SIZEOF (.dtors)
                0x000000000002b0a4                __dtors_load_end__ = __dtors_end__
                0x0000000000000001                . = ASSERT (((__dtors_start__ == __dtors_end__) || ((__dtors_end__ >= __FLASH_segment_start__) && (__dtors_end__ <= __FLASH_segment_end__))), error: .dtors is too large to fit in FLASH memory segment)
                0x000000000002b0a4                __ctors_load_start__ = ALIGN (__dtors_end__, 0x4)

.ctors          0x000000000002b0a4        0x0
                0x000000000002b0a4                __ctors_start__ = .
 *(SORT(.ctors.*))
 *(.ctors)
 *(.init_array)
 *(SORT(.init_array.*))
                0x000000000002b0a4                __ctors_end__ = (__ctors_start__ + SIZEOF (.ctors))
                0x0000000000000000                __ctors_size__ = SIZEOF (.ctors)
                0x000000000002b0a4                __ctors_load_end__ = __ctors_end__
                0x0000000000000001                . = ASSERT (((__ctors_start__ == __ctors_end__) || ((__ctors_end__ >= __FLASH_segment_start__) && (__ctors_end__ <= __FLASH_segment_end__))), error: .ctors is too large to fit in FLASH memory segment)
                0x000000000002b0a4                __rodata_load_start__ = ALIGN (__ctors_end__, 0x4)

.rodata         0x000000000002b0a4      0x2c4
                0x000000000002b0a4                __rodata_start__ = .
 *(.rodata .rodata.* .gnu.linkonce.r.*)
 .rodata.m_detection_delay_timer_id
                0x000000000002b0a4        0x4 Output/ble_app_uart_pca10040_s132 Release/Obj/app_button.o
 .rodata        0x000000000002b0a8       0x20 Output/ble_app_uart_pca10040_s132 Release/Obj/app_uart_fifo.o
 .rodata.imu_loop.str1.1
                0x000000000002b0c8       0x11 Output/ble_app_uart_pca10040_s132 Release/Obj/mpu9250.o
 *fill*         0x000000000002b0d9        0x3 
 .rodata.m_twi  0x000000000002b0dc        0x8 Output/ble_app_uart_pca10040_s132 Release/Obj/mpu9250.o
 .rodata.nrf_block_device_sdc_ops
                0x000000000002b0e4       0x18 Output/ble_app_uart_pca10040_s132 Release/Obj/nrf_block_dev_sdc.o
                0x000000000002b0e4                nrf_block_device_sdc_ops
 .rodata.m_spi  0x000000000002b0fc        0x8 Output/ble_app_uart_pca10040_s132 Release/Obj/app_sdcard.o
 .rodata.m_board_btn_list
                0x000000000002b104        0x4 Output/ble_app_uart_pca10040_s132 Release/Obj/boards.o
 .rodata.m_board_led_list
                0x000000000002b108        0x4 Output/ble_app_uart_pca10040_s132 Release/Obj/boards.o
 .rodata.app_buttons
                0x000000000002b10c       0x20 Output/ble_app_uart_pca10040_s132 Release/Obj/bsp.o
 .rodata.m_alert_timer_id
                0x000000000002b12c        0x4 Output/ble_app_uart_pca10040_s132 Release/Obj/bsp.o
 .rodata.m_button_timer_id
                0x000000000002b130        0x4 Output/ble_app_uart_pca10040_s132 Release/Obj/bsp.o
 .rodata.m_leds_timer_id
                0x000000000002b134        0x4 Output/ble_app_uart_pca10040_s132 Release/Obj/bsp.o
 .rodata        0x000000000002b138       0x18 Output/ble_app_uart_pca10040_s132 Release/Obj/main.o
 .rodata        0x000000000002b150        0x4 Output/ble_app_uart_pca10040_s132 Release/Obj/nrf_sdh.o
 .rodata.sdh_req_observers
                0x000000000002b154        0xc Output/ble_app_uart_pca10040_s132 Release/Obj/nrf_sdh.o
 .rodata.sdh_stack_observers
                0x000000000002b160        0xc Output/ble_app_uart_pca10040_s132 Release/Obj/nrf_sdh.o
 .rodata.sdh_state_observers
                0x000000000002b16c        0xc Output/ble_app_uart_pca10040_s132 Release/Obj/nrf_sdh.o
 .rodata.sdh_ble_observers
                0x000000000002b178        0xc Output/ble_app_uart_pca10040_s132 Release/Obj/nrf_sdh_ble.o
 .rodata.sdh_soc_observers
                0x000000000002b184        0xc Output/ble_app_uart_pca10040_s132 Release/Obj/nrf_sdh_soc.o
 .rodata.ExCvt  0x000000000002b190       0x80 Output/ble_app_uart_pca10040_s132 Release/Obj/ff.o
 .rodata.follow_path.str1.1
                0x000000000002b210        0xf Output/ble_app_uart_pca10040_s132 Release/Obj/ff.o
 *fill*         0x000000000002b21f        0x1 
 .rodata.m_block_dev_sdc
                0x000000000002b220       0x1c Output/ble_app_uart_pca10040_s132 Release/Obj/sd_driver.o
 .rodata.sd_init.str1.1
                0x000000000002b23c        0xa Output/ble_app_uart_pca10040_s132 Release/Obj/sd_driver.o
                                          0xb (size before relaxing)
 .rodata.str1.1
                0x000000000002b246       0x10 Output/ble_app_uart_pca10040_s132 Release/Obj/sd_driver.o
 *fill*         0x000000000002b256        0x2 
 .rodata.libc.__float32_nan
                0x000000000002b258        0x4 C:/Program Files/SEGGER/SEGGER Embedded Studio for ARM 3.34a/lib/libm_v7em_fpv4_sp_d16_hard_t_le_eabi.a(libm_asm.o)
                0x000000000002b258                __float32_nan
 .rodata.libc.__RAL_hex_lc
                0x000000000002b25c       0x10 C:/Program Files/SEGGER/SEGGER Embedded Studio for ARM 3.34a/lib/libc_v7em_fpv4_sp_d16_hard_t_le_eabi.a(libc2.o)
                0x000000000002b25c                __RAL_hex_lc
 .rodata.libc.__RAL_hex_uc
                0x000000000002b26c       0x10 C:/Program Files/SEGGER/SEGGER Embedded Studio for ARM 3.34a/lib/libc_v7em_fpv4_sp_d16_hard_t_le_eabi.a(libc2.o)
                0x000000000002b26c                __RAL_hex_uc
 .rodata.libc.__aeabi_EDOM
                0x000000000002b27c        0x4 C:/Program Files/SEGGER/SEGGER Embedded Studio for ARM 3.34a/lib/libc_v7em_fpv4_sp_d16_hard_t_le_eabi.a(libc2.o)
                0x000000000002b27c                __aeabi_EDOM
 .rodata.libc.powerf
                0x000000000002b280       0x18 C:/Program Files/SEGGER/SEGGER Embedded Studio for ARM 3.34a/lib/libc_v7em_fpv4_sp_d16_hard_t_le_eabi.a(libc2.o)
 .rodata.libc.__vfprintf_float_long.str1.4
                0x000000000002b298       0x28 C:/Program Files/SEGGER/SEGGER Embedded Studio for ARM 3.34a/lib/libvfprintf_v7em_fpv4_sp_d16_hard_t_le_eabi.o
 .rodata.libc.__vfprintf_int.str1.4
                0x000000000002b2c0        0x8 C:/Program Files/SEGGER/SEGGER Embedded Studio for ARM 3.34a/lib/libvfprintf_v7em_fpv4_sp_d16_hard_t_le_eabi.o
                                          0x7 (size before relaxing)
 .rodata.libc.ipow10
                0x000000000002b2c8       0xa0 C:/Program Files/SEGGER/SEGGER Embedded Studio for ARM 3.34a/lib/libvfprintf_v7em_fpv4_sp_d16_hard_t_le_eabi.o
                0x000000000002b368                __rodata_end__ = (__rodata_start__ + SIZEOF (.rodata))
                0x00000000000002c4                __rodata_size__ = SIZEOF (.rodata)
                0x000000000002b368                __rodata_load_end__ = __rodata_end__

.rel.dyn        0x000000000002b368        0x0
 .rel.iplt      0x000000000002b368        0x0 Output/ble_app_uart_pca10040_s132 Release/Obj/thumb_crt0.o
                0x0000000000000001                . = ASSERT (((__rodata_start__ == __rodata_end__) || ((__rodata_end__ >= __FLASH_segment_start__) && (__rodata_end__ <= __FLASH_segment_end__))), error: .rodata is too large to fit in FLASH memory segment)
                0x000000000002b368                __ARM.exidx_load_start__ = ALIGN (__rodata_end__, 0x4)

.ARM.exidx      0x000000000002b368        0x0
                0x000000000002b368                __ARM.exidx_start__ = .
                0x000000000002b368                __exidx_start = __ARM.exidx_start__
 *(.ARM.exidx .ARM.exidx.*)
                0x000000000002b368                __ARM.exidx_end__ = (__ARM.exidx_start__ + SIZEOF (.ARM.exidx))
                0x0000000000000000                __ARM.exidx_size__ = SIZEOF (.ARM.exidx)
                0x000000000002b368                __exidx_end = __ARM.exidx_end__
                0x000000000002b368                __ARM.exidx_load_end__ = __ARM.exidx_end__
                0x0000000000000001                . = ASSERT (((__ARM.exidx_start__ == __ARM.exidx_end__) || ((__ARM.exidx_end__ >= __FLASH_segment_start__) && (__ARM.exidx_end__ <= __FLASH_segment_end__))), error: .ARM.exidx is too large to fit in FLASH memory segment)
                0x000000000002b368                __fast_load_start__ = ALIGN (__ARM.exidx_end__, 0x4)

.fast           0x0000000020002a68        0x0 load address 0x000000000002b368
                0x0000000020002a68                __fast_start__ = .
 *(.fast .fast.*)
                0x0000000020002a68                __fast_end__ = (__fast_start__ + SIZEOF (.fast))
                0x0000000000000000                __fast_size__ = SIZEOF (.fast)
                0x000000000002b368                __fast_load_end__ = (__fast_load_start__ + SIZEOF (.fast))
                0x0000000000000001                . = ASSERT (((__fast_load_start__ == __fast_load_end__) || ((__fast_load_end__ >= __FLASH_segment_start__) && (__fast_load_end__ <= __FLASH_segment_end__))), error: .fast is too large to fit in FLASH memory segment)

.fast_run       0x0000000020002a68        0x0
                0x0000000020002a68                __fast_run_start__ = .
                0x0000000020002a68                . = MAX ((__fast_run_start__ + SIZEOF (.fast)), .)
                0x0000000020002a68                __fast_run_end__ = (__fast_run_start__ + SIZEOF (.fast_run))
                0x0000000000000000                __fast_run_size__ = SIZEOF (.fast_run)
                0x0000000020002a68                __fast_run_load_end__ = __fast_run_end__
                0x0000000000000001                . = ASSERT (((__fast_run_start__ == __fast_run_end__) || ((__fast_run_end__ >= __RAM_segment_start__) && (__fast_run_end__ <= __RAM_segment_end__))), error: .fast_run is too large to fit in RAM memory segment)
                0x000000000002b368                __data_load_start__ = ALIGN ((__fast_load_start__ + SIZEOF (.fast)), 0x4)

.data           0x0000000020002a68       0x20 load address 0x000000000002b368
                0x0000000020002a68                __data_start__ = .
 *(.data .data.* .gnu.linkonce.d.*)
 .data.app_uart_inst
                0x0000000020002a68        0x8 Output/ble_app_uart_pca10040_s132 Release/Obj/app_uart_fifo.o
 .data.IMU_ADD  0x0000000020002a70        0x1 Output/ble_app_uart_pca10040_s132 Release/Obj/mpu9250.o
                0x0000000020002a70                IMU_ADD
 *fill*         0x0000000020002a71        0x1 
 .data.m_ble_nus_max_data_len
                0x0000000020002a72        0x2 Output/ble_app_uart_pca10040_s132 Release/Obj/main.o
 .data.SystemCoreClock
                0x0000000020002a74        0x4 Output/ble_app_uart_pca10040_s132 Release/Obj/system_nrf52.o
                0x0000000020002a74                SystemCoreClock
 .data.disk_state
                0x0000000020002a78        0x1 Output/ble_app_uart_pca10040_s132 Release/Obj/sd_driver.o
                0x0000000020002a78                disk_state
 *fill*         0x0000000020002a79        0x3 
 .data.drives.9555
                0x0000000020002a7c        0xc Output/ble_app_uart_pca10040_s132 Release/Obj/sd_driver.o
                0x0000000020002a88                __data_end__ = (__data_start__ + SIZEOF (.data))
                0x0000000000000020                __data_size__ = SIZEOF (.data)
                0x000000000002b388                __data_load_end__ = (__data_load_start__ + SIZEOF (.data))

.igot.plt       0x0000000100000000        0x0
 .igot.plt      0x0000000100000000        0x0 Output/ble_app_uart_pca10040_s132 Release/Obj/thumb_crt0.o
                0x0000000000000001                . = ASSERT (((__data_load_start__ == __data_load_end__) || ((__data_load_end__ >= __FLASH_segment_start__) && (__data_load_end__ <= __FLASH_segment_end__))), error: .data is too large to fit in FLASH memory segment)

.data_run       0x0000000020002a68       0x20 load address 0x000000000002b368
                0x0000000020002a68                __data_run_start__ = .
                0x0000000020002a88                . = MAX ((__data_run_start__ + SIZEOF (.data)), .)
 *fill*         0x0000000020002a68       0x20 
                0x0000000020002a88                __data_run_end__ = (__data_run_start__ + SIZEOF (.data_run))
                0x0000000000000020                __data_run_size__ = SIZEOF (.data_run)
                0x0000000020002a88                __data_run_load_end__ = __data_run_end__
                0x0000000000000001                . = ASSERT (((__data_run_start__ == __data_run_end__) || ((__data_run_end__ >= __RAM_segment_start__) && (__data_run_end__ <= __RAM_segment_end__))), error: .data_run is too large to fit in RAM memory segment)
                0x000000000002b388                __tdata_load_start__ = ALIGN ((__data_load_start__ + SIZEOF (.data)), 0x4)

.tdata          0x0000000020002a88        0x0 load address 0x000000000002b388
                0x0000000020002a88                __tdata_start__ = .
 *(.tdata .tdata.*)
                0x0000000020002a88                __tdata_end__ = (__tdata_start__ + SIZEOF (.tdata))
                0x0000000000000000                __tdata_size__ = SIZEOF (.tdata)
                0x000000000002b388                __tdata_load_end__ = (__tdata_load_start__ + SIZEOF (.tdata))
                0x000000000002b388                __FLASH_segment_used_end__ = (ALIGN ((__data_load_start__ + SIZEOF (.data)), 0x4) + SIZEOF (.tdata))
                0x000000000002b388                __FLASH_segment_used_size__ = (__FLASH_segment_used_end__ - __FLASH_segment_start__)
                0x0000000000000001                . = ASSERT (((__tdata_load_start__ == __tdata_load_end__) || ((__tdata_load_end__ >= __FLASH_segment_start__) && (__tdata_load_end__ <= __FLASH_segment_end__))), error: .tdata is too large to fit in FLASH memory segment)

.tdata_run      0x0000000020002a88        0x0
                0x0000000020002a88                __tdata_run_start__ = .
                0x0000000020002a88                . = MAX ((__tdata_run_start__ + SIZEOF (.tdata)), .)
                0x0000000020002a88                __tdata_run_end__ = (__tdata_run_start__ + SIZEOF (.tdata_run))
                0x0000000000000000                __tdata_run_size__ = SIZEOF (.tdata_run)
                0x0000000020002a88                __tdata_run_load_end__ = __tdata_run_end__
                0x0000000000000001                . = ASSERT (((__tdata_run_start__ == __tdata_run_end__) || ((__tdata_run_end__ >= __RAM_segment_start__) && (__tdata_run_end__ <= __RAM_segment_end__))), error: .tdata_run is too large to fit in RAM memory segment)
                0x0000000020002a88                __bss_load_start__ = ALIGN (__tdata_run_end__, 0x4)

.bss            0x0000000020002a88      0xdd8
                0x0000000020002a88                __bss_start__ = .
 *(.bss .bss.* .gnu.linkonce.b.*)
 .bss.m_button_count
                0x0000000020002a88        0x1 Output/ble_app_uart_pca10040_s132 Release/Obj/app_button.o
 *fill*         0x0000000020002a89        0x3 
 .bss.m_detection_delay
                0x0000000020002a8c        0x4 Output/ble_app_uart_pca10040_s132 Release/Obj/app_button.o
 .bss.m_detection_delay_timer_id_data