<html>
<body>
<pre>
<h1>µVision Build Log</h1>
<h2>Tool Versions:</h2>
IDE-Version: µVision V5.24.2.0
Copyright (C) 2017 ARM Ltd and ARM Germany GmbH. All rights reserved.
License Information: Mason Windows, HP Inc., LIC=----
 
Tool Versions:
Toolchain:       MDK-Lite  Version: 5.24.1
Toolchain Path:  C:\Keil_v5\ARM\ARMCC\Bin
C Compiler:      Armcc.exe V5.06 update 5 (build 528)
Assembler:       Armasm.exe V5.06 update 5 (build 528)
Linker/Locator:  ArmLink.exe V5.06 update 5 (build 528)
Library Manager: ArmAr.exe V5.06 update 5 (build 528)
Hex Converter:   FromElf.exe V5.06 update 5 (build 528)
CPU DLL:         
Dialog DLL:      
Target DLL:      Segger\JL2CM3.dll V2.99.26.0
Dialog DLL:      TCM.DLL V1.32.0.0
 
<h2>Project:</h2>
C:\Users\mschl\Documents\Mason\Capstone_II\Software_Stuff\nordic_nrf5_sdk\examples\peripheral\twi_sensor\pca10040\blank\arm4\twi_sensor_pca10040.uvproj
Project File Date:  03/19/2018

<h2>Output:</h2>
*** Using Compiler 'V5.06 update 5 (build 528)', folder: 'C:\Keil_v5\ARM\ARMCC\Bin'
Rebuild target 'nrf52832_xxaa'
assembling arm_startup_nrf52.s...
compiling boards.c...
compiling system_nrf52.c...
compiling main.c...
compiling nrf_drv_common.c...
compiling nrf_drv_uart.c...
compiling nrf_drv_twi.c...
compiling app_error_weak.c...
compiling app_error.c...
compiling app_util_platform.c...
compiling nrf_fprintf.c...
compiling nrf_assert.c...
compiling nrf_balloc.c...
compiling nrf_memobj.c...
compiling nrf_fprintf_format.c...
compiling nrf_strerror.c...
compiling nrf_log_backend_uart.c...
compiling nrf_log_backend_serial.c...
compiling nrf_log_backend_rtt.c...
compiling nrf_log_str_formatter.c...
compiling nrf_log_frontend.c...
compiling nrf_log_default_backends.c...
compiling SEGGER_RTT.c...
compiling SEGGER_RTT_printf.c...
compiling SEGGER_RTT_Syscalls_KEIL.c...
linking...
Program Size: Code=9016 RO-data=956 RW-data=156 ZI-data=9580  
FromELF: creating hex file...
".\_build\nrf52832_xxaa.axf" - 0 Error(s), 0 Warning(s).
Build Time Elapsed:  00:00:15
</pre>
</body>
</html>
