Component: ARM Compiler 5.06 update 5 (build 528) Tool: armlink [4d35e2]

==============================================================================

Section Cross References

    main.o(i.main) refers to boards.o(i.bsp_board_leds_init) for bsp_board_leds_init
    main.o(i.main) refers to nrf_log_frontend.o(i.nrf_log_init) for nrf_log_init
    main.o(i.main) refers to app_error.o(i.app_error_handler_bare) for app_error_handler_bare
    main.o(i.main) refers to nrf_log_default_backends.o(i.nrf_log_default_backends_init) for nrf_log_default_backends_init
    main.o(i.main) refers to nrf_log_frontend.o(i.nrf_log_frontend_std_0) for nrf_log_frontend_std_0
    main.o(i.main) refers to nrf_drv_spi.o(i.nrf_drv_spi_init) for nrf_drv_spi_init
    main.o(i.main) refers to nrf_drv_spi.o(i.nrf_drv_spi_transfer) for nrf_drv_spi_transfer
    main.o(i.main) refers to nrf_log_frontend.o(i.nrf_log_frontend_dequeue) for nrf_log_frontend_dequeue
    main.o(i.main) refers to boards.o(i.bsp_board_led_invert) for bsp_board_led_invert
    main.o(i.main) refers to main.o(i.nrf_delay_us) for nrf_delay_us
    main.o(i.main) refers to nrf_log_frontend.o(log_dynamic_data) for m_nrf_log_app_logs_data_dynamic
    main.o(i.main) refers to main.o(.constdata) for .constdata
    main.o(i.main) refers to main.o(i.spi_event_handler) for spi_event_handler
    main.o(i.main) refers to main.o(.data) for .data
    main.o(i.nrf_delay_us) refers to system_nrf52.o(.data) for SystemCoreClock
    main.o(i.spi_event_handler) refers to nrf_log_frontend.o(i.nrf_log_frontend_std_0) for nrf_log_frontend_std_0
    main.o(i.spi_event_handler) refers to strlen.o(.text) for strlen
    main.o(i.spi_event_handler) refers to nrf_log_frontend.o(i.nrf_log_frontend_hexdump) for nrf_log_frontend_hexdump
    main.o(i.spi_event_handler) refers to main.o(.data) for .data
    main.o(i.spi_event_handler) refers to nrf_log_frontend.o(log_dynamic_data) for m_nrf_log_app_logs_data_dynamic
    boards.o(i.bsp_board_button_idx_to_pin) refers to boards.o(.constdata) for .constdata
    boards.o(i.bsp_board_button_state_get) refers to boards.o(.constdata) for .constdata
    boards.o(i.bsp_board_buttons_init) refers to boards.o(i.nrf_gpio_cfg) for nrf_gpio_cfg
    boards.o(i.bsp_board_buttons_init) refers to boards.o(.constdata) for .constdata
    boards.o(i.bsp_board_led_idx_to_pin) refers to boards.o(.constdata) for .constdata
    boards.o(i.bsp_board_led_invert) refers to boards.o(.constdata) for .constdata
    boards.o(i.bsp_board_led_off) refers to boards.o(i.nrf_gpio_pin_write) for nrf_gpio_pin_write
    boards.o(i.bsp_board_led_off) refers to boards.o(.constdata) for .constdata
    boards.o(i.bsp_board_led_on) refers to boards.o(i.nrf_gpio_pin_write) for nrf_gpio_pin_write
    boards.o(i.bsp_board_led_on) refers to boards.o(.constdata) for .constdata
    boards.o(i.bsp_board_led_state_get) refers to boards.o(.constdata) for .constdata
    boards.o(i.bsp_board_leds_init) refers to boards.o(i.nrf_gpio_cfg) for nrf_gpio_cfg
    boards.o(i.bsp_board_leds_init) refers to boards.o(i.bsp_board_leds_off) for bsp_board_leds_off
    boards.o(i.bsp_board_leds_init) refers to boards.o(.constdata) for .constdata
    boards.o(i.bsp_board_leds_off) refers to boards.o(i.bsp_board_led_off) for bsp_board_led_off
    boards.o(i.bsp_board_leds_on) refers to boards.o(i.bsp_board_led_on) for bsp_board_led_on
    boards.o(i.bsp_board_pin_to_button_idx) refers to boards.o(.constdata) for .constdata
    boards.o(i.bsp_board_pin_to_led_idx) refers to boards.o(.constdata) for .constdata
    bsp.o(i.alert_timer_handler) refers to boards.o(i.bsp_board_led_invert) for bsp_board_led_invert
    bsp.o(i.bsp_button_event_handler) refers to boards.o(i.bsp_board_pin_to_button_idx) for bsp_board_pin_to_button_idx
    bsp.o(i.bsp_button_event_handler) refers to app_timer.o(i.app_timer_start) for app_timer_start
    bsp.o(i.bsp_button_event_handler) refers to app_timer.o(i.app_timer_stop) for app_timer_stop
    bsp.o(i.bsp_button_event_handler) refers to bsp.o(.constdata) for .constdata
    bsp.o(i.bsp_button_event_handler) refers to bsp.o(.data) for .data
    bsp.o(i.bsp_button_event_handler) refers to bsp.o(.bss) for .bss
    bsp.o(i.bsp_button_is_pressed) refers to boards.o(i.bsp_board_button_state_get) for bsp_board_button_state_get
    bsp.o(i.bsp_buttons_disable) refers to app_button.o(i.app_button_disable) for app_button_disable
    bsp.o(i.bsp_buttons_enable) refers to app_button.o(i.app_button_enable) for app_button_enable
    bsp.o(i.bsp_event_to_button_action_assign) refers to bsp.o(.bss) for .bss
    bsp.o(i.bsp_indication_set) refers to bsp.o(i.bsp_led_indication) for bsp_led_indication
    bsp.o(i.bsp_indication_set) refers to bsp.o(.data) for .data
    bsp.o(i.bsp_init) refers to bsp.o(i.bsp_event_to_button_action_assign) for bsp_event_to_button_action_assign
    bsp.o(i.bsp_init) refers to app_button.o(i.app_button_init) for app_button_init
[...]
    Removing nrf_log_default_backends.o(.revsh_text), (4 bytes).
    Removing nrf_log_default_backends.o(.rrx_text), (6 bytes).
    Removing nrf_log_frontend.o(.rev16_text), (4 bytes).
    Removing nrf_log_frontend.o(.revsh_text), (4 bytes).
    Removing nrf_log_frontend.o(.rrx_text), (6 bytes).
    Removing nrf_log_frontend.o(i.cont_buf_prealloc), (116 bytes).
    Removing nrf_log_frontend.o(i.nrf_log_backend_remove), (40 bytes).
    Removing nrf_log_frontend.o(i.nrf_log_frontend_std_1), (14 bytes).
    Removing nrf_log_frontend.o(i.nrf_log_frontend_std_2), (16 bytes).
    Removing nrf_log_frontend.o(i.nrf_log_frontend_std_3), (18 bytes).
    Removing nrf_log_frontend.o(i.nrf_log_frontend_std_4), (20 bytes).
    Removing nrf_log_frontend.o(i.nrf_log_frontend_std_5), (28 bytes).
    Removing nrf_log_frontend.o(i.nrf_log_frontend_std_6), (28 bytes).
    Removing nrf_log_frontend.o(i.nrf_log_module_filter_get), (36 bytes).
    Removing nrf_log_frontend.o(i.nrf_log_module_filter_set), (2 bytes).
    Removing nrf_log_frontend.o(i.nrf_log_push), (104 bytes).
    Removing nrf_log_frontend.o(.conststring), (9 bytes).
    Removing nrf_log_frontend.o(.data), (4 bytes).
    Removing nrf_log_str_formatter.o(.rev16_text), (4 bytes).
    Removing nrf_log_str_formatter.o(.revsh_text), (4 bytes).
    Removing nrf_log_str_formatter.o(.rrx_text), (6 bytes).
    Removing segger_rtt.o(.rev16_text), (4 bytes).
    Removing segger_rtt.o(.revsh_text), (4 bytes).
    Removing segger_rtt.o(.rrx_text), (6 bytes).
    Removing segger_rtt.o(i.SEGGER_RTT_AllocDownBuffer), (104 bytes).
    Removing segger_rtt.o(i.SEGGER_RTT_AllocUpBuffer), (104 bytes).
    Removing segger_rtt.o(i.SEGGER_RTT_ConfigDownBuffer), (92 bytes).
    Removing segger_rtt.o(i.SEGGER_RTT_ConfigUpBuffer), (92 bytes).
    Removing segger_rtt.o(i.SEGGER_RTT_GetKey), (28 bytes).
    Removing segger_rtt.o(i.SEGGER_RTT_HasData), (24 bytes).
    Removing segger_rtt.o(i.SEGGER_RTT_HasKey), (32 bytes).
    Removing segger_rtt.o(i.SEGGER_RTT_Init), (4 bytes).
    Removing segger_rtt.o(i.SEGGER_RTT_PutChar), (88 bytes).
    Removing segger_rtt.o(i.SEGGER_RTT_PutCharSkip), (76 bytes).
    Removing segger_rtt.o(i.SEGGER_RTT_PutCharSkipNoLock), (52 bytes).
    Removing segger_rtt.o(i.SEGGER_RTT_Read), (36 bytes).
    Removing segger_rtt.o(i.SEGGER_RTT_ReadNoLock), (120 bytes).
    Removing segger_rtt.o(i.SEGGER_RTT_SetFlagsDownBuffer), (60 bytes).
    Removing segger_rtt.o(i.SEGGER_RTT_SetFlagsUpBuffer), (60 bytes).
    Removing segger_rtt.o(i.SEGGER_RTT_SetNameDownBuffer), (60 bytes).
    Removing segger_rtt.o(i.SEGGER_RTT_SetNameUpBuffer), (60 bytes).
    Removing segger_rtt.o(i.SEGGER_RTT_SetTerminal), (128 bytes).
    Removing segger_rtt.o(i.SEGGER_RTT_TerminalOut), (168 bytes).
    Removing segger_rtt.o(i.SEGGER_RTT_WaitKey), (14 bytes).
    Removing segger_rtt.o(i.SEGGER_RTT_Write), (52 bytes).
    Removing segger_rtt.o(i.SEGGER_RTT_WriteNoLock), (92 bytes).
    Removing segger_rtt.o(i.SEGGER_RTT_WriteSkipNoLock), (116 bytes).
    Removing segger_rtt.o(i.SEGGER_RTT_WriteString), (26 bytes).
    Removing segger_rtt.o(i.SEGGER_RTT_WriteWithOverwriteNoLock), (148 bytes).
    Removing segger_rtt.o(i._DoInit), (104 bytes).
    Removing segger_rtt.o(i._GetAvailWriteSpace), (22 bytes).
    Removing segger_rtt.o(i._PostTerminalSwitch), (32 bytes).
    Removing segger_rtt.o(i._WriteBlocking), (90 bytes).
    Removing segger_rtt.o(i._WriteNoCheck), (66 bytes).
    Removing segger_rtt.o(.bss), (648 bytes).
    Removing segger_rtt.o(.data), (17 bytes).
    Removing segger_rtt_syscalls_keil.o(.rev16_text), (4 bytes).
    Removing segger_rtt_syscalls_keil.o(.revsh_text), (4 bytes).
    Removing segger_rtt_syscalls_keil.o(.rrx_text), (6 bytes).
    Removing segger_rtt_syscalls_keil.o(i._sys_close), (4 bytes).
    Removing segger_rtt_syscalls_keil.o(i._sys_command_string), (2 bytes).
    Removing segger_rtt_syscalls_keil.o(i._sys_ensure), (6 bytes).
    Removing segger_rtt_syscalls_keil.o(i._sys_exit), (2 bytes).
    Removing segger_rtt_syscalls_keil.o(i._sys_flen), (4 bytes).
    Removing segger_rtt_syscalls_keil.o(i._sys_istty), (14 bytes).
    Removing segger_rtt_syscalls_keil.o(i._sys_open), (44 bytes).
    Removing segger_rtt_syscalls_keil.o(i._sys_read), (4 bytes).
    Removing segger_rtt_syscalls_keil.o(i._sys_seek), (4 bytes).
    Removing segger_rtt_syscalls_keil.o(i._sys_tmpnam), (4 bytes).
    Removing segger_rtt_syscalls_keil.o(i._sys_write), (26 bytes).
    Removing segger_rtt_syscalls_keil.o(i._ttywrch), (24 bytes).
    Removing segger_rtt_syscalls_keil.o(.constdata), (14 bytes).
    Removing segger_rtt_printf.o(.rev16_text), (4 bytes).
    Removing segger_rtt_printf.o(.revsh_text), (4 bytes).
    Removing segger_rtt_printf.o(.rrx_text), (6 bytes).
    Removing segger_rtt_printf.o(i.SEGGER_RTT_printf), (22 bytes).
    Removing segger_rtt_printf.o(i.SEGGER_RTT_vprintf), (406 bytes).
    Removing segger_rtt_printf.o(i._PrintInt), (198 bytes).
    Removing segger_rtt_printf.o(i._PrintUnsigned), (212 bytes).
    Removing segger_rtt_printf.o(i._StoreChar), (62 bytes).
    Removing segger_rtt_printf.o(.constdata), (16 bytes).

274 unused section(s) (total 19647 bytes) removed from the image.

==============================================================================

Image Symbol Table

    Local Symbols

    Symbol Name                              Value     Ov Type        Size  Object(Section)

    RESET                                    0x00000000   Section      512  arm_startup_nrf52.o(RESET)
    ../clib/microlib/ctype/ctype.c           0x00000000   Number         0  isgraph_o.o ABSOLUTE
    ../clib/microlib/ctype/ctype.c           0x00000000   Number         0  isprint_o.o ABSOLUTE
    ../clib/microlib/ctype/ctype.c           0x00000000   Number         0  ispunct_o.o ABSOLUTE
    ../clib/microlib/ctype/ctype.c           0x00000000   Number         0  ctype_o.o ABSOLUTE
    ../clib/microlib/ctype/ctype.c           0x00000000   Number         0  isblank_o.o ABSOLUTE
    ../clib/microlib/ctype/ctype.c           0x00000000   Number         0  isalnum_o.o ABSOLUTE
    ../clib/microlib/ctype/ctype.c           0x00000000   Number         0  isalpha_o.o ABSOLUTE
    ../clib/microlib/ctype/ctype.c           0x00000000   Number         0  isspace_o.o ABSOLUTE
    ../clib/microlib/ctype/ctype.c           0x00000000   Number         0  isdigit_o.o ABSOLUTE
    ../clib/microlib/ctype/ctype.c           0x00000000   Number         0  isupper_o.o ABSOLUTE
    ../clib/microlib/ctype/ctype.c           0x00000000   Number         0  isxdigit_o.o ABSOLUTE
    ../clib/microlib/ctype/ctype.c           0x00000000   Number         0  iscntrl_o.o ABSOLUTE
    ../clib/microlib/ctype/ctype.c           0x00000000   Number         0  islower_o.o ABSOLUTE
    ../clib/microlib/division.c              0x00000000   Number         0  uldiv.o ABSOLUTE
    ../clib/microlib/init/entry.s            0x00000000   Number         0  entry10b.o ABSOLUTE
    ../clib/microlib/init/entry.s            0x00000000   Number         0  entry7b.o ABSOLUTE
    ../clib/microlib/init/entry.s            0x00000000   Number         0  entry2.o ABSOLUTE
    ../clib/microlib/init/entry.s            0x00000000   Number         0  entry5.o ABSOLUTE
    ../clib/microlib/init/entry.s            0x00000000   Number         0  entry7a.o ABSOLUTE
    ../clib/microlib/init/entry.s            0x00000000   Number         0  entry10a.o ABSOLUTE
    ../clib/microlib/init/entry.s            0x00000000   Number         0  entry9b.o ABSOLUTE
    ../clib/microlib/init/entry.s            0x00000000   Number         0  entry11a.o ABSOLUTE
    ../clib/microlib/init/entry.s            0x00000000   Number         0  entry9a.o ABSOLUTE
    ../clib/microlib/init/entry.s            0x00000000   Number         0  entry11b.o ABSOLUTE
    ../clib/microlib/init/entry.s            0x00000000   Number         0  entry8b.o ABSOLUTE
    ../clib/microlib/init/entry.s            0x00000000   Number         0  entry.o ABSOLUTE
    ../clib/microlib/init/entry.s            0x00000000   Number         0  entry8a.o ABSOLUTE
    ../clib/microlib/longlong.c              0x00000000   Number         0  llshl.o ABSOLUTE
    ../clib/microlib/longlong.c              0x00000000   Number         0  llushr.o ABSOLUTE
    ../clib/microlib/stdio/fflush.c          0x00000000   Number         0  fflush.o ABSOLUTE
    ../clib/microlib/stdio/fputc.c           0x00000000   Number         0  fputc.o ABSOLUTE
    ../clib/microlib/stdio/semi.s            0x00000000   Number         0  semi.o ABSOLUTE
    ../clib/microlib/stdio/streams.c         0x00000000   Number         0  stdout.o ABSOLUTE
    ../clib/microlib/string/memcpy.c         0x00000000   Number         0  memcpyb.o ABSOLUTE
    ../clib/microlib/string/memcpy.c         0x00000000   Number         0  memcpya.o ABSOLUTE
    ../clib/microlib/string/memset.c         0x00000000   Number         0  memseta.o ABSOLUTE
    ../clib/microlib/string/strcmp.c         0x00000000   Number         0  strcmp.o ABSOLUTE
    ../clib/microlib/string/strcpy.c         0x00000000   Number         0  strcpy.o ABSOLUTE
    ../clib/microlib/string/strlen.c         0x00000000   Number         0  strlen.o ABSOLUTE
    ../clib/microlib/stubs.s                 0x00000000   Number         0  useno.o ABSOLUTE
    ../clib/microlib/stubs.s                 0x00000000   Number         0  iusesemip.o ABSOLUTE
    ..\..\..\..\..\..\components\boards\boards.c 0x00000000   Number         0  boards.o ABSOLUTE
    ..\..\..\..\..\..\components\drivers_nrf\common\nrf_drv_common.c 0x00000000   Number         0  nrf_drv_common.o ABSOLUTE
    ..\..\..\..\..\..\components\drivers_nrf\gpiote\nrf_drv_gpiote.c 0x00000000   Number         0  nrf_drv_gpiote.o ABSOLUTE
    ..\..\..\..\..\..\components\drivers_nrf\spi_master\nrf_drv_spi.c 0x00000000   Number         0  nrf_drv_spi.o ABSOLUTE
    ..\..\..\..\..\..\components\drivers_nrf\uart\nrf_drv_uart.c 0x00000000   Number         0  nrf_drv_uart.o ABSOLUTE
    ..\..\..\..\..\..\components\libraries\balloc\nrf_balloc.c 0x00000000   Number         0  nrf_balloc.o ABSOLUTE
    ..\..\..\..\..\..\components\libraries\bsp\bsp.c 0x00000000   Number         0  bsp.o ABSOLUTE
    ..\..\..\..\..\..\components\libraries\bsp\bsp_nfc.c 0x00000000   Number         0  bsp_nfc.o ABSOLUTE
    ..\..\..\..\..\..\components\libraries\button\app_button.c 0x00000000   Number         0  app_button.o ABSOLUTE
    ..\..\..\..\..\..\components\libraries\experimental_log\src\nrf_log_backend_rtt.c 0x00000000   Number         0  nrf_log_backend_rtt.o ABSOLUTE
    ..\..\..\..\..\..\components\libraries\experimental_log\src\nrf_log_backend_serial.c 0x00000000   Number         0  nrf_log_backend_serial.o ABSOLUTE
    ..\..\..\..\..\..\components\libraries\experimental_log\src\nrf_log_backend_uart.c 0x00000000   Number         0  nrf_log_backend_uart.o ABSOLUTE
    ..\..\..\..\..\..\components\libraries\experimental_log\src\nrf_log_default_backends.c 0x00000000   Number         0  nrf_log_default_backends.o ABSOLUTE
    ..\..\..\..\..\..\components\libraries\experimental_log\src\nrf_log_frontend.c 0x00000000   Number         0  nrf_log_frontend.o ABSOLUTE
    ..\..\..\..\..\..\components\libraries\experimental_log\src\nrf_log_str_formatter.c 0x00000000   Number         0  nrf_log_str_formatter.o ABSOLUTE
    ..\..\..\..\..\..\components\libraries\experimental_memobj\nrf_memobj.c 0x00000000   Number         0  nrf_memobj.o ABSOLUTE
    ..\..\..\..\..\..\components\libraries\scheduler\app_scheduler.c 0x00000000   Number         0  app_scheduler.o ABSOLUTE
    ..\..\..\..\..\..\components\libraries\strerror\nrf_strerror.c 0x00000000   Number         0  nrf_strerror.o ABSOLUTE
    ..\..\..\..\..\..\components\libraries\timer\app_timer.c 0x00000000   Number         0  app_timer.o ABSOLUTE
    ..\..\..\..\..\..\components\libraries\util\app_error.c 0x00000000   Number         0  app_error.o ABSOLUTE
    ..\..\..\..\..\..\components\libraries\util\app_error_weak.c 0x00000000   Number         0  app_error_weak.o ABSOLUTE
    ..\..\..\..\..\..\components\libraries\util\app_util_platform.c 0x00000000   Number         0  app_util_platform.o ABSOLUTE
    ..\..\..\..\..\..\components\libraries\util\nrf_assert.c 0x00000000   Number         0  nrf_assert.o ABSOLUTE
    ..\..\..\..\..\..\components\toolchain\arm\arm_startup_nrf52.s 0x00000000   Number         0  arm_startup_nrf52.o ABSOLUTE
    ..\..\..\..\..\..\components\toolchain\system_nrf52.c 0x00000000   Number         0  system_nrf52.o ABSOLUTE
    ..\..\..\..\..\..\external\fprintf\nrf_fprintf.c 0x00000000   Number         0  nrf_fprintf.o ABSOLUTE
    ..\..\..\..\..\..\external\fprintf\nrf_fprintf_format.c 0x00000000   Number         0  nrf_fprintf_format.o ABSOLUTE
    ..\..\..\..\..\..\external\segger_rtt\SEGGER_RTT.c 0x00000000   Number         0  segger_rtt.o ABSOLUTE
    ..\..\..\..\..\..\external\segger_rtt\SEGGER_RTT_Syscalls_KEIL.c 0x00000000   Number         0  segger_rtt_syscalls_keil.o ABSOLUTE
    ..\..\..\..\..\..\external\segger_rtt\SEGGER_RTT_printf.c 0x00000000   Number         0  segger_rtt_printf.o ABSOLUTE
    ..\..\..\main.c                          0x00000000   Number         0  main.o ABSOLUTE
    ..\\..\\..\\..\\..\\..\\components\\boards\\boards.c 0x00000000   Number         0  boards.o ABSOLUTE
    ..\\..\\..\\..\\..\\..\\components\\drivers_nrf\\common\\nrf_drv_common.c 0x00000000   Number         0  nrf_drv_common.o ABSOLUTE
    ..\\..\\..\\..\\..\\..\\components\\drivers_nrf\\gpiote\\nrf_drv_gpiote.c 0x00000000   Number         0  nrf_drv_gpiote.o ABSOLUTE
    ..\\..\\..\\..\\..\\..\\components\\drivers_nrf\\spi_master\\nrf_drv_spi.c 0x00000000   Number         0  nrf_drv_spi.o ABSOLUTE
    ..\\..\\..\\..\\..\\..\\components\\drivers_nrf\\uart\\nrf_drv_uart.c 0x00000000   Number         0  nrf_drv_uart.o ABSOLUTE
    ..\\..\\..\\..\\..\\..\\components\\libraries\\balloc\\nrf_balloc.c 0x00000000   Number         0  nrf_balloc.o ABSOLUTE
    ..\\..\\..\\..\\..\\..\\components\\libraries\\bsp\\bsp.c 0x00000000   Number         0  bsp.o ABSOLUTE
    ..\\..\\..\\..\\..\\..\\components\\libraries\\bsp\\bsp_nfc.c 0x00000000   Number         0  bsp_nfc.o ABSOLUTE
    ..\\..\\..\\..\\..\\..\\components\\libraries\\button\\app_button.c 0x00000000   Number         0  app_button.o ABSOLUTE
    ..\\..\\..\\..\\..\\..\\components\\libraries\\experimental_log\\src\\nrf_log_backend_rtt.c 0x00000000   Number         0  nrf_log_backend_rtt.o ABSOLUTE
    ..\\..\\..\\..\\..\\..\\components\\libraries\\experimental_log\\src\\nrf_log_backend_serial.c 0x00000000   Number         0  nrf_log_backend_serial.o ABSOLUTE
    ..\\..\\..\\..\\..\\..\\components\\libraries\\experimental_log\\src\\nrf_log_backend_uart.c 0x00000000   Number         0  nrf_log_backend_uart.o ABSOLUTE
    ..\\..\\..\\..\\..\\..\\components\\libraries\\experimental_log\\src\\nrf_log_default_backends.c 0x00000000   Number         0  nrf_log_default_backends.o ABSOLUTE
    ..\\..\\..\\..\\..\\..\\components\\libraries\\experimental_log\\src\\nrf_log_frontend.c 0x00000000   Number         0  nrf_log_frontend.o ABSOLUTE
    ..\\..\\..\\..\\..\\..\\components\\libraries\\experimental_log\\src\\nrf_log_str_formatter.c 0x00000000   Number         0  nrf_log_str_formatter.o ABSOLUTE
    ..\\..\\..\\..\\..\\..\\components\\libraries\\experimental_memobj\\nrf_memobj.c 0x00000000   Number         0  nrf_memobj.o ABSOLUTE
    ..\\..\\..\\..\\..\\..\\components\\libraries\\scheduler\\app_scheduler.c 0x00000000   Number         0  app_scheduler.o ABSOLUTE
    ..\\..\\..\\..\\..\\..\\components\\libraries\\strerror\\nrf_strerror.c 0x00000000   Number         0  nrf_strerror.o ABSOLUTE
    ..\\..\\..\\..\\..\\..\\components\\libraries\\timer\\app_timer.c 0x00000000   Number         0  app_timer.o ABSOLUTE
    ..\\..\\..\\..\\..\\..\\components\\libraries\\util\\app_error.c 0x00000000   Number         0  app_error.o ABSOLUTE
    ..\\..\\..\\..\\..\\..\\components\\libraries\\util\\app_error_weak.c 0x00000000   Number         0  app_error_weak.o ABSOLUTE
    ..\\..\\..\\..\\..\\..\\components\\libraries\\util\\app_util_platform.c 0x00000000   Number         0  app_util_platform.o ABSOLUTE
    ..\\..\\..\\..\\..\\..\\components\\libraries\\util\\nrf_assert.c 0x00000000   Number         0  nrf_assert.o ABSOLUTE
    ..\\..\\..\\..\\..\\..\\components\\toolchain\\system_nrf52.c 0x00000000   Number         0  system_nrf52.o ABSOLUTE
    ..\\..\\..\\..\\..\\..\\external\\fprintf\\nrf_fprintf.c 0x00000000   Number         0  nrf_fprintf.o ABSOLUTE
    ..\\..\\..\\..\\..\\..\\external\\fprintf\\nrf_fprintf_format.c 0x00000000   Number         0  nrf_fprintf_format.o ABSOLUTE
    ..\\..\\..\\..\\..\\..\\external\\segger_rtt\\SEGGER_RTT.c 0x00000000   Number         0  segger_rtt.o ABSOLUTE
    ..\\..\\..\\..\\..\\..\\external\\segger_rtt\\SEGGER_RTT_Syscalls_KEIL.c 0x00000000   Number         0  segger_rtt_syscalls_keil.o ABSOLUTE
    ..\\..\\..\\..\\..\\..\\external\\segger_rtt\\SEGGER_RTT_printf.c 0x00000000   Number         0  segger_rtt_printf.o ABSOLUTE
    ..\\..\\..\\main.c                       0x00000000   Number         0  main.o ABSOLUTE
    dc.s                                     0x00000000   Number         0  dc.o ABSOLUTE
    handlers.s                               0x00000000   Number         0  handlers.o ABSOLUTE
    init.s                                   0x00000000   Number         0  init.o ABSOLUTE
    .ARM.Collect$$$$00000000                 0x00000200   Section        0  entry.o(.ARM.Collect$$$$00000000)
    .ARM.Collect$$$$00000001                 0x00000200   Section        4  entry2.o(.ARM.Collect$$$$00000001)
    .ARM.Collect$$$$00000004                 0x00000204   Section        4  entry5.o(.ARM.Collect$$$$00000004)
    .ARM.Collect$$$$00000008                 0x00000208   Section        0  entry7b.o(.ARM.Collect$$$$00000008)
    .ARM.Collect$$$$0000000A                 0x00000208   Section        0  entry8b.o(.ARM.Collect$$$$0000000A)
    .ARM.Collect$$$$0000000B                 0x00000208   Section        8  entry9a.o(.ARM.Collect$$$$0000000B)
    .ARM.Collect$$$$0000000D                 0x00000210   Section        0  entry10a.o(.ARM.Collect$$$$0000000D)
    .ARM.Collect$$$$0000000F                 0x00000210   Section        0  entry11a.o(.ARM.Collect$$$$0000000F)
    .ARM.Collect$$$$00002712                 0x00000210   Section        4  entry2.o(.ARM.Collect$$$$00002712)
    __lit__00000000                          0x00000210   Data           4  entry2.o(.ARM.Collect$$$$00002712)
    .emb_text                                0x00000214   Section      154  nrf_memobj.o(.emb_text)
    $v0                                      0x00000214   Number         0  nrf_memobj.o(.emb_text)
    .emb_text                                0x000002b0   Section      154  nrf_log_frontend.o(.emb_text)
    $v0                                      0x000002b0   Number         0  nrf_log_frontend.o(.emb_text)
    .text                                    0x0000034c   Section       36  arm_startup_nrf52.o(.text)
    $v0                                      0x0000034c   Number         0  arm_startup_nrf52.o(.text)
    .text                                    0x00000370   Section        0  ctype_o.o(.text)
    .text                                    0x00000378   Section        0  memcpya.o(.text)
    .text                                    0x0000039c   Section        0  memseta.o(.text)
    .text                                    0x000003c0   Section        0  strlen.o(.text)
    .text                                    0x000003d0   Section       36  init.o(.text)
    i.GPIOTE_IRQHandler                      0x000003f4   Section        0  nrf_drv_gpiote.o(i.GPIOTE_IRQHandler)
    i.NVIC_ClearPendingIRQ                   0x00000568   Section        0  app_timer.o(i.NVIC_ClearPendingIRQ)
    NVIC_ClearPendingIRQ                     0x00000569   Thumb Code    22  app_timer.o(i.NVIC_ClearPendingIRQ)
    i.NVIC_EnableIRQ                         0x0000057e   Section        0  app_timer.o(i.NVIC_EnableIRQ)
    NVIC_EnableIRQ                           0x0000057f   Thumb Code    22  app_timer.o(i.NVIC_EnableIRQ)
    i.NVIC_SetPendingIRQ                     0x00000594   Section        0  app_timer.o(i.NVIC_SetPendingIRQ)
    NVIC_SetPendingIRQ                       0x00000595   Thumb Code    22  app_timer.o(i.NVIC_SetPendingIRQ)
    i.NVIC_SystemReset                       0x000005ac   Section        0  system_nrf52.o(i.NVIC_SystemReset)
    NVIC_SystemReset                         0x000005ad   Thumb Code    26  system_nrf52.o(i.NVIC_SystemReset)
    i.RTC1_IRQHandler                        0x000005d0   Section        0  app_timer.o(i.RTC1_IRQHandler)
    i.SPIM0_SPIS0_TWIM0_TWIS0_SPI0_TWI0_IRQHandler 0x000005f4   Section        0  nrf_drv_spi.o(i.SPIM0_SPIS0_TWIM0_TWIS0_SPI0_TWI0_IRQHandler)
    i.SWI0_EGU0_IRQHandler                   0x00000640   Section        0  app_timer.o(i.SWI0_EGU0_IRQHandler)
    i.SystemInit                             0x00000644   Section        0  system_nrf52.o(i.SystemInit)
    i.UARTE0_UART0_IRQHandler                0x00000954   Section        0  nrf_drv_uart.o(i.UARTE0_UART0_IRQHandler)
    i.__scatterload_copy                     0x00000970   Section       14  handlers.o(i.__scatterload_copy)
    i.__scatterload_null                     0x0000097e   Section        2  handlers.o(i.__scatterload_null)
    i.__scatterload_zeroinit                 0x00000980   Section       14  handlers.o(i.__scatterload_zeroinit)
    i.app_error_fault_handler                0x00000990   Section        0  app_error_weak.o(i.app_error_fault_handler)
    i.app_error_handler_bare                 0x00000a08   Section        0  app_error.o(i.app_error_handler_bare)
    i.app_util_critical_region_enter         0x00000a1e   Section        0  app_util_platform.o(i.app_util_critical_region_enter)
    i.app_util_critical_region_exit          0x00000a22   Section        0  app_util_platform.o(i.app_util_critical_region_exit)
    i.app_util_disable_irq                   0x00000a28   Section        0  app_util_platform.o(i.app_util_disable_irq)
    i.app_util_enable_irq                    0x00000a38   Section        0  app_util_platform.o(i.app_util_enable_irq)
    i.apply_config                           0x00000a4c   Section        0  nrf_drv_uart.o(i.apply_config)
    apply_config                             0x00000a4d   Thumb Code   180  nrf_drv_uart.o(i.apply_config)
    i.bsp_board_led_invert                   0x00000b04   Section        0  boards.o(i.bsp_board_led_invert)
    i.bsp_board_led_off                      0x00000b28   Section        0  boards.o(i.bsp_board_led_off)
    i.bsp_board_leds_init                    0x00000b38   Section        0  boards.o(i.bsp_board_leds_init)
    i.bsp_board_leds_off                     0x00000b64   Section        0  boards.o(i.bsp_board_leds_off)
    i.buf_prealloc                           0x00000b78   Section        0  nrf_log_frontend.o(i.buf_prealloc)
    buf_prealloc                             0x00000b79   Thumb Code    92  nrf_log_frontend.o(i.buf_prealloc)
    i.buffer_add                             0x00000bd8   Section        0  nrf_fprintf_format.o(i.buffer_add)
    buffer_add                               0x00000bd9   Thumb Code    30  nrf_fprintf_format.o(i.buffer_add)
    i.buffer_is_empty                        0x00000bf8   Section        0  nrf_log_frontend.o(i.buffer_is_empty)
    i.channel_port_get                       0x00000c0c   Section        0  nrf_drv_gpiote.o(i.channel_port_get)
    channel_port_get                         0x00000c0d   Thumb Code    10  nrf_drv_gpiote.o(i.channel_port_get)
    i.compare_reg_update                     0x00000c1c   Section        0  app_timer.o(i.compare_reg_update)
    compare_reg_update                       0x00000c1d   Thumb Code   160  app_timer.o(i.compare_reg_update)
    i.elapsed_ticks_acquire                  0x00000cc8   Section        0  app_timer.o(i.elapsed_ticks_acquire)
    elapsed_ticks_acquire                    0x00000cc9   Thumb Code    58  app_timer.o(i.elapsed_ticks_acquire)
    i.int_print                              0x00000d08   Section        0  nrf_fprintf_format.o(i.int_print)
    int_print                                0x00000d09   Thumb Code   166  nrf_fprintf_format.o(i.int_print)
    i.interrupts_enable                      0x00000db0   Section        0  nrf_drv_uart.o(i.interrupts_enable)
    interrupts_enable                        0x00000db1   Thumb Code   106  nrf_drv_uart.o(i.interrupts_enable)
    i.list_insertions_handler                0x00000e28   Section        0  app_timer.o(i.list_insertions_handler)
    list_insertions_handler                  0x00000e29   Thumb Code   234  app_timer.o(i.list_insertions_handler)
    i.log_skip                               0x00000f20   Section        0  nrf_log_frontend.o(i.log_skip)
    log_skip                                 0x00000f21   Thumb Code   138  nrf_log_frontend.o(i.log_skip)
    i.main                                   0x00000fb4   Section        0  main.o(i.main)
    i.memobj_op                              0x0000107c   Section        0  nrf_memobj.o(i.memobj_op)
    memobj_op                                0x0000107d   Thumb Code   118  nrf_memobj.o(i.memobj_op)
    i.module_idx_get                         0x000010f4   Section        0  nrf_log_frontend.o(i.module_idx_get)
    module_idx_get                           0x000010f5   Thumb Code    48  nrf_log_frontend.o(i.module_idx_get)
    i.nrf_atomic_flag_set                    0x00001128   Section        0  nrf_log_frontend.o(i.nrf_atomic_flag_set)
    nrf_atomic_flag_set                      0x00001129   Thumb Code    14  nrf_log_frontend.o(i.nrf_atomic_flag_set)
    i.nrf_balloc_alloc                       0x00001136   Section        0  nrf_balloc.o(i.nrf_balloc_alloc)
    i.nrf_balloc_free                        0x00001174   Section        0  nrf_balloc.o(i.nrf_balloc_free)
    i.nrf_balloc_init                        0x0000119e   Section        0  nrf_balloc.o(i.nrf_balloc_init)
    i.nrf_bitmask_bit_is_set                 0x000011ce   Section        0  nrf_drv_gpiote.o(i.nrf_bitmask_bit_is_set)
    nrf_bitmask_bit_is_set                   0x000011cf   Thumb Code    16  nrf_drv_gpiote.o(i.nrf_bitmask_bit_is_set)
    i.nrf_delay_us                           0x000011e0   Section        0  main.o(i.nrf_delay_us)
    nrf_delay_us                             0x000011e1   Thumb Code   132  main.o(i.nrf_delay_us)
    i.nrf_delay_us                           0x0000126c   Section        0  app_timer.o(i.nrf_delay_us)
    nrf_delay_us                             0x0000126d   Thumb Code   132  app_timer.o(i.nrf_delay_us)
    i.nrf_drv_common_irq_disable             0x000012f8   Section        0  nrf_drv_uart.o(i.nrf_drv_common_irq_disable)
    nrf_drv_common_irq_disable               0x000012f9   Thumb Code    22  nrf_drv_uart.o(i.nrf_drv_common_irq_disable)
    i.nrf_drv_common_irq_enable              0x0000130e   Section        0  nrf_drv_common.o(i.nrf_drv_common_irq_enable)
    i.nrf_drv_get_IRQn                       0x00001346   Section        0  nrf_drv_uart.o(i.nrf_drv_get_IRQn)
    nrf_drv_get_IRQn                         0x00001347   Thumb Code     6  nrf_drv_uart.o(i.nrf_drv_get_IRQn)
    i.nrf_drv_is_in_RAM                      0x0000134c   Section        0  nrf_drv_spi.o(i.nrf_drv_is_in_RAM)
    nrf_drv_is_in_RAM                        0x0000134d   Thumb Code    16  nrf_drv_spi.o(i.nrf_drv_is_in_RAM)
    i.nrf_drv_is_in_RAM                      0x0000135c   Section        0  nrf_drv_uart.o(i.nrf_drv_is_in_RAM)
    nrf_drv_is_in_RAM                        0x0000135d   Thumb Code    16  nrf_drv_uart.o(i.nrf_drv_is_in_RAM)
    i.nrf_drv_spi_init                       0x0000136c   Section        0  nrf_drv_spi.o(i.nrf_drv_spi_init)
    i.nrf_drv_spi_transfer                   0x00001494   Section        0  nrf_drv_spi.o(i.nrf_drv_spi_transfer)
    i.nrf_drv_spi_xfer                       0x000014b0   Section        0  nrf_drv_spi.o(i.nrf_drv_spi_xfer)
    i.nrf_drv_uart_init                      0x00001510   Section        0  nrf_drv_uart.o(i.nrf_drv_uart_init)
    i.nrf_drv_uart_tx                        0x00001578   Section        0  nrf_drv_uart.o(i.nrf_drv_uart_tx)
    i.nrf_drv_uart_tx_in_progress            0x00001684   Section        0  nrf_drv_uart.o(i.nrf_drv_uart_tx_in_progress)
    i.nrf_drv_uart_uninit                    0x0000169c   Section        0  nrf_drv_uart.o(i.nrf_drv_uart_uninit)
    i.nrf_fprintf                            0x000016f0   Section        0  nrf_fprintf.o(i.nrf_fprintf)
    i.nrf_fprintf_buffer_flush               0x0000170a   Section        0  nrf_fprintf.o(i.nrf_fprintf_buffer_flush)
    i.nrf_fprintf_fmt                        0x00001722   Section        0  nrf_fprintf_format.o(i.nrf_fprintf_fmt)
    i.nrf_gpio_cfg                           0x000018fc   Section        0  boards.o(i.nrf_gpio_cfg)
    nrf_gpio_cfg                             0x000018fd   Thumb Code    36  boards.o(i.nrf_gpio_cfg)
    i.nrf_gpio_cfg                           0x00001920   Section        0  nrf_drv_spi.o(i.nrf_gpio_cfg)
    nrf_gpio_cfg                             0x00001921   Thumb Code    36  nrf_drv_spi.o(i.nrf_gpio_cfg)
    i.nrf_gpio_cfg                           0x00001944   Section        0  nrf_drv_uart.o(i.nrf_gpio_cfg)
    nrf_gpio_cfg                             0x00001945   Thumb Code    36  nrf_drv_uart.o(i.nrf_gpio_cfg)
    i.nrf_gpio_cfg_default                   0x00001968   Section        0  nrf_drv_uart.o(i.nrf_gpio_cfg_default)
    nrf_gpio_cfg_default                     0x00001969   Thumb Code    18  nrf_drv_uart.o(i.nrf_gpio_cfg_default)
    i.nrf_gpio_cfg_input                     0x0000197a   Section        0  nrf_drv_uart.o(i.nrf_gpio_cfg_input)
    nrf_gpio_cfg_input                       0x0000197b   Thumb Code    18  nrf_drv_uart.o(i.nrf_gpio_cfg_input)
    i.nrf_gpio_cfg_output                    0x0000198c   Section        0  nrf_drv_spi.o(i.nrf_gpio_cfg_output)
    nrf_gpio_cfg_output                      0x0000198d   Thumb Code    20  nrf_drv_spi.o(i.nrf_gpio_cfg_output)
    i.nrf_gpio_cfg_output                    0x000019a0   Section        0  nrf_drv_uart.o(i.nrf_gpio_cfg_output)
    nrf_gpio_cfg_output                      0x000019a1   Thumb Code    20  nrf_drv_uart.o(i.nrf_gpio_cfg_output)
    i.nrf_gpio_cfg_sense_set                 0x000019b4   Section        0  nrf_drv_gpiote.o(i.nrf_gpio_cfg_sense_set)
    nrf_gpio_cfg_sense_set                   0x000019b5   Thumb Code    34  nrf_drv_gpiote.o(i.nrf_gpio_cfg_sense_set)
    i.nrf_gpio_pin_set                       0x000019d6   Section        0  nrf_drv_spi.o(i.nrf_gpio_pin_set)
    nrf_gpio_pin_set                         0x000019d7   Thumb Code    14  nrf_drv_spi.o(i.nrf_gpio_pin_set)
    i.nrf_gpio_pin_write                     0x000019e4   Section        0  boards.o(i.nrf_gpio_pin_write)
    nrf_gpio_pin_write                       0x000019e5   Thumb Code    22  boards.o(i.nrf_gpio_pin_write)
    i.nrf_gpio_ports_read                    0x000019fc   Section        0  nrf_drv_gpiote.o(i.nrf_gpio_ports_read)
    nrf_gpio_ports_read                      0x000019fd   Thumb Code    34  nrf_drv_gpiote.o(i.nrf_gpio_ports_read)
    i.nrf_gpiote_event_clear                 0x00001a24   Section        0  nrf_drv_gpiote.o(i.nrf_gpiote_event_clear)
    nrf_gpiote_event_clear                   0x00001a25   Thumb Code    16  nrf_drv_gpiote.o(i.nrf_gpiote_event_clear)
    i.nrf_gpiote_event_is_set                0x00001a38   Section        0  nrf_drv_gpiote.o(i.nrf_gpiote_event_is_set)
    nrf_gpiote_event_is_set                  0x00001a39   Thumb Code    12  nrf_drv_gpiote.o(i.nrf_gpiote_event_is_set)
    i.nrf_log_backend_add                    0x00001a48   Section        0  nrf_log_frontend.o(i.nrf_log_backend_add)
    i.nrf_log_backend_serial_put             0x00001a98   Section        0  nrf_log_backend_serial.o(i.nrf_log_backend_serial_put)
    i.nrf_log_backend_uart_flush             0x00001b6a   Section        0  nrf_log_backend_uart.o(i.nrf_log_backend_uart_flush)
    nrf_log_backend_uart_flush               0x00001b6b   Thumb Code     2  nrf_log_backend_uart.o(i.nrf_log_backend_uart_flush)
    i.nrf_log_backend_uart_init              0x00001b6c   Section        0  nrf_log_backend_uart.o(i.nrf_log_backend_uart_init)
    i.nrf_log_backend_uart_panic_set         0x00001b74   Section        0  nrf_log_backend_uart.o(i.nrf_log_backend_uart_panic_set)
    nrf_log_backend_uart_panic_set           0x00001b75   Thumb Code    18  nrf_log_backend_uart.o(i.nrf_log_backend_uart_panic_set)
    i.nrf_log_backend_uart_put               0x00001b8c   Section        0  nrf_log_backend_uart.o(i.nrf_log_backend_uart_put)
    nrf_log_backend_uart_put                 0x00001b8d   Thumb Code    16  nrf_log_backend_uart.o(i.nrf_log_backend_uart_put)
    i.nrf_log_color_id_get                   0x00001ba4   Section        0  nrf_log_frontend.o(i.nrf_log_color_id_get)
    i.nrf_log_default_backends_init          0x00001bd4   Section        0  nrf_log_default_backends.o(i.nrf_log_default_backends_init)
    i.nrf_log_frontend_dequeue               0x00001bf0   Section        0  nrf_log_frontend.o(i.nrf_log_frontend_dequeue)
    i.nrf_log_frontend_hexdump               0x00001dd4   Section        0  nrf_log_frontend.o(i.nrf_log_frontend_hexdump)
    i.nrf_log_frontend_std_0                 0x00001e88   Section        0  nrf_log_frontend.o(i.nrf_log_frontend_std_0)
    i.nrf_log_hexdump_entry_process          0x00001e90   Section        0  nrf_log_str_formatter.o(i.nrf_log_hexdump_entry_process)
    i.nrf_log_init                           0x00001f3c   Section        0  nrf_log_frontend.o(i.nrf_log_init)
    i.nrf_log_module_cnt_get                 0x00001f98   Section        0  nrf_log_frontend.o(i.nrf_log_module_cnt_get)
    i.nrf_log_module_name_get                0x00001fac   Section        0  nrf_log_frontend.o(i.nrf_log_module_name_get)
    i.nrf_log_panic                          0x00001fc8   Section        0  nrf_log_frontend.o(i.nrf_log_panic)
    i.nrf_log_std_entry_process              0x00001ff0   Section        0  nrf_log_str_formatter.o(i.nrf_log_std_entry_process)
    i.nrf_memobj_alloc                       0x000020a6   Section        0  nrf_memobj.o(i.nrf_memobj_alloc)
    i.nrf_memobj_free                        0x00002106   Section        0  nrf_memobj.o(i.nrf_memobj_free)
    i.nrf_memobj_get                         0x00002138   Section        0  nrf_memobj.o(i.nrf_memobj_get)
    i.nrf_memobj_pool_init                   0x00002146   Section        0  nrf_memobj.o(i.nrf_memobj_pool_init)
    i.nrf_memobj_put                         0x0000214a   Section        0  nrf_memobj.o(i.nrf_memobj_put)
    i.nrf_memobj_read                        0x0000216c   Section        0  nrf_memobj.o(i.nrf_memobj_read)
    i.nrf_memobj_write                       0x00002178   Section        0  nrf_memobj.o(i.nrf_memobj_write)
    i.nrf_spim_event_check                   0x00002184   Section        0  nrf_drv_spi.o(i.nrf_spim_event_check)
    nrf_spim_event_check                     0x00002185   Thumb Code    10  nrf_drv_spi.o(i.nrf_spim_event_check)
    i.nrf_uart_event_check                   0x0000218e   Section        0  nrf_drv_uart.o(i.nrf_uart_event_check)
    nrf_uart_event_check                     0x0000218f   Thumb Code    10  nrf_drv_uart.o(i.nrf_uart_event_check)
    i.nrf_uart_event_clear                   0x00002198   Section        0  nrf_drv_uart.o(i.nrf_uart_event_clear)
    nrf_uart_event_clear                     0x00002199   Thumb Code    12  nrf_drv_uart.o(i.nrf_uart_event_clear)
    i.nrf_uart_int_enable_check              0x000021a4   Section        0  nrf_drv_uart.o(i.nrf_uart_int_enable_check)
    nrf_uart_int_enable_check                0x000021a5   Thumb Code    12  nrf_drv_uart.o(i.nrf_uart_int_enable_check)
    i.nrf_uarte_event_check                  0x000021b0   Section        0  nrf_drv_uart.o(i.nrf_uarte_event_check)
    nrf_uarte_event_check                    0x000021b1   Thumb Code    10  nrf_drv_uart.o(i.nrf_uarte_event_check)
    i.nrf_uarte_event_clear                  0x000021ba   Section        0  nrf_drv_uart.o(i.nrf_uarte_event_clear)
    nrf_uarte_event_clear                    0x000021bb   Thumb Code    12  nrf_drv_uart.o(i.nrf_uarte_event_clear)
    i.pins_to_default                        0x000021c8   Section        0  nrf_drv_uart.o(i.pins_to_default)
    pins_to_default                          0x000021c9   Thumb Code   114  nrf_drv_uart.o(i.pins_to_default)
    i.postfix_process                        0x00002240   Section        0  nrf_log_str_formatter.o(i.postfix_process)
    postfix_process                          0x00002241   Thumb Code    48  nrf_log_str_formatter.o(i.postfix_process)
    i.prefix_process                         0x0000227c   Section        0  nrf_log_str_formatter.o(i.prefix_process)
    prefix_process                           0x0000227d   Thumb Code    72  nrf_log_str_formatter.o(i.prefix_process)
    i.rtc1_stop                              0x000022d8   Section        0  app_timer.o(i.rtc1_stop)
    rtc1_stop                                0x000022d9   Thumb Code    52  app_timer.o(i.rtc1_stop)
    i.rx_byte                                0x00002314   Section        0  nrf_drv_uart.o(i.rx_byte)
    rx_byte                                  0x00002315   Thumb Code    50  nrf_drv_uart.o(i.rx_byte)
    i.rx_done_event                          0x00002346   Section        0  nrf_drv_uart.o(i.rx_done_event)
    rx_done_event                            0x00002347   Thumb Code    24  nrf_drv_uart.o(i.rx_done_event)
    i.serial_tx                              0x00002360   Section        0  nrf_log_backend_uart.o(i.serial_tx)
    serial_tx                                0x00002361   Thumb Code    36  nrf_log_backend_uart.o(i.serial_tx)
    i.spi_event_handler                      0x00002388   Section        0  main.o(i.spi_event_handler)
    i.spim_xfer                              0x000023fc   Section        0  nrf_drv_spi.o(i.spim_xfer)
    spim_xfer                                0x000023fd   Thumb Code   178  nrf_drv_spi.o(i.spim_xfer)
    i.std_n                                  0x000024b0   Section        0  nrf_log_frontend.o(i.std_n)
    std_n                                    0x000024b1   Thumb Code   140  nrf_log_frontend.o(i.std_n)
    i.timer_list_handler                     0x00002540   Section        0  app_timer.o(i.timer_list_handler)
    timer_list_handler                       0x00002541   Thumb Code   122  app_timer.o(i.timer_list_handler)
    i.timer_list_insert                      0x000025c0   Section        0  app_timer.o(i.timer_list_insert)
    timer_list_insert                        0x000025c1   Thumb Code    56  app_timer.o(i.timer_list_insert)
    i.timer_list_remove                      0x000025fc   Section        0  app_timer.o(i.timer_list_remove)
    timer_list_remove                        0x000025fd   Thumb Code    88  app_timer.o(i.timer_list_remove)
    i.timer_timeouts_check                   0x0000265c   Section        0  app_timer.o(i.timer_timeouts_check)
    timer_timeouts_check                     0x0000265d   Thumb Code   106  app_timer.o(i.timer_timeouts_check)
    i.tx_byte                                0x000026d0   Section        0  nrf_drv_uart.o(i.tx_byte)
    tx_byte                                  0x000026d1   Thumb Code    32  nrf_drv_uart.o(i.tx_byte)
    i.tx_done_event                          0x000026f0   Section        0  nrf_drv_uart.o(i.tx_done_event)
    tx_done_event                            0x000026f1   Thumb Code    28  nrf_drv_uart.o(i.tx_done_event)
    i.uart_evt_handler                       0x0000270c   Section        0  nrf_log_backend_uart.o(i.uart_evt_handler)
    uart_evt_handler                         0x0000270d   Thumb Code     8  nrf_log_backend_uart.o(i.uart_evt_handler)
    i.uart_init                              0x00002718   Section        0  nrf_log_backend_uart.o(i.uart_init)
    uart_init                                0x00002719   Thumb Code    66  nrf_log_backend_uart.o(i.uart_init)
    i.uart_irq_handler                       0x00002768   Section        0  nrf_drv_uart.o(i.uart_irq_handler)
    uart_irq_handler                         0x00002769   Thumb Code   286  nrf_drv_uart.o(i.uart_irq_handler)
    i.uarte_irq_handler                      0x00002886   Section        0  nrf_drv_uart.o(i.uarte_irq_handler)
    uarte_irq_handler                        0x00002887   Thumb Code   240  nrf_drv_uart.o(i.uarte_irq_handler)
    i.unsigned_print                         0x00002978   Section        0  nrf_fprintf_format.o(i.unsigned_print)
    unsigned_print                           0x00002979   Thumb Code   176  nrf_fprintf_format.o(i.unsigned_print)
    .constdata                               0x00002a2c   Section       24  main.o(.constdata)
    spi                                      0x00002a2c   Data           8  main.o(.constdata)
    .constdata                               0x00002a44   Section        8  boards.o(.constdata)
    m_board_led_list                         0x00002a44   Data           4  boards.o(.constdata)
    m_board_btn_list                         0x00002a48   Data           4  boards.o(.constdata)
    .constdata                               0x00002a4c   Section        4  nrf_drv_gpiote.o(.constdata)
    .constdata                               0x00002a50   Section       16  nrf_fprintf_format.o(.constdata)
    _aV2C                                    0x00002a50   Data          16  nrf_fprintf_format.o(.constdata)
    .constdata                               0x00002a60   Section       12  nrf_log_backend_uart.o(.constdata)
    .constdata                               0x00002a6c   Section       32  nrf_log_backend_uart.o(.constdata)
    .constdata                               0x00002a8c   Section       20  nrf_log_frontend.o(.constdata)
    mempool                                  0x00002a8c   Data          20  nrf_log_frontend.o(.constdata)
    .constdata                               0x00002aa0   Section      129  ctype_o.o(.constdata)
    .constdata                               0x00002b24   Section        4  ctype_o.o(.constdata)
    table                                    0x00002b24   Data           4  ctype_o.o(.constdata)
    .conststring                             0x00002b28   Section      102  nrf_log_str_formatter.o(.conststring)
    .conststrlit                             0x00002b90   Section        7  nrf_drv_gpiote.o(.conststrlit)
    .conststrlit                             0x00002b98   Section        4  nrf_drv_spi.o(.conststrlit)
    .conststrlit                             0x00002b9c   Section        5  nrf_drv_uart.o(.conststrlit)
    .conststrlit                             0x00002ba4   Section        7  nrf_balloc.o(.conststrlit)
    .conststrlit                             0x00002bac   Section        4  nrf_log_frontend.o(.conststrlit)
    log_const_data                           0x00002bd0   Section        8  nrf_drv_gpiote.o(log_const_data)
    __tagsym$$used                           0x00002bd0   Number         0  nrf_drv_gpiote.o(log_const_data)
    log_const_data                           0x00002bd8   Section        8  nrf_drv_spi.o(log_const_data)
    __tagsym$$used                           0x00002bd8   Number         0  nrf_drv_spi.o(log_const_data)
    log_const_data                           0x00002be0   Section        8  nrf_drv_uart.o(log_const_data)
    __tagsym$$used                           0x00002be0   Number         0  nrf_drv_uart.o(log_const_data)
    log_const_data                           0x00002be8   Section        8  nrf_balloc.o(log_const_data)
    __tagsym$$used                           0x00002be8   Number         0  nrf_balloc.o(log_const_data)
    log_const_data                           0x00002bf0   Section        8  nrf_log_frontend.o(log_const_data)
    __tagsym$$used                           0x00002bf0   Number         0  nrf_log_frontend.o(log_const_data)
    .data                                    0x20000000   Section       16  main.o(.data)
    spi_xfer_done                            0x20000000   Data           1  main.o(.data)
    m_tx_buf                                 0x20000001   Data           7  main.o(.data)
    m_rx_buf                                 0x20000008   Data           8  main.o(.data)
    .data                                    0x20000010   Section        4  system_nrf52.o(.data)
    __tagsym$$used                           0x20000010   Number         0  system_nrf52.o(.data)
    .data                                    0x20000014   Section       20  app_timer.o(.data)
    m_ticks_elapsed_q_read_ind               0x20000014   Data           1  app_timer.o(.data)
    m_ticks_elapsed_q_write_ind              0x20000015   Data           1  app_timer.o(.data)
    m_rtc1_running                           0x20000016   Data           1  app_timer.o(.data)
    m_rtc1_reset                             0x20000017   Data           1  app_timer.o(.data)
    mp_timer_id_head                         0x20000018   Data           4  app_timer.o(.data)
    m_ticks_latest                           0x2000001c   Data           4  app_timer.o(.data)
    m_ticks_elapsed                          0x20000020   Data           8  app_timer.o(.data)
    .data                                    0x20000028   Section        4  app_util_platform.o(.data)
    m_in_critical_region                     0x20000028   Data           4  app_util_platform.o(.data)
    .data                                    0x2000002c   Section       12  nrf_log_backend_uart.o(.data)
    m_xfer_done                              0x2000002c   Data           1  nrf_log_backend_uart.o(.data)
    m_async_mode                             0x2000002d   Data           1  nrf_log_backend_uart.o(.data)
    .data                                    0x20000038   Section       12  nrf_log_default_backends.o(.data)
    uart_log_backend                         0x20000038   Data          12  nrf_log_default_backends.o(.data)
    .data                                    0x20000044   Section        8  nrf_log_frontend.o(.data)
    mempool_nrf_balloc_pool_stack            0x20000044   Data           8  nrf_log_frontend.o(.data)
    .data                                    0x2000004c   Section        8  nrf_log_frontend.o(.data)
    mempool_nrf_balloc_cb                    0x2000004c   Data           8  nrf_log_frontend.o(.data)
    .data                                    0x20000054   Section       56  nrf_log_str_formatter.o(.data)
    severity_names                           0x20000054   Data          20  nrf_log_str_formatter.o(.data)
    m_colors                                 0x20000068   Data          36  nrf_log_str_formatter.o(.data)
    log_dynamic_data                         0x2000008c   Section       12  nrf_drv_gpiote.o(log_dynamic_data)
    __tagsym$$used                           0x2000008c   Number         0  nrf_drv_gpiote.o(log_dynamic_data)
    log_dynamic_data                         0x20000098   Section       12  nrf_drv_spi.o(log_dynamic_data)
    __tagsym$$used                           0x20000098   Number         0  nrf_drv_spi.o(log_dynamic_data)
    log_dynamic_data                         0x200000a4   Section       12  nrf_drv_uart.o(log_dynamic_data)
    __tagsym$$used                           0x200000a4   Number         0  nrf_drv_uart.o(log_dynamic_data)
    log_dynamic_data                         0x200000b0   Section       12  nrf_balloc.o(log_dynamic_data)
    __tagsym$$used                           0x200000b0   Number         0  nrf_balloc.o(log_dynamic_data)
    log_dynamic_data                         0x200000bc   Section       12  nrf_log_frontend.o(log_dynamic_data)
    __tagsym$$used                           0x200000bc   Number         0  nrf_log_frontend.o(log_dynamic_data)
    .bss                                     0x200000c8   Section       88  nrf_drv_gpiote.o(.bss)
    m_cb                                     0x200000c8   Data          88  nrf_drv_gpiote.o(.bss)
    .bss                                     0x20000120   Section       36  nrf_drv_spi.o(.bss)
    m_cb                                     0x20000120   Data          36  nrf_drv_spi.o(.bss)
    .bss                                     0x20000144   Section       32  nrf_drv_uart.o(.bss)
    m_cb                                     0x20000144   Data          32  nrf_drv_uart.o(.bss)
    .bss                                     0x20000164   Section      268  app_timer.o(.bss)
    m_op_queue                               0x20000164   Data         268  app_timer.o(.bss)
    .bss                                     0x20000270   Section       64  nrf_log_backend_uart.o(.bss)
    m_string_buff                            0x20000270   Data          64  nrf_log_backend_uart.o(.bss)
    .bss                                     0x200002b0   Section      192  nrf_log_frontend.o(.bss)
    mempool_nrf_balloc_pool_mem              0x200002b0   Data         192  nrf_log_frontend.o(.bss)
    .bss                                     0x20000370   Section     1056  nrf_log_frontend.o(.bss)
    m_log_data                               0x20000370   Data        1056  nrf_log_frontend.o(.bss)
    STACK                                    0x20000790   Section     8192  arm_startup_nrf52.o(STACK)

    Global Symbols

    Symbol Name                              Value     Ov Type        Size  Object(Section)

    BuildAttributes$$THM_ISAv4$E$P$D$K$B$S$7EM$VFPi3$EXTD16$VFPS$VFMA$PE$A:L22UL41UL21$X:L11$S22US41US21$IEEE1$IW$USESV6$~STKCKD$USESV7$~SHL$OSPACE$EBA8$MICROLIB$REQ8$PRES8$EABIv2 0x00000000   Number         0  anon$$obj.o ABSOLUTE
    __ARM_use_no_argv                        0x00000000   Number         0  main.o ABSOLUTE
    __Vectors                                0x00000000   Data           4  arm_startup_nrf52.o(RESET)
    __use_no_errno                           0x00000000   Number         0  useno.o ABSOLUTE
    __use_no_exception_handling              0x00000000   Number         0  useno.o ABSOLUTE
    __use_no_fp                              0x00000000   Number         0  useno.o ABSOLUTE
    __use_no_heap                            0x00000000   Number         0  useno.o ABSOLUTE
    __use_no_heap_region                     0x00000000   Number         0  useno.o ABSOLUTE
    __use_no_semihosting                     0x00000000   Number         0  useno.o ABSOLUTE
    __use_no_semihosting_swi                 0x00000000   Number         0  useno.o ABSOLUTE
    __use_no_signal_handling                 0x00000000   Number         0  useno.o ABSOLUTE
    __cpp_initialize__aeabi_                  - Undefined Weak Reference
    __cxa_finalize                            - Undefined Weak Reference
    __decompress                              - Undefined Weak Reference
    _clock_init                               - Undefined Weak Reference
    _microlib_exit                            - Undefined Weak Reference
    __Vectors_End                            0x00000200   Data           0  arm_startup_nrf52.o(RESET)
    __Vectors_Size                           0x00000200   Number         0  arm_startup_nrf52.o ABSOLUTE
    __main                                   0x00000201   Thumb Code     0  entry.o(.ARM.Collect$$$$00000000)
    _main_stk                                0x00000201   Thumb Code     0  entry2.o(.ARM.Collect$$$$00000001)
    _main_scatterload                        0x00000205   Thumb Code     0  entry5.o(.ARM.Collect$$$$00000004)
    __main_after_scatterload                 0x00000209   Thumb Code     0  entry5.o(.ARM.Collect$$$$00000004)
    _main_clock                              0x00000209   Thumb Code     0  entry7b.o(.ARM.Collect$$$$00000008)
    _main_cpp_init                           0x00000209   Thumb Code     0  entry8b.o(.ARM.Collect$$$$0000000A)
    _main_init                               0x00000209   Thumb Code     0  entry9a.o(.ARM.Collect$$$$0000000B)
    __rt_final_cpp                           0x00000211   Thumb Code     0  entry10a.o(.ARM.Collect$$$$0000000D)
    __rt_final_exit                          0x00000211   Thumb Code     0  entry11a.o(.ARM.Collect$$$$0000000F)
    __asm___12_nrf_memobj_c_9bb9f865__nrf_atomic_internal_mov 0x00000215   Thumb Code    24  nrf_memobj.o(.emb_text)
    __asm___12_nrf_memobj_c_9bb9f865__nrf_atomic_internal_orr 0x0000022d   Thumb Code    26  nrf_memobj.o(.emb_text)
    __asm___12_nrf_memobj_c_9bb9f865__nrf_atomic_internal_and 0x00000247   Thumb Code    26  nrf_memobj.o(.emb_text)
    __asm___12_nrf_memobj_c_9bb9f865__nrf_atomic_internal_eor 0x00000261   Thumb Code    26  nrf_memobj.o(.emb_text)
    __asm___12_nrf_memobj_c_9bb9f865__nrf_atomic_internal_add 0x0000027b   Thumb Code    26  nrf_memobj.o(.emb_text)
    __asm___12_nrf_memobj_c_9bb9f865__nrf_atomic_internal_sub 0x00000295   Thumb Code    26  nrf_memobj.o(.emb_text)
    __asm___18_nrf_log_frontend_c_bc460776__nrf_atomic_internal_mov 0x000002b1   Thumb Code    24  nrf_log_frontend.o(.emb_text)
    __asm___18_nrf_log_frontend_c_bc460776__nrf_atomic_internal_orr 0x000002c9   Thumb Code    26  nrf_log_frontend.o(.emb_text)
    __asm___18_nrf_log_frontend_c_bc460776__nrf_atomic_internal_and 0x000002e3   Thumb Code    26  nrf_log_frontend.o(.emb_text)
    __asm___18_nrf_log_frontend_c_bc460776__nrf_atomic_internal_eor 0x000002fd   Thumb Code    26  nrf_log_frontend.o(.emb_text)
    __asm___18_nrf_log_frontend_c_bc460776__nrf_atomic_internal_add 0x00000317   Thumb Code    26  nrf_log_frontend.o(.emb_text)
    __asm___18_nrf_log_frontend_c_bc460776__nrf_atomic_internal_sub 0x00000331   Thumb Code    26  nrf_log_frontend.o(.emb_text)
    Reset_Handler                            0x0000034d   Thumb Code     8  arm_startup_nrf52.o(.text)
    NMI_Handler                              0x00000355   Thumb Code     2  arm_startup_nrf52.o(.text)
    HardFault_Handler                        0x00000357   Thumb Code     2  arm_startup_nrf52.o(.text)
    MemoryManagement_Handler                 0x00000359   Thumb Code     2  arm_startup_nrf52.o(.text)
    BusFault_Handler                         0x0000035b   Thumb Code     2  arm_startup_nrf52.o(.text)
    UsageFault_Handler                       0x0000035d   Thumb Code     2  arm_startup_nrf52.o(.text)
    SVC_Handler                              0x0000035f   Thumb Code     2  arm_startup_nrf52.o(.text)
    DebugMon_Handler                         0x00000361   Thumb Code     2  arm_startup_nrf52.o(.text)
    PendSV_Handler                           0x00000363   Thumb Code     2  arm_startup_nrf52.o(.text)
    SysTick_Handler                          0x00000365   Thumb Code     2  arm_startup_nrf52.o(.text)
    CCM_AAR_IRQHandler                       0x00000367   Thumb Code     0  arm_startup_nrf52.o(.text)
    COMP_LPCOMP_IRQHandler                   0x00000367   Thumb Code     0  arm_startup_nrf52.o(.text)
    ECB_IRQHandler                           0x00000367   Thumb Code     0  arm_startup_nrf52.o(.text)
    FPU_IRQHandler                           0x00000367   Thumb Code     0  arm_startup_nrf52.o(.text)
    I2S_IRQHandler                           0x00000367   Thumb Code     0  arm_startup_nrf52.o(.text)
    MWU_IRQHandler                           0x00000367   Thumb Code     0  arm_startup_nrf52.o(.text)
    NFCT_IRQHandler                          0x00000367   Thumb Code     0  arm_startup_nrf52.o(.text)
    PDM_IRQHandler                           0x00000367   Thumb Code     0  arm_startup_nrf52.o(.text)
    POWER_CLOCK_IRQHandler                   0x00000367   Thumb Code     0  arm_startup_nrf52.o(.text)
    PWM0_IRQHandler                          0x00000367   Thumb Code     0  arm_startup_nrf52.o(.text)
    PWM1_IRQHandler                          0x00000367   Thumb Code     0  arm_startup_nrf52.o(.text)
    PWM2_IRQHandler                          0x00000367   Thumb Code     0  arm_startup_nrf52.o(.text)
    QDEC_IRQHandler                          0x00000367   Thumb Code     0  arm_startup_nrf52.o(.text)
    RADIO_IRQHandler                         0x00000367   Thumb Code     0  arm_startup_nrf52.o(.text)
    RNG_IRQHandler                           0x00000367   Thumb Code     0  arm_startup_nrf52.o(.text)
    RTC0_IRQHandler                          0x00000367   Thumb Code     0  arm_startup_nrf52.o(.text)
    RTC2_IRQHandler                          0x00000367   Thumb Code     0  arm_startup_nrf52.o(.text)
    SAADC_IRQHandler                         0x00000367   Thumb Code     0  arm_startup_nrf52.o(.text)
    SPIM1_SPIS1_TWIM1_TWIS1_SPI1_TWI1_IRQHandler 0x00000367   Thumb Code     0  arm_startup_nrf52.o(.text)
    SPIM2_SPIS2_SPI2_IRQHandler              0x00000367   Thumb Code     0  arm_startup_nrf52.o(.text)
    SWI1_EGU1_IRQHandler                     0x00000367   Thumb Code     0  arm_startup_nrf52.o(.text)
    SWI2_EGU2_IRQHandler                     0x00000367   Thumb Code     0  arm_startup_nrf52.o(.text)
    SWI3_EGU3_IRQHandler                     0x00000367   Thumb Code     0  arm_startup_nrf52.o(.text)
    SWI4_EGU4_IRQHandler                     0x00000367   Thumb Code     0  arm_startup_nrf52.o(.text)
    SWI5_EGU5_IRQHandler                     0x00000367   Thumb Code     0  arm_startup_nrf52.o(.text)
    TEMP_IRQHandler                          0x00000367   Thumb Code     0  arm_startup_nrf52.o(.text)
    TIMER0_IRQHandler                        0x00000367   Thumb Code     0  arm_startup_nrf52.o(.text)
    TIMER1_IRQHandler                        0x00000367   Thumb Code     0  arm_startup_nrf52.o(.text)
    TIMER2_IRQHandler                        0x00000367   Thumb Code     0  arm_startup_nrf52.o(.text)
    TIMER3_IRQHandler                        0x00000367   Thumb Code     0  arm_startup_nrf52.o(.text)
    TIMER4_IRQHandler                        0x00000367   Thumb Code     0  arm_startup_nrf52.o(.text)
    WDT_IRQHandler                           0x00000367   Thumb Code     0  arm_startup_nrf52.o(.text)
    __rt_ctype_table                         0x00000371   Thumb Code     4  ctype_o.o(.text)
    __aeabi_memcpy                           0x00000379   Thumb Code    36  memcpya.o(.text)
    __aeabi_memcpy4                          0x00000379   Thumb Code     0  memcpya.o(.text)
    __aeabi_memcpy8                          0x00000379   Thumb Code     0  memcpya.o(.text)
    __aeabi_memset                           0x0000039d   Thumb Code    14  memseta.o(.text)
    __aeabi_memset4                          0x0000039d   Thumb Code     0  memseta.o(.text)
    __aeabi_memset8                          0x0000039d   Thumb Code     0  memseta.o(.text)
    __aeabi_memclr                           0x000003ab   Thumb Code     4  memseta.o(.text)
    __aeabi_memclr4                          0x000003ab   Thumb Code     0  memseta.o(.text)
    __aeabi_memclr8                          0x000003ab   Thumb Code     0  memseta.o(.text)
    _memset$wrapper                          0x000003af   Thumb Code    18  memseta.o(.text)
    strlen                                   0x000003c1   Thumb Code    14  strlen.o(.text)
    __scatterload                            0x000003d1   Thumb Code    28  init.o(.text)
    __scatterload_rt2                        0x000003d1   Thumb Code     0  init.o(.text)
    GPIOTE_IRQHandler                        0x000003f5   Thumb Code   362  nrf_drv_gpiote.o(i.GPIOTE_IRQHandler)
    RTC1_IRQHandler                          0x000005d1   Thumb Code    32  app_timer.o(i.RTC1_IRQHandler)
    SPIM0_SPIS0_TWIM0_TWIS0_SPI0_TWI0_IRQHandler 0x000005f5   Thumb Code    66  nrf_drv_spi.o(i.SPIM0_SPIS0_TWIM0_TWIS0_SPI0_TWI0_IRQHandler)
    SWI0_EGU0_IRQHandler                     0x00000641   Thumb Code     4  app_timer.o(i.SWI0_EGU0_IRQHandler)
    SystemInit                               0x00000645   Thumb Code   724  system_nrf52.o(i.SystemInit)
    UARTE0_UART0_IRQHandler                  0x00000955   Thumb Code    20  nrf_drv_uart.o(i.UARTE0_UART0_IRQHandler)
    __scatterload_copy                       0x00000971   Thumb Code    14  handlers.o(i.__scatterload_copy)
    __scatterload_null                       0x0000097f   Thumb Code     2  handlers.o(i.__scatterload_null)
    __scatterload_zeroinit                   0x00000981   Thumb Code    14  handlers.o(i.__scatterload_zeroinit)
    app_error_fault_handler                  0x00000991   Thumb Code    80  app_error_weak.o(i.app_error_fault_handler)
    app_error_handler_bare                   0x00000a09   Thumb Code    22  app_error.o(i.app_error_handler_bare)
    app_util_critical_region_enter           0x00000a1f   Thumb Code     4  app_util_platform.o(i.app_util_critical_region_enter)
    app_util_critical_region_exit            0x00000a23   Thumb Code     4  app_util_platform.o(i.app_util_critical_region_exit)
    app_util_disable_irq                     0x00000a29   Thumb Code    12  app_util_platform.o(i.app_util_disable_irq)
    app_util_enable_irq                      0x00000a39   Thumb Code    14  app_util_platform.o(i.app_util_enable_irq)
    bsp_board_led_invert                     0x00000b05   Thumb Code    32  boards.o(i.bsp_board_led_invert)
    bsp_board_led_off                        0x00000b29   Thumb Code    10  boards.o(i.bsp_board_led_off)
    bsp_board_leds_init                      0x00000b39   Thumb Code    38  boards.o(i.bsp_board_leds_init)
    bsp_board_leds_off                       0x00000b65   Thumb Code    18  boards.o(i.bsp_board_leds_off)
    buffer_is_empty                          0x00000bf9   Thumb Code    16  nrf_log_frontend.o(i.buffer_is_empty)
    main                                     0x00000fb5   Thumb Code   164  main.o(i.main)
    nrf_balloc_alloc                         0x00001137   Thumb Code    62  nrf_balloc.o(i.nrf_balloc_alloc)
    nrf_balloc_free                          0x00001175   Thumb Code    42  nrf_balloc.o(i.nrf_balloc_free)
    nrf_balloc_init                          0x0000119f   Thumb Code    48  nrf_balloc.o(i.nrf_balloc_init)
    nrf_drv_common_irq_enable                0x0000130f   Thumb Code    56  nrf_drv_common.o(i.nrf_drv_common_irq_enable)
    nrf_drv_spi_init                         0x0000136d   Thumb Code   292  nrf_drv_spi.o(i.nrf_drv_spi_init)
    nrf_drv_spi_transfer                     0x00001495   Thumb Code    28  nrf_drv_spi.o(i.nrf_drv_spi_transfer)
    nrf_drv_spi_xfer                         0x000014b1   Thumb Code    90  nrf_drv_spi.o(i.nrf_drv_spi_xfer)
    nrf_drv_uart_init                        0x00001511   Thumb Code    98  nrf_drv_uart.o(i.nrf_drv_uart_init)
    nrf_drv_uart_tx                          0x00001579   Thumb Code   262  nrf_drv_uart.o(i.nrf_drv_uart_tx)
    nrf_drv_uart_tx_in_progress              0x00001685   Thumb Code    18  nrf_drv_uart.o(i.nrf_drv_uart_tx_in_progress)
    nrf_drv_uart_uninit                      0x0000169d   Thumb Code    74  nrf_drv_uart.o(i.nrf_drv_uart_uninit)
    nrf_fprintf                              0x000016f1   Thumb Code    26  nrf_fprintf.o(i.nrf_fprintf)
    nrf_fprintf_buffer_flush                 0x0000170b   Thumb Code    24  nrf_fprintf.o(i.nrf_fprintf_buffer_flush)
    nrf_fprintf_fmt                          0x00001723   Thumb Code   474  nrf_fprintf_format.o(i.nrf_fprintf_fmt)
    nrf_log_backend_add                      0x00001a49   Thumb Code    74  nrf_log_frontend.o(i.nrf_log_backend_add)
    nrf_log_backend_serial_put               0x00001a99   Thumb Code   210  nrf_log_backend_serial.o(i.nrf_log_backend_serial_put)
    nrf_log_backend_uart_init                0x00001b6d   Thumb Code     6  nrf_log_backend_uart.o(i.nrf_log_backend_uart_init)
    nrf_log_color_id_get                     0x00001ba5   Thumb Code    42  nrf_log_frontend.o(i.nrf_log_color_id_get)
    nrf_log_default_backends_init            0x00001bd5   Thumb Code    22  nrf_log_default_backends.o(i.nrf_log_default_backends_init)
    nrf_log_frontend_dequeue                 0x00001bf1   Thumb Code   476  nrf_log_frontend.o(i.nrf_log_frontend_dequeue)
    nrf_log_frontend_hexdump                 0x00001dd5   Thumb Code   176  nrf_log_frontend.o(i.nrf_log_frontend_hexdump)
    nrf_log_frontend_std_0                   0x00001e89   Thumb Code     8  nrf_log_frontend.o(i.nrf_log_frontend_std_0)
    nrf_log_hexdump_entry_process            0x00001e91   Thumb Code   146  nrf_log_str_formatter.o(i.nrf_log_hexdump_entry_process)
    nrf_log_init                             0x00001f3d   Thumb Code    70  nrf_log_frontend.o(i.nrf_log_init)
    nrf_log_module_cnt_get                   0x00001f99   Thumb Code    10  nrf_log_frontend.o(i.nrf_log_module_cnt_get)
    nrf_log_module_name_get                  0x00001fad   Thumb Code    24  nrf_log_frontend.o(i.nrf_log_module_name_get)
    nrf_log_panic                            0x00001fc9   Thumb Code    34  nrf_log_frontend.o(i.nrf_log_panic)
    nrf_log_std_entry_process                0x00001ff1   Thumb Code   182  nrf_log_str_formatter.o(i.nrf_log_std_entry_process)
    nrf_memobj_alloc                         0x000020a7   Thumb Code    96  nrf_memobj.o(i.nrf_memobj_alloc)
    nrf_memobj_free                          0x00002107   Thumb Code    50  nrf_memobj.o(i.nrf_memobj_free)
    nrf_memobj_get                           0x00002139   Thumb Code    14  nrf_memobj.o(i.nrf_memobj_get)
    nrf_memobj_pool_init                     0x00002147   Thumb Code     4  nrf_memobj.o(i.nrf_memobj_pool_init)
    nrf_memobj_put                           0x0000214b   Thumb Code    34  nrf_memobj.o(i.nrf_memobj_put)
    nrf_memobj_read                          0x0000216d   Thumb Code    12  nrf_memobj.o(i.nrf_memobj_read)
    nrf_memobj_write                         0x00002179   Thumb Code    12  nrf_memobj.o(i.nrf_memobj_write)
    spi_event_handler                        0x00002389   Thumb Code    76  main.o(i.spi_event_handler)
    nrf_log_backend_uart_api                 0x00002a60   Data          12  nrf_log_backend_uart.o(.constdata)
    __ctype_table                            0x00002aa0   Data         129  ctype_o.o(.constdata)
    Region$$Table$$Base                      0x00002bb0   Number         0  anon$$obj.o(Region$$Table)
    Region$$Table$$Limit                     0x00002bd0   Number         0  anon$$obj.o(Region$$Table)
    log_const_data$$Base                     0x00002bd0   Number         0  nrf_drv_gpiote.o(log_const_data)
    m_nrf_log_gpiote_logs_data_const         0x00002bd0   Data           8  nrf_drv_gpiote.o(log_const_data)
    m_nrf_log_spi_logs_data_const            0x00002bd8   Data           8  nrf_drv_spi.o(log_const_data)
    m_nrf_log_uart_logs_data_const           0x00002be0   Data           8  nrf_drv_uart.o(log_const_data)
    m_nrf_log_balloc_logs_data_const         0x00002be8   Data           8  nrf_balloc.o(log_const_data)
    m_nrf_log_app_logs_data_const            0x00002bf0   Data           8  nrf_log_frontend.o(log_const_data)
    log_const_data$$Limit                    0x00002bf8   Number         0  nrf_log_frontend.o(log_const_data)
    SystemCoreClock                          0x20000010   Data           4  system_nrf52.o(.data)
    m_uart                                   0x20000030   Data           8  nrf_log_backend_uart.o(.data)
    log_dynamic_data$$Base                   0x2000008c   Number         0  nrf_drv_gpiote.o(log_dynamic_data)
    m_nrf_log_gpiote_logs_data_dynamic       0x2000008c   Data          12  nrf_drv_gpiote.o(log_dynamic_data)
    m_nrf_log_spi_logs_data_dynamic          0x20000098   Data          12  nrf_drv_spi.o(log_dynamic_data)
    m_nrf_log_uart_logs_data_dynamic         0x200000a4   Data          12  nrf_drv_uart.o(log_dynamic_data)
    m_nrf_log_balloc_logs_data_dynamic       0x200000b0   Data          12  nrf_balloc.o(log_dynamic_data)
    m_nrf_log_app_logs_data_dynamic          0x200000bc   Data          12  nrf_log_frontend.o(log_dynamic_data)
    __initial_sp                             0x20002790   Data           0  arm_startup_nrf52.o(STACK)



==============================================================================

Memory Map of the image

  Image Entry point : 0x00000201

  Load Region LR_IROM1 (Base: 0x00000000, Size: 0x00002cc0, Max: 0x00080000, ABSOLUTE)

    Execution Region ER_IROM1 (Exec base: 0x00000000, Load base: 0x00000000, Size: 0x00002bf8, Max: 0x00080000, ABSOLUTE)

    Exec Addr    Load Addr    Size         Type   Attr      Idx    E Section Name        Object

    0x00000000   0x00000000   0x00000200   Data   RO          480    RESET               arm_startup_nrf52.o
    0x00000200   0x00000200   0x00000000   Code   RO         2624  * .ARM.Collect$$$$00000000  mc_w.l(entry.o)
    0x00000200   0x00000200   0x00000004   Code   RO         2674    .ARM.Collect$$$$00000001  mc_w.l(entry2.o)
    0x00000204   0x00000204   0x00000004   Code   RO         2677    .ARM.Collect$$$$00000004  mc_w.l(entry5.o)
    0x00000208   0x00000208   0x00000000   Code   RO         2679    .ARM.Collect$$$$00000008  mc_w.l(entry7b.o)
    0x00000208   0x00000208   0x00000000   Code   RO         2681    .ARM.Collect$$$$0000000A  mc_w.l(entry8b.o)
    0x00000208   0x00000208   0x00000008   Code   RO         2682    .ARM.Collect$$$$0000000B  mc_w.l(entry9a.o)
    0x00000210   0x00000210   0x00000000   Code   RO         2684    .ARM.Collect$$$$0000000D  mc_w.l(entry10a.o)
    0x00000210   0x00000210   0x00000000   Code   RO         2686    .ARM.Collect$$$$0000000F  mc_w.l(entry11a.o)
    0x00000210   0x00000210   0x00000004   Code   RO         2675    .ARM.Collect$$$$00002712  mc_w.l(entry2.o)
    0x00000214   0x00000214   0x0000009a   Code   RO         1750    .emb_text           nrf_memobj.o
    0x000002ae   0x000002ae   0x00000002   PAD
    0x000002b0   0x000002b0   0x0000009a   Code   RO         2034    .emb_text           nrf_log_frontend.o
    0x0000034a   0x0000034a   0x00000002   PAD
    0x0000034c   0x0000034c   0x00000024   Code   RO          481    .text               arm_startup_nrf52.o
    0x00000370   0x00000370   0x00000008   Code   RO         2634    .text               mc_w.l(ctype_o.o)
    0x00000378   0x00000378   0x00000024   Code   RO         2662    .text               mc_w.l(memcpya.o)
    0x0000039c   0x0000039c   0x00000024   Code   RO         2664    .text               mc_w.l(memseta.o)
    0x000003c0   0x000003c0   0x0000000e   Code   RO         2666    .text               mc_w.l(strlen.o)
    0x000003ce   0x000003ce   0x00000002   PAD
    0x000003d0   0x000003d0   0x00000024   Code   RO         2694    .text               mc_w.l(init.o)
    0x000003f4   0x000003f4   0x00000174   Code   RO          564    i.GPIOTE_IRQHandler  nrf_drv_gpiote.o
    0x00000568   0x00000568   0x00000016   Code   RO         1368    i.NVIC_ClearPendingIRQ  app_timer.o
    0x0000057e   0x0000057e   0x00000016   Code   RO         1369    i.NVIC_EnableIRQ    app_timer.o
    0x00000594   0x00000594   0x00000016   Code   RO         1370    i.NVIC_SetPendingIRQ  app_timer.o
    0x000005aa   0x000005aa   0x00000002   PAD
    0x000005ac   0x000005ac   0x00000024   Code   RO          488    i.NVIC_SystemReset  system_nrf52.o
    0x000005d0   0x000005d0   0x00000024   Code   RO         1372    i.RTC1_IRQHandler   app_timer.o
    0x000005f4   0x000005f4   0x0000004c   Code   RO          830    i.SPIM0_SPIS0_TWIM0_TWIS0_SPI0_TWI0_IRQHandler  nrf_drv_spi.o
    0x00000640   0x00000640   0x00000004   Code   RO         1373    i.SWI0_EGU0_IRQHandler  app_timer.o
    0x00000644   0x00000644   0x00000310   Code   RO          490    i.SystemInit        system_nrf52.o
    0x00000954   0x00000954   0x0000001c   Code   RO          948    i.UARTE0_UART0_IRQHandler  nrf_drv_uart.o
    0x00000970   0x00000970   0x0000000e   Code   RO         2698    i.__scatterload_copy  mc_w.l(handlers.o)
    0x0000097e   0x0000097e   0x00000002   Code   RO         2699    i.__scatterload_null  mc_w.l(handlers.o)
    0x00000980   0x00000980   0x0000000e   Code   RO         2700    i.__scatterload_zeroinit  mc_w.l(handlers.o)
    0x0000098e   0x0000098e   0x00000002   PAD
    0x00000990   0x00000990   0x00000078   Code   RO         1281    i.app_error_fault_handler  app_error_weak.o
    0x00000a08   0x00000a08   0x00000016   Code   RO         1242    i.app_error_handler_bare  app_error.o
    0x00000a1e   0x00000a1e   0x00000004   Code   RO         1537    i.app_util_critical_region_enter  app_util_platform.o
    0x00000a22   0x00000a22   0x00000004   Code   RO         1538    i.app_util_critical_region_exit  app_util_platform.o
    0x00000a26   0x00000a26   0x00000002   PAD
    0x00000a28   0x00000a28   0x00000010   Code   RO         1539    i.app_util_disable_irq  app_util_platform.o
    0x00000a38   0x00000a38   0x00000014   Code   RO         1540    i.app_util_enable_irq  app_util_platform.o
    0x00000a4c   0x00000a4c   0x000000b8   Code   RO          949    i.apply_config      nrf_drv_uart.o
    0x00000b04   0x00000b04   0x00000024   Code   RO          201    i.bsp_board_led_invert  boards.o
    0x00000b28   0x00000b28   0x00000010   Code   RO          202    i.bsp_board_led_off  boards.o
    0x00000b38   0x00000b38   0x0000002c   Code   RO          205    i.bsp_board_leds_init  boards.o
    0x00000b64   0x00000b64   0x00000012   Code   RO          206    i.bsp_board_leds_off  boards.o
    0x00000b76   0x00000b76   0x00000002   PAD
    0x00000b78   0x00000b78   0x00000060   Code   RO         2035    i.buf_prealloc      nrf_log_frontend.o
    0x00000bd8   0x00000bd8   0x0000001e   Code   RO         1710    i.buffer_add        nrf_fprintf_format.o
    0x00000bf6   0x00000bf6   0x00000002   PAD
    0x00000bf8   0x00000bf8   0x00000014   Code   RO         2036    i.buffer_is_empty   nrf_log_frontend.o
    0x00000c0c   0x00000c0c   0x00000010   Code   RO          567    i.channel_port_get  nrf_drv_gpiote.o
    0x00000c1c   0x00000c1c   0x000000ac   Code   RO         1383    i.compare_reg_update  app_timer.o
    0x00000cc8   0x00000cc8   0x00000040   Code   RO         1384    i.elapsed_ticks_acquire  app_timer.o
    0x00000d08   0x00000d08   0x000000a6   Code   RO         1711    i.int_print         nrf_fprintf_format.o
    0x00000dae   0x00000dae   0x00000002   PAD
    0x00000db0   0x00000db0   0x00000078   Code   RO          950    i.interrupts_enable  nrf_drv_uart.o
    0x00000e28   0x00000e28   0x000000f8   Code   RO         1385    i.list_insertions_handler  app_timer.o
    0x00000f20   0x00000f20   0x00000094   Code   RO         2038    i.log_skip          nrf_log_frontend.o
    0x00000fb4   0x00000fb4   0x000000c8   Code   RO            4    i.main              main.o
    0x0000107c   0x0000107c   0x00000076   Code   RO         1751    i.memobj_op         nrf_memobj.o
    0x000010f2   0x000010f2   0x00000002   PAD
    0x000010f4   0x000010f4   0x00000034   Code   RO         2039    i.module_idx_get    nrf_log_frontend.o
    0x00001128   0x00001128   0x0000000e   Code   RO         2040    i.nrf_atomic_flag_set  nrf_log_frontend.o
    0x00001136   0x00001136   0x0000003e   Code   RO         1626    i.nrf_balloc_alloc  nrf_balloc.o
    0x00001174   0x00001174   0x0000002a   Code   RO         1627    i.nrf_balloc_free   nrf_balloc.o
    0x0000119e   0x0000119e   0x00000030   Code   RO         1628    i.nrf_balloc_init   nrf_balloc.o
    0x000011ce   0x000011ce   0x00000010   Code   RO          568    i.nrf_bitmask_bit_is_set  nrf_drv_gpiote.o
    0x000011de   0x000011de   0x00000002   PAD
    0x000011e0   0x000011e0   0x0000008c   Code   RO            5    i.nrf_delay_us      main.o
    0x0000126c   0x0000126c   0x0000008c   Code   RO         1386    i.nrf_delay_us      app_timer.o
    0x000012f8   0x000012f8   0x00000016   Code   RO          951    i.nrf_drv_common_irq_disable  nrf_drv_uart.o
    0x0000130e   0x0000130e   0x00000038   Code   RO          533    i.nrf_drv_common_irq_enable  nrf_drv_common.o
    0x00001346   0x00001346   0x00000006   Code   RO          952    i.nrf_drv_get_IRQn  nrf_drv_uart.o
    0x0000134c   0x0000134c   0x00000010   Code   RO          831    i.nrf_drv_is_in_RAM  nrf_drv_spi.o
    0x0000135c   0x0000135c   0x00000010   Code   RO          953    i.nrf_drv_is_in_RAM  nrf_drv_uart.o
    0x0000136c   0x0000136c   0x00000128   Code   RO          834    i.nrf_drv_spi_init  nrf_drv_spi.o
    0x00001494   0x00001494   0x0000001c   Code   RO          836    i.nrf_drv_spi_transfer  nrf_drv_spi.o
    0x000014b0   0x000014b0   0x00000060   Code   RO          838    i.nrf_drv_spi_xfer  nrf_drv_spi.o
    0x00001510   0x00001510   0x00000068   Code   RO          955    i.nrf_drv_uart_init  nrf_drv_uart.o
    0x00001578   0x00001578   0x0000010c   Code   RO          963    i.nrf_drv_uart_tx   nrf_drv_uart.o
    0x00001684   0x00001684   0x00000018   Code   RO          965    i.nrf_drv_uart_tx_in_progress  nrf_drv_uart.o
    0x0000169c   0x0000169c   0x00000054   Code   RO          966    i.nrf_drv_uart_uninit  nrf_drv_uart.o
    0x000016f0   0x000016f0   0x0000001a   Code   RO         1667    i.nrf_fprintf       nrf_fprintf.o
    0x0000170a   0x0000170a   0x00000018   Code   RO         1668    i.nrf_fprintf_buffer_flush  nrf_fprintf.o
    0x00001722   0x00001722   0x000001da   Code   RO         1712    i.nrf_fprintf_fmt   nrf_fprintf_format.o
    0x000018fc   0x000018fc   0x00000024   Code   RO          210    i.nrf_gpio_cfg      boards.o
    0x00001920   0x00001920   0x00000024   Code   RO          839    i.nrf_gpio_cfg      nrf_drv_spi.o
    0x00001944   0x00001944   0x00000024   Code   RO          967    i.nrf_gpio_cfg      nrf_drv_uart.o
    0x00001968   0x00001968   0x00000012   Code   RO          968    i.nrf_gpio_cfg_default  nrf_drv_uart.o
    0x0000197a   0x0000197a   0x00000012   Code   RO          969    i.nrf_gpio_cfg_input  nrf_drv_uart.o
    0x0000198c   0x0000198c   0x00000014   Code   RO          840    i.nrf_gpio_cfg_output  nrf_drv_spi.o
    0x000019a0   0x000019a0   0x00000014   Code   RO          970    i.nrf_gpio_cfg_output  nrf_drv_uart.o
    0x000019b4   0x000019b4   0x00000022   Code   RO          594    i.nrf_gpio_cfg_sense_set  nrf_drv_gpiote.o
    0x000019d6   0x000019d6   0x0000000e   Code   RO          841    i.nrf_gpio_pin_set  nrf_drv_spi.o
    0x000019e4   0x000019e4   0x00000016   Code   RO          211    i.nrf_gpio_pin_write  boards.o
    0x000019fa   0x000019fa   0x00000002   PAD
    0x000019fc   0x000019fc   0x00000028   Code   RO          595    i.nrf_gpio_ports_read  nrf_drv_gpiote.o
    0x00001a24   0x00001a24   0x00000014   Code   RO          596    i.nrf_gpiote_event_clear  nrf_drv_gpiote.o
    0x00001a38   0x00001a38   0x00000010   Code   RO          597    i.nrf_gpiote_event_is_set  nrf_drv_gpiote.o
    0x00001a48   0x00001a48   0x00000050   Code   RO         2041    i.nrf_log_backend_add  nrf_log_frontend.o
    0x00001a98   0x00001a98   0x000000d2   Code   RO         1889    i.nrf_log_backend_serial_put  nrf_log_backend_serial.o
    0x00001b6a   0x00001b6a   0x00000002   Code   RO         1929    i.nrf_log_backend_uart_flush  nrf_log_backend_uart.o
    0x00001b6c   0x00001b6c   0x00000006   Code   RO         1930    i.nrf_log_backend_uart_init  nrf_log_backend_uart.o
    0x00001b72   0x00001b72   0x00000002   PAD
    0x00001b74   0x00001b74   0x00000018   Code   RO         1931    i.nrf_log_backend_uart_panic_set  nrf_log_backend_uart.o
    0x00001b8c   0x00001b8c   0x00000018   Code   RO         1932    i.nrf_log_backend_uart_put  nrf_log_backend_uart.o
    0x00001ba4   0x00001ba4   0x00000030   Code   RO         2043    i.nrf_log_color_id_get  nrf_log_frontend.o
    0x00001bd4   0x00001bd4   0x0000001c   Code   RO         2001    i.nrf_log_default_backends_init  nrf_log_default_backends.o
    0x00001bf0   0x00001bf0   0x000001e4   Code   RO         2044    i.nrf_log_frontend_dequeue  nrf_log_frontend.o
    0x00001dd4   0x00001dd4   0x000000b4   Code   RO         2045    i.nrf_log_frontend_hexdump  nrf_log_frontend.o
    0x00001e88   0x00001e88   0x00000008   Code   RO         2046    i.nrf_log_frontend_std_0  nrf_log_frontend.o
    0x00001e90   0x00001e90   0x000000ac   Code   RO         2226    i.nrf_log_hexdump_entry_process  nrf_log_str_formatter.o
    0x00001f3c   0x00001f3c   0x0000005c   Code   RO         2053    i.nrf_log_init      nrf_log_frontend.o
    0x00001f98   0x00001f98   0x00000014   Code   RO         2054    i.nrf_log_module_cnt_get  nrf_log_frontend.o
    0x00001fac   0x00001fac   0x0000001c   Code   RO         2057    i.nrf_log_module_name_get  nrf_log_frontend.o
    0x00001fc8   0x00001fc8   0x00000028   Code   RO         2058    i.nrf_log_panic     nrf_log_frontend.o
    0x00001ff0   0x00001ff0   0x000000b6   Code   RO         2227    i.nrf_log_std_entry_process  nrf_log_str_formatter.o
    0x000020a6   0x000020a6   0x00000060   Code   RO         1752    i.nrf_memobj_alloc  nrf_memobj.o
    0x00002106   0x00002106   0x00000032   Code   RO         1753    i.nrf_memobj_free   nrf_memobj.o
    0x00002138   0x00002138   0x0000000e   Code   RO         1754    i.nrf_memobj_get    nrf_memobj.o
    0x00002146   0x00002146   0x00000004   Code   RO         1755    i.nrf_memobj_pool_init  nrf_memobj.o
    0x0000214a   0x0000214a   0x00000022   Code   RO         1756    i.nrf_memobj_put    nrf_memobj.o
    0x0000216c   0x0000216c   0x0000000c   Code   RO         1757    i.nrf_memobj_read   nrf_memobj.o
    0x00002178   0x00002178   0x0000000c   Code   RO         1758    i.nrf_memobj_write  nrf_memobj.o
    0x00002184   0x00002184   0x0000000a   Code   RO          842    i.nrf_spim_event_check  nrf_drv_spi.o
    0x0000218e   0x0000218e   0x0000000a   Code   RO          971    i.nrf_uart_event_check  nrf_drv_uart.o
    0x00002198   0x00002198   0x0000000c   Code   RO          972    i.nrf_uart_event_clear  nrf_drv_uart.o
    0x000021a4   0x000021a4   0x0000000c   Code   RO          973    i.nrf_uart_int_enable_check  nrf_drv_uart.o
    0x000021b0   0x000021b0   0x0000000a   Code   RO          974    i.nrf_uarte_event_check  nrf_drv_uart.o
    0x000021ba   0x000021ba   0x0000000c   Code   RO          975    i.nrf_uarte_event_clear  nrf_drv_uart.o
    0x000021c6   0x000021c6   0x00000002   PAD
    0x000021c8   0x000021c8   0x00000078   Code   RO          976    i.pins_to_default   nrf_drv_uart.o
    0x00002240   0x00002240   0x0000003c   Code   RO         2228    i.postfix_process   nrf_log_str_formatter.o
    0x0000227c   0x0000227c   0x0000005c   Code   RO         2229    i.prefix_process    nrf_log_str_formatter.o
    0x000022d8   0x000022d8   0x0000003c   Code   RO         1387    i.rtc1_stop         app_timer.o
    0x00002314   0x00002314   0x00000032   Code   RO          977    i.rx_byte           nrf_drv_uart.o
    0x00002346   0x00002346   0x00000018   Code   RO          978    i.rx_done_event     nrf_drv_uart.o
    0x0000235e   0x0000235e   0x00000002   PAD
    0x00002360   0x00002360   0x00000028   Code   RO         1933    i.serial_tx         nrf_log_backend_uart.o
    0x00002388   0x00002388   0x00000074   Code   RO            6    i.spi_event_handler  main.o
    0x000023fc   0x000023fc   0x000000b2   Code   RO          843    i.spim_xfer         nrf_drv_spi.o
    0x000024ae   0x000024ae   0x00000002   PAD
    0x000024b0   0x000024b0   0x00000090   Code   RO         2060    i.std_n             nrf_log_frontend.o
    0x00002540   0x00002540   0x00000080   Code   RO         1388    i.timer_list_handler  app_timer.o
    0x000025c0   0x000025c0   0x0000003c   Code   RO         1389    i.timer_list_insert  app_timer.o
    0x000025fc   0x000025fc   0x00000060   Code   RO         1390    i.timer_list_remove  app_timer.o
    0x0000265c   0x0000265c   0x00000074   Code   RO         1392    i.timer_timeouts_check  app_timer.o
    0x000026d0   0x000026d0   0x00000020   Code   RO          980    i.tx_byte           nrf_drv_uart.o
    0x000026f0   0x000026f0   0x0000001c   Code   RO          981    i.tx_done_event     nrf_drv_uart.o
    0x0000270c   0x0000270c   0x0000000c   Code   RO         1934    i.uart_evt_handler  nrf_log_backend_uart.o
    0x00002718   0x00002718   0x00000050   Code   RO         1935    i.uart_init         nrf_log_backend_uart.o
    0x00002768   0x00002768   0x0000011e   Code   RO          982    i.uart_irq_handler  nrf_drv_uart.o
    0x00002886   0x00002886   0x000000f0   Code   RO          983    i.uarte_irq_handler  nrf_drv_uart.o
    0x00002976   0x00002976   0x00000002   PAD
    0x00002978   0x00002978   0x000000b4   Code   RO         1713    i.unsigned_print    nrf_fprintf_format.o
    0x00002a2c   0x00002a2c   0x00000018   Data   RO            7    .constdata          main.o
    0x00002a44   0x00002a44   0x00000008   Data   RO          212    .constdata          boards.o
    0x00002a4c   0x00002a4c   0x00000004   Data   RO          601    .constdata          nrf_drv_gpiote.o
    0x00002a50   0x00002a50   0x00000010   Data   RO         1714    .constdata          nrf_fprintf_format.o
    0x00002a60   0x00002a60   0x0000000c   Data   RO         1937    .constdata          nrf_log_backend_uart.o
    0x00002a6c   0x00002a6c   0x00000020   Data   RO         1938    .constdata          nrf_log_backend_uart.o
    0x00002a8c   0x00002a8c   0x00000014   Data   RO         2063    .constdata          nrf_log_frontend.o
    0x00002aa0   0x00002aa0   0x00000081   Data   RO         2635    .constdata          mc_w.l(ctype_o.o)
    0x00002b21   0x00002b21   0x00000003   PAD
    0x00002b24   0x00002b24   0x00000004   Data   RO         2636    .constdata          mc_w.l(ctype_o.o)
    0x00002b28   0x00002b28   0x00000066   Data   RO         2230    .conststring        nrf_log_str_formatter.o
    0x00002b8e   0x00002b8e   0x00000002   PAD
    0x00002b90   0x00002b90   0x00000007   Data   RO          605    .conststrlit        nrf_drv_gpiote.o
    0x00002b97   0x00002b97   0x00000001   PAD
    0x00002b98   0x00002b98   0x00000004   Data   RO          848    .conststrlit        nrf_drv_spi.o
    0x00002b9c   0x00002b9c   0x00000005   Data   RO          985    .conststrlit        nrf_drv_uart.o
    0x00002ba1   0x00002ba1   0x00000003   PAD
    0x00002ba4   0x00002ba4   0x00000007   Data   RO         1629    .conststrlit        nrf_balloc.o
    0x00002bab   0x00002bab   0x00000001   PAD
    0x00002bac   0x00002bac   0x00000004   Data   RO         2065    .conststrlit        nrf_log_frontend.o
    0x00002bb0   0x00002bb0   0x00000020   Data   RO         2696    Region$$Table       anon$$obj.o
    0x00002bd0   0x00002bd0   0x00000008   Data   RO          606    log_const_data      nrf_drv_gpiote.o
    0x00002bd8   0x00002bd8   0x00000008   Data   RO          849    log_const_data      nrf_drv_spi.o
    0x00002be0   0x00002be0   0x00000008   Data   RO          986    log_const_data      nrf_drv_uart.o
    0x00002be8   0x00002be8   0x00000008   Data   RO         1630    log_const_data      nrf_balloc.o
    0x00002bf0   0x00002bf0   0x00000008   Data   RO         2069    log_const_data      nrf_log_frontend.o


    Execution Region RW_IRAM1 (Exec base: 0x20000000, Load base: 0x00002bf8, Size: 0x00002790, Max: 0x00010000, ABSOLUTE)

    Exec Addr    Load Addr    Size         Type   Attr      Idx    E Section Name        Object

    0x20000000   0x00002bf8   0x00000010   Data   RW            8    .data               main.o
    0x20000010   0x00002c08   0x00000004   Data   RW          491    .data               system_nrf52.o
    0x20000014   0x00002c0c   0x00000014   Data   RW         1395    .data               app_timer.o
    0x20000028   0x00002c20   0x00000004   Data   RW         1543    .data               app_util_platform.o
    0x2000002c   0x00002c24   0x0000000c   Data   RW         1939    .data               nrf_log_backend_uart.o
    0x20000038   0x00002c30   0x0000000c   Data   RW         2002    .data               nrf_log_default_backends.o
    0x20000044   0x00002c3c   0x00000008   Data   RW         2067    .data               nrf_log_frontend.o
    0x2000004c   0x00002c44   0x00000008   Data   RW         2068    .data               nrf_log_frontend.o
    0x20000054   0x00002c4c   0x00000038   Data   RW         2231    .data               nrf_log_str_formatter.o
    0x2000008c   0x00002c84   0x0000000c   Data   RW          607    log_dynamic_data    nrf_drv_gpiote.o
    0x20000098   0x00002c90   0x0000000c   Data   RW          850    log_dynamic_data    nrf_drv_spi.o
    0x200000a4   0x00002c9c   0x0000000c   Data   RW          987    log_dynamic_data    nrf_drv_uart.o
    0x200000b0   0x00002ca8   0x0000000c   Data   RW         1631    log_dynamic_data    nrf_balloc.o
    0x200000bc   0x00002cb4   0x0000000c   Data   RW         2070    log_dynamic_data    nrf_log_frontend.o
    0x200000c8        -       0x00000058   Zero   RW          600    .bss                nrf_drv_gpiote.o
    0x20000120        -       0x00000024   Zero   RW          844    .bss                nrf_drv_spi.o
    0x20000144        -       0x00000020   Zero   RW          984    .bss                nrf_drv_uart.o
    0x20000164        -       0x0000010c   Zero   RW         1394    .bss                app_timer.o
    0x20000270        -       0x00000040   Zero   RW         1936    .bss                nrf_log_backend_uart.o
    0x200002b0        -       0x000000c0   Zero   RW         2061    .bss                nrf_log_frontend.o
    0x20000370        -       0x00000420   Zero   RW         2062    .bss                nrf_log_frontend.o
    0x20000790        -       0x00002000   Zero   RW          478    STACK               arm_startup_nrf52.o


==============================================================================

Image component sizes


      Code (inc. data)   RO Data    RW Data    ZI Data      Debug   Object Name

        22          0          0          0          0       2073   app_error.o
       120         40          0          0          0        790   app_error_weak.o
      1190         80          0         20        268      41700   app_timer.o
        44         10          0          4          0       3356   app_util_platform.o
        36          8        512          0       8192        968   arm_startup_nrf52.o
       172         16          8          0          0       8889   boards.o
         0          0          0          0          0       1404   bsp.o
       456         84         24         16          0      50675   main.o
       152          0         15         12          0       3877   nrf_balloc.o
        56          0          0          0          0      29351   nrf_drv_common.o
       514         30         19         12         88      26662   nrf_drv_gpiote.o
       770         20         12         12         36      48075   nrf_drv_spi.o
      1784         60         13         12         32      40518   nrf_drv_uart.o
        50          0          0          0          0       3541   nrf_fprintf.o
       850          4         16          0          0       5490   nrf_fprintf_format.o
       210          0          0          0          0      11079   nrf_log_backend_serial.o
       188         36         44         12         64      12330   nrf_log_backend_uart.o
        28          6          0         12          0       3207   nrf_log_default_backends.o
      1608         92         32         28       1248      30624   nrf_log_frontend.o
       506         66        102         56          0       5608   nrf_log_str_formatter.o
       494          0          0          0          0      13163   nrf_memobj.o
       820         70          0          4          0      30374   system_nrf52.o

    ----------------------------------------------------------------------
     10100        622        836        200       9928     373754   Object Totals
         0          0         32          0          0          0   (incl. Generated)
        30          0          7          0          0          0   (incl. Padding)

    ----------------------------------------------------------------------

      Code (inc. data)   RO Data    RW Data    ZI Data      Debug   Library Member Name

         8          4        133          0          0         68   ctype_o.o
         0          0          0          0          0          0   entry.o
         0          0          0          0          0          0   entry10a.o
         0          0          0          0          0          0   entry11a.o
         8          4          0          0          0          0   entry2.o
         4          0          0          0          0          0   entry5.o
         0          0          0          0          0          0   entry7b.o
         0          0          0          0          0          0   entry8b.o
         8          4          0          0          0          0   entry9a.o
        30          0          0          0          0          0   handlers.o
        36          8          0          0          0         68   init.o
        36          0          0          0          0         68   memcpya.o
        36          0          0          0          0        108   memseta.o
        14          0          0          0          0         68   strlen.o

    ----------------------------------------------------------------------
       184         20        136          0          0        380   Library Totals
         4          0          3          0          0          0   (incl. Padding)

    ----------------------------------------------------------------------

      Code (inc. data)   RO Data    RW Data    ZI Data      Debug   Library Name

       180         20        133          0          0        380   mc_w.l

    ----------------------------------------------------------------------
       184         20        136          0          0        380   Library Totals

    ----------------------------------------------------------------------

==============================================================================


      Code (inc. data)   RO Data    RW Data    ZI Data      Debug   

     10284        642        972        200       9928     362586   Grand Totals
     10284        642        972        200       9928     362586   ELF Image Totals
     10284        642        972        200          0          0   ROM Totals

==============================================================================

    Total RO  Size (Code + RO Data)                11256 (  10.99kB)
    Total RW  Size (RW Data + ZI Data)             10128 (   9.89kB)
    Total ROM Size (Code + RO Data + RW Data)      11456 (  11.19kB)

==============================================================================

