Archive member included to satisfy reference by file (symbol)

C:/Program Files/SEGGER/SEGGER Embedded Studio for ARM 3.34a/lib/libc_v7em_fpv4_sp_d16_hard_t_le_eabi.a(libc2.o)
                              Output/fatfs_pca10040 Debug/Obj/nrf_log_str_formatter.o (isprint)
C:/Program Files/SEGGER/SEGGER Embedded Studio for ARM 3.34a/lib/libc_v7em_fpv4_sp_d16_hard_t_le_eabi.a(libc2_asm.o)
                              Output/fatfs_pca10040 Debug/Obj/nrf_log_frontend.o (memcpy)
C:/Program Files/SEGGER/SEGGER Embedded Studio for ARM 3.34a/lib/libc_v7em_fpv4_sp_d16_hard_t_le_eabi.a(libc_asm.o)
                              C:/Program Files/SEGGER/SEGGER Embedded Studio for ARM 3.34a/lib/libc_v7em_fpv4_sp_d16_hard_t_le_eabi.a(libc2.o) (__aeabi_uldivmod)
C:/Program Files/SEGGER/SEGGER Embedded Studio for ARM 3.34a/lib/libdebugio_v7em_fpv4_sp_d16_hard_t_le_eabi.a(libdebugio.o)
                              Output/fatfs_pca10040 Debug/Obj/thumb_crt0.o (debug_fopen)
C:/Program Files/SEGGER/SEGGER Embedded Studio for ARM 3.34a/lib/libdebugio_mempoll_v7em_fpv4_sp_d16_hard_t_le_eabi.a(mempoll_debug_operations.o)
                              C:/Program Files/SEGGER/SEGGER Embedded Studio for ARM 3.34a/lib/libdebugio_v7em_fpv4_sp_d16_hard_t_le_eabi.a(libdebugio.o) (__do_debug_operation)
C:/Program Files/SEGGER/SEGGER Embedded Studio for ARM 3.34a/lib/libdebugio_mempoll_v7em_fpv4_sp_d16_hard_t_le_eabi.a(do_nv_debug_operation.o)
                              C:/Program Files/SEGGER/SEGGER Embedded Studio for ARM 3.34a/lib/libdebugio_v7em_fpv4_sp_d16_hard_t_le_eabi.a(libdebugio.o) (__do_nvdebug_operation)
C:/Program Files/SEGGER/SEGGER Embedded Studio for ARM 3.34a/lib/libm_v7em_fpv4_sp_d16_hard_t_le_eabi.a(libm_asm.o)
                              C:/Program Files/SEGGER/SEGGER Embedded Studio for ARM 3.34a/lib/libc_v7em_fpv4_sp_d16_hard_t_le_eabi.a(libc2.o) (__aeabi_i2d)
C:/Program Files/SEGGER/SEGGER Embedded Studio for ARM 3.34a/lib/libm_v7em_fpv4_sp_d16_hard_t_le_eabi.a(libm2.o)
                              C:/Program Files/SEGGER/SEGGER Embedded Studio for ARM 3.34a/lib/libvfprintf_v7em_fpv4_sp_d16_hard_t_le_eabi.o (frexp)
C:/Program Files/SEGGER/SEGGER Embedded Studio for ARM 3.34a/lib/libm_v7em_fpv4_sp_d16_hard_t_le_eabi.a(libm2_asm.o)
                              C:/Program Files/SEGGER/SEGGER Embedded Studio for ARM 3.34a/lib/libm_v7em_fpv4_sp_d16_hard_t_le_eabi.a(libm2.o) (fabs)

Discarded input sections

 .text          0x0000000000000000        0x0 Output/fatfs_pca10040 Debug/Obj/thumb_crt0.o
 .data          0x0000000000000000        0x0 Output/fatfs_pca10040 Debug/Obj/thumb_crt0.o
 .bss           0x0000000000000000        0x0 Output/fatfs_pca10040 Debug/Obj/thumb_crt0.o
 .text.__aeabi_read_tp
                0x0000000000000000        0x8 Output/fatfs_pca10040 Debug/Obj/thumb_crt0.o
 .text.__heap_lock
                0x0000000000000000        0x2 Output/fatfs_pca10040 Debug/Obj/thumb_crt0.o
 .text.__heap_unlock
                0x0000000000000000        0x2 Output/fatfs_pca10040 Debug/Obj/thumb_crt0.o
 .text.__printf_lock
                0x0000000000000000        0x2 Output/fatfs_pca10040 Debug/Obj/thumb_crt0.o
 .text.__printf_unlock
                0x0000000000000000        0x2 Output/fatfs_pca10040 Debug/Obj/thumb_crt0.o
 .text.__scanf_lock
                0x0000000000000000        0x2 Output/fatfs_pca10040 Debug/Obj/thumb_crt0.o
 .text.__scanf_unlock
                0x0000000000000000        0x2 Output/fatfs_pca10040 Debug/Obj/thumb_crt0.o
 .text.__debug_io_lock
                0x0000000000000000        0x2 Output/fatfs_pca10040 Debug/Obj/thumb_crt0.o
 .text.__debug_io_unlock
                0x0000000000000000        0x2 Output/fatfs_pca10040 Debug/Obj/thumb_crt0.o
 .text.abort    0x0000000000000000        0x2 Output/fatfs_pca10040 Debug/Obj/thumb_crt0.o
 .text.__assert
                0x0000000000000000        0x2 Output/fatfs_pca10040 Debug/Obj/thumb_crt0.o
 .text.__aeabi_assert
                0x0000000000000000        0x2 Output/fatfs_pca10040 Debug/Obj/thumb_crt0.o
 .text.__cxa_pure_virtual
                0x0000000000000000        0x2 Output/fatfs_pca10040 Debug/Obj/thumb_crt0.o
 .text.__cxa_guard_acquire
                0x0000000000000000       0x10 Output/fatfs_pca10040 Debug/Obj/thumb_crt0.o
 .text.__cxa_guard_release
                0x0000000000000000        0x6 Output/fatfs_pca10040 Debug/Obj/thumb_crt0.o
 .text.__cxa_guard_abort
                0x0000000000000000        0x2 Output/fatfs_pca10040 Debug/Obj/thumb_crt0.o
 .text.__sync_synchronize
                0x0000000000000000        0x2 Output/fatfs_pca10040 Debug/Obj/thumb_crt0.o
 .text.__getchar
                0x0000000000000000        0x4 Output/fatfs_pca10040 Debug/Obj/thumb_crt0.o
 .text.__putchar
                0x0000000000000000        0x4 Output/fatfs_pca10040 Debug/Obj/thumb_crt0.o
 .text.__open   0x0000000000000000        0x4 Output/fatfs_pca10040 Debug/Obj/thumb_crt0.o
[...]
Memory Configuration

Name             Origin             Length             Attributes
UNPLACED_SECTIONS 0x0000000100000000 0x0000000000000000 xw
RAM              0x0000000020000000 0x0000000000010000 xw
FLASH            0x0000000000000000 0x0000000000080000 xw
*default*        0x0000000000000000 0xffffffffffffffff

Linker script and memory map

                0x0000000000000000                __vfprintf = __vfprintf_long
                0x0000000000000000                __vfscanf = __vfscanf_int
                0x0000000020000000                __RAM_segment_start__ = 0x20000000
                0x0000000020010000                __RAM_segment_end__ = 0x20010000
                0x0000000000010000                __RAM_segment_size__ = 0x10000
                0x0000000000000000                __FLASH_segment_start__ = 0x0
                0x0000000000080000                __FLASH_segment_end__ = 0x80000
                0x0000000000080000                __FLASH_segment_size__ = 0x80000
                0x0000000000000200                __HEAPSIZE__ = 0x200
                0x0000000000000000                __STACKSIZE_ABT__ = 0x0
                0x0000000000000000                __STACKSIZE_FIQ__ = 0x0
                0x0000000000000000                __STACKSIZE_IRQ__ = 0x0
                0x0000000000000000                __STACKSIZE_PROCESS__ = 0x0
                0x0000000000000000                __STACKSIZE_SVC__ = 0x0
                0x0000000000000000                __STACKSIZE_UND__ = 0x0
                0x0000000000000800                __STACKSIZE__ = 0x800
                0x0000000020000000                __vectors_ram_load_start__ = 0x20000000

.vectors_ram    0x0000000020000000        0x0
                0x0000000020000000                __vectors_ram_start__ = .
                0x0000000020000000                __app_ram_start__ = __vectors_ram_start__
 *(.vectors_ram .vectors_ram.*)
                0x0000000020000000                __vectors_ram_end__ = (__vectors_ram_start__ + SIZEOF (.vectors_ram))
                0x0000000000000000                __vectors_ram_size__ = SIZEOF (.vectors_ram)
                0x0000000020000000                __vectors_ram_load_end__ = __vectors_ram_end__
                0x0000000000000001                . = ASSERT (((__vectors_ram_start__ == __vectors_ram_end__) || ((__vectors_ram_end__ >= __RAM_segment_start__) && (__vectors_ram_end__ <= __RAM_segment_end__))), error: .vectors_ram is too large to fit in RAM memory segment)
                0x0000000020000000                __nrf_sections_run_load_start__ = ALIGN (__vectors_ram_end__, 0x4)

.nrf_sections_run
                0x0000000020000000        0x0
                0x0000000020000000                __nrf_sections_run_start__ = .
                0x0000000020000000                __start_nrf_sections_run = __nrf_sections_run_start__
 *(.nrf_sections_run .nrf_sections_run.*)
                0x0000000020000000                __nrf_sections_run_end__ = (__nrf_sections_run_start__ + SIZEOF (.nrf_sections_run))
                0x0000000000000000                __nrf_sections_run_size__ = SIZEOF (.nrf_sections_run)
                0x0000000020000000                __nrf_sections_run_load_end__ = __nrf_sections_run_end__
                0x0000000000000001                . = ASSERT (((__nrf_sections_run_start__ == __nrf_sections_run_end__) || ((__nrf_sections_run_end__ >= __RAM_segment_start__) && (__nrf_sections_run_end__ <= __RAM_segment_end__))), error: .nrf_sections_run is too large to fit in RAM memory segment)
                0x0000000000000000                __vectors_load_start__ = 0x0

.vectors        0x0000000000000000       0xdc
                0x0000000000000000                __vectors_start__ = .
 *(.vectors .vectors.*)
 .vectors       0x0000000000000000       0xdc Output/fatfs_pca10040 Debug/Obj/ses_nrf52_Vectors.o
                0x0000000000000000                _vectors
                0x00000000000000dc                __vectors_end__ = (__vectors_start__ + SIZEOF (.vectors))
                0x00000000000000dc                __vectors_size__ = SIZEOF (.vectors)
                0x00000000000000dc                __vectors_load_end__ = __vectors_end__
                0x0000000000000001                . = ASSERT (((__vectors_start__ == __vectors_end__) || ((__vectors_end__ >= __FLASH_segment_start__) && (__vectors_end__ <= __FLASH_segment_end__))), error: .vectors is too large to fit in FLASH memory segment)
                0x00000000000000dc                __init_load_start__ = ALIGN (__vectors_end__, 0x4)

.init           0x00000000000000dc      0x218
                0x00000000000000dc                __init_start__ = .
 *(.init .init.*)
 .init          0x00000000000000dc      0x160 Output/fatfs_pca10040 Debug/Obj/thumb_crt0.o
                0x00000000000000dc                _start
                0x0000000000000192                exit
 .init          0x000000000000023c       0x58 Output/fatfs_pca10040 Debug/Obj/ses_nRF_Startup.o
                0x000000000000023c                Reset_Handler
                0x0000000000000260                InitializeUserMemorySections
 .init          0x0000000000000294       0x60 Output/fatfs_pca10040 Debug/Obj/ses_nrf52_Vectors.o
                0x0000000000000294                NMI_Handler
                0x0000000000000296                HardFault_Handler
                0x0000000000000298                MemoryManagement_Handler
                0x000000000000029a                BusFault_Handler
                0x000000000000029c                UsageFault_Handler
                0x000000000000029e                SVC_Handler
                0x00000000000002a0                DebugMon_Handler
                0x00000000000002a2                PendSV_Handler
                0x00000000000002a4                SysTick_Handler
                0x00000000000002a8                POWER_CLOCK_IRQHandler
                0x00000000000002aa                RADIO_IRQHandler
                0x00000000000002b0                SPIM1_SPIS1_TWIM1_TWIS1_SPI1_TWI1_IRQHandler
                0x00000000000002b2                NFCT_IRQHandler
                0x00000000000002b6                SAADC_IRQHandler
                0x00000000000002b8                TIMER0_IRQHandler
                0x00000000000002ba                TIMER1_IRQHandler
                0x00000000000002bc                TIMER2_IRQHandler
                0x00000000000002be                RTC0_IRQHandler
                0x00000000000002c0                TEMP_IRQHandler
                0x00000000000002c2                RNG_IRQHandler
                0x00000000000002c4                ECB_IRQHandler
                0x00000000000002c6                CCM_AAR_IRQHandler
                0x00000000000002c8                WDT_IRQHandler
                0x00000000000002ca                RTC1_IRQHandler
                0x00000000000002cc                QDEC_IRQHandler
                0x00000000000002ce                COMP_LPCOMP_IRQHandler
                0x00000000000002d0                SWI0_EGU0_IRQHandler
                0x00000000000002d2                SWI1_EGU1_IRQHandler
                0x00000000000002d4                SWI2_EGU2_IRQHandler
                0x00000000000002d6                SWI3_EGU3_IRQHandler
                0x00000000000002d8                SWI4_EGU4_IRQHandler
                0x00000000000002da                SWI5_EGU5_IRQHandler
                0x00000000000002dc                TIMER3_IRQHandler
                0x00000000000002de                TIMER4_IRQHandler
                0x00000000000002e0                PWM0_IRQHandler
                0x00000000000002e2                PDM_IRQHandler
                0x00000000000002e4                MWU_IRQHandler
                0x00000000000002e6                PWM1_IRQHandler
                0x00000000000002e8                PWM2_IRQHandler
                0x00000000000002ea                SPIM2_SPIS2_SPI2_IRQHandler
                0x00000000000002ec                RTC2_IRQHandler
                0x00000000000002ee                I2S_IRQHandler
                0x00000000000002f0                FPU_IRQHandler
                0x00000000000002f4                __init_end__ = (__init_start__ + SIZEOF (.init))
                0x0000000000000218                __init_size__ = SIZEOF (.init)
                0x00000000000002f4                __init_load_end__ = __init_end__
                0x0000000000000001                . = ASSERT (((__init_start__ == __init_end__) || ((__init_end__ >= __FLASH_segment_start__) && (__init_end__ <= __FLASH_segment_end__))), error: .init is too large to fit in FLASH memory segment)
                0x00000000000002f4                __init_rodata_load_start__ = ALIGN (__init_end__, 0x4)

.init_rodata    0x00000000000002f4        0x0
                0x00000000000002f4                __init_rodata_start__ = .
 *(.init_rodata .init_rodata.*)
                0x00000000000002f4                __init_rodata_end__ = (__init_rodata_start__ + SIZEOF (.init_rodata))
                0x0000000000000000                __init_rodata_size__ = SIZEOF (.init_rodata)
                0x00000000000002f4                __init_rodata_load_end__ = __init_rodata_end__
                0x0000000000000001                . = ASSERT (((__init_rodata_start__ == __init_rodata_end__) || ((__init_rodata_end__ >= __FLASH_segment_start__) && (__init_rodata_end__ <= __FLASH_segment_end__))), error: .init_rodata is too large to fit in FLASH memory segment)
                0x00000000000002f4                __text_load_start__ = ALIGN (__init_rodata_end__, 0x4)

.text           0x00000000000002f4     0x984c
                0x00000000000002f4                __text_start__ = .
 *(.text .text.* .glue_7t .glue_7 .gnu.linkonce.t.* .gcc_except_table .ARM.extab* .gnu.linkonce.armextab.*)
 .glue_7        0x00000000000002f4        0x0 linker stubs
 .glue_7t       0x00000000000002f4        0x0 linker stubs
 .text.nrf_log_backend_serial_put
                0x00000000000002f4      0x14c Output/fatfs_pca10040 Debug/Obj/nrf_log_backend_serial.o
                0x00000000000002f4                nrf_log_backend_serial_put
 .text.uart_evt_handler
                0x0000000000000440       0x18 Output/fatfs_pca10040 Debug/Obj/nrf_log_backend_uart.o
 .text.uart_init
                0x0000000000000458       0x88 Output/fatfs_pca10040 Debug/Obj/nrf_log_backend_uart.o
 .text.nrf_log_backend_uart_init
                0x00000000000004e0       0x1c Output/fatfs_pca10040 Debug/Obj/nrf_log_backend_uart.o
                0x00000000000004e0                nrf_log_backend_uart_init
 .text.serial_tx
                0x00000000000004fc       0x6c Output/fatfs_pca10040 Debug/Obj/nrf_log_backend_uart.o
 .text.nrf_log_backend_uart_put
                0x0000000000000568       0x28 Output/fatfs_pca10040 Debug/Obj/nrf_log_backend_uart.o
 .text.nrf_log_backend_uart_flush
                0x0000000000000590        0xa Output/fatfs_pca10040 Debug/Obj/nrf_log_backend_uart.o
 *fill*         0x000000000000059a        0x2 
 .text.nrf_log_backend_uart_panic_set
                0x000000000000059c       0x20 Output/fatfs_pca10040 Debug/Obj/nrf_log_backend_uart.o
 .text.nrf_log_backend_enable
                0x00000000000005bc       0x10 Output/fatfs_pca10040 Debug/Obj/nrf_log_default_backends.o
 .text.nrf_log_default_backends_init
                0x00000000000005cc       0x3c Output/fatfs_pca10040 Debug/Obj/nrf_log_default_backends.o
                0x00000000000005cc                nrf_log_default_backends_init
 .text.nrf_log_backend_put
                0x0000000000000608       0x1c Output/fatfs_pca10040 Debug/Obj/nrf_log_frontend.o
 .text.nrf_log_backend_panic_set
                0x0000000000000624       0x18 Output/fatfs_pca10040 Debug/Obj/nrf_log_frontend.o
 .text.nrf_log_backend_id_set
                0x000000000000063c       0x18 Output/fatfs_pca10040 Debug/Obj/nrf_log_frontend.o
 .text.nrf_log_backend_id_get
                0x0000000000000654        0xe Output/fatfs_pca10040 Debug/Obj/nrf_log_frontend.o
 .text.nrf_log_backend_enable
                0x0000000000000662       0x10 Output/fatfs_pca10040 Debug/Obj/nrf_log_frontend.o
 .text.nrf_log_backend_is_enabled
                0x0000000000000672        0xe Output/fatfs_pca10040 Debug/Obj/nrf_log_frontend.o
 .text.nrf_atomic_u32_or
                0x0000000000000680       0x30 Output/fatfs_pca10040 Debug/Obj/nrf_log_frontend.o
 .text.nrf_atomic_u32_fetch_and
                0x00000000000006b0       0x30 Output/fatfs_pca10040 Debug/Obj/nrf_log_frontend.o
 .text.nrf_atomic_flag_set
                0x00000000000006e0       0x18 Output/fatfs_pca10040 Debug/Obj/nrf_log_frontend.o
 .text.nrf_atomic_flag_clear_fetch
                0x00000000000006f8       0x18 Output/fatfs_pca10040 Debug/Obj/nrf_log_frontend.o
 .text.nrf_log_init
                0x0000000000000710       0x98 Output/fatfs_pca10040 Debug/Obj/nrf_log_frontend.o
                0x0000000000000710                nrf_log_init
 .text.nrf_log_module_cnt_get
                0x00000000000007a8       0x14 Output/fatfs_pca10040 Debug/Obj/nrf_log_frontend.o
                0x00000000000007a8                nrf_log_module_cnt_get
 .text.module_idx_get
                0x00000000000007bc       0x6c Output/fatfs_pca10040 Debug/Obj/nrf_log_frontend.o
 .text.nrf_log_module_name_get
                0x0000000000000828       0x40 Output/fatfs_pca10040 Debug/Obj/nrf_log_frontend.o
                0x0000000000000828                nrf_log_module_name_get
 .text.nrf_log_color_id_get
                0x0000000000000868       0x70 Output/fatfs_pca10040 Debug/Obj/nrf_log_frontend.o
                0x0000000000000868                nrf_log_color_id_get
 .text.log_skip
                0x00000000000008d8      0x11c Output/fatfs_pca10040 Debug/Obj/nrf_log_frontend.o
 .text.std_header_set
                0x00000000000009f4       0xc0 Output/fatfs_pca10040 Debug/Obj/nrf_log_frontend.o
 .text.buf_prealloc
                0x0000000000000ab4       0xa8 Output/fatfs_pca10040 Debug/Obj/nrf_log_frontend.o
 .text.std_n    0x0000000000000b5c       0x90 Output/fatfs_pca10040 Debug/Obj/nrf_log_frontend.o
 .text.nrf_log_frontend_std_0
                0x0000000000000bec       0x1c Output/fatfs_pca10040 Debug/Obj/nrf_log_frontend.o
                0x0000000000000bec                nrf_log_frontend_std_0
 .text.nrf_log_frontend_std_1
                0x0000000000000c08       0x22 Output/fatfs_pca10040 Debug/Obj/nrf_log_frontend.o
                0x0000000000000c08                nrf_log_frontend_std_1
 .text.nrf_log_frontend_std_2
                0x0000000000000c2a       0x28 Output/fatfs_pca10040 Debug/Obj/nrf_log_frontend.o
                0x0000000000000c2a                nrf_log_frontend_std_2
 .text.nrf_log_frontend_std_4
                0x0000000000000c52       0x30 Output/fatfs_pca10040 Debug/Obj/nrf_log_frontend.o
                0x0000000000000c52                nrf_log_frontend_std_4
 *fill*         0x0000000000000c82        0x2 
 .text.buffer_is_empty
                0x0000000000000c84       0x1c Output/fatfs_pca10040 Debug/Obj/nrf_log_frontend.o
                0x0000000000000c84                buffer_is_empty
 .text.nrf_log_frontend_dequeue
                0x0000000000000ca0      0x37c Output/fatfs_pca10040 Debug/Obj/nrf_log_frontend.o
                0x0000000000000ca0                nrf_log_frontend_dequeue
 .text.backend_id_assign
                0x000000000000101c       0x68 Output/fatfs_pca10040 Debug/Obj/nrf_log_frontend.o
 .text.nrf_log_backend_add
                0x0000000000001084       0x68 Output/fatfs_pca10040 Debug/Obj/nrf_log_frontend.o
                0x0000000000001084                nrf_log_backend_add
 .text.nrf_log_panic
                0x00000000000010ec       0x3c Output/fatfs_pca10040 Debug/Obj/nrf_log_frontend.o
                0x00000000000010ec                nrf_log_panic
 .text.prefix_process
                0x0000000000001128       0x80 Output/fatfs_pca10040 Debug/Obj/nrf_log_str_formatter.o
 .text.postfix_process
                0x00000000000011a8       0x68 Output/fatfs_pca10040 Debug/Obj/nrf_log_str_formatter.o
 .text.nrf_log_std_entry_process
                0x0000000000001210      0x144 Output/fatfs_pca10040 Debug/Obj/nrf_log_str_formatter.o
                0x0000000000001210                nrf_log_std_entry_process
 .text.nrf_log_hexdump_entry_process
                0x0000000000001354       0xe8 Output/fatfs_pca10040 Debug/Obj/nrf_log_str_formatter.o
                0x0000000000001354                nrf_log_hexdump_entry_process
 .text.nrf_gpio_pin_port_decode
                0x000000000000143c       0x28 Output/fatfs_pca10040 Debug/Obj/boards.o
 .text.nrf_gpio_cfg
                0x0000000000001464       0x60 Output/fatfs_pca10040 Debug/Obj/boards.o
 .text.nrf_gpio_cfg_output
                0x00000000000014c4       0x22 Output/fatfs_pca10040 Debug/Obj/boards.o
 .text.nrf_gpio_pin_set
                0x00000000000014e6       0x28 Output/fatfs_pca10040 Debug/Obj/boards.o
 .text.nrf_gpio_pin_clear
                0x000000000000150e       0x28 Output/fatfs_pca10040 Debug/Obj/boards.o
 .text.nrf_gpio_pin_write
                0x0000000000001536       0x24 Output/fatfs_pca10040 Debug/Obj/boards.o
 .text.nrf_gpio_port_out_set
                0x000000000000155a       0x14 Output/fatfs_pca10040 Debug/Obj/boards.o
 .text.nrf_gpio_port_out_clear
                0x000000000000156e       0x14 Output/fatfs_pca10040 Debug/Obj/boards.o
 *fill*         0x0000000000001582        0x2 
 .text.bsp_board_led_off
                0x0000000000001584       0x34 Output/fatfs_pca10040 Debug/Obj/boards.o
                0x0000000000001584                bsp_board_led_off
 .text.bsp_board_leds_off
                0x00000000000015b8       0x24 Output/fatfs_pca10040 Debug/Obj/boards.o
                0x00000000000015b8                bsp_board_leds_off
 .text.bsp_board_leds_init
                0x00000000000015dc       0x34 Output/fatfs_pca10040 Debug/Obj/boards.o
                0x00000000000015dc                bsp_board_leds_init
 .text.app_error_handler
                0x0000000000001610       0x30 Output/fatfs_pca10040 Debug/Obj/app_error.o
                0x0000000000001610                app_error_handler
 .text.app_error_save_and_stop
                0x0000000000001640       0x98 Output/fatfs_pca10040 Debug/Obj/app_error.o
                0x0000000000001640                app_error_save_and_stop
 .text.app_error_fault_handler
                0x00000000000016d8       0xd0 Output/fatfs_pca10040 Debug/Obj/app_error_weak.o
                0x00000000000016d8                app_error_fault_handler
 .text.nrf_gpio_pin_port_decode
                0x00000000000017a8       0x28 Output/fatfs_pca10040 Debug/Obj/app_sdcard.o
 .text.nrf_gpio_cfg
                0x00000000000017d0       0x60 Output/fatfs_pca10040 Debug/Obj/app_sdcard.o
 .text.nrf_gpio_cfg_output
                0x0000000000001830       0x22 Output/fatfs_pca10040 Debug/Obj/app_sdcard.o
 .text.nrf_gpio_cfg_input
                0x0000000000001852       0x2c Output/fatfs_pca10040 Debug/Obj/app_sdcard.o
 .text.nrf_gpio_pin_set
                0x000000000000187e       0x28 Output/fatfs_pca10040 Debug/Obj/app_sdcard.o
 .text.nrf_gpio_pin_clear
                0x00000000000018a6       0x28 Output/fatfs_pca10040 Debug/Obj/app_sdcard.o
 .text.nrf_gpio_port_out_set
                0x00000000000018ce       0x14 Output/fatfs_pca10040 Debug/Obj/app_sdcard.o
 .text.nrf_gpio_port_out_clear
                0x00000000000018e2       0x14 Output/fatfs_pca10040 Debug/Obj/app_sdcard.o
 .text.nrf_spi_frequency_set
                0x00000000000018f6       0x14 Output/fatfs_pca10040 Debug/Obj/app_sdcard.o
 *fill*         0x000000000000190a        0x2 
 .text.sdc_spi_transfer
                0x000000000000190c       0x60 Output/fatfs_pca10040 Debug/Obj/app_sdcard.o
 .text.sdc_spi_hispeed
                0x000000000000196c       0x18 Output/fatfs_pca10040 Debug/Obj/app_sdcard.o
 .text.sdc_calculate_size
                0x0000000000001984       0xb2 Output/fatfs_pca10040 Debug/Obj/app_sdcard.o
 *fill*         0x0000000000001a36        0x2 
 .text.sdc_cmd  0x0000000000001a38      0x184 Output/fatfs_pca10040 Debug/Obj/app_sdcard.o
 .text.sdc_pt_sub_data_read
                0x0000000000001bbc      0x2c4 Output/fatfs_pca10040 Debug/Obj/app_sdcard.o
 .text.sdc_pt_identification
                0x0000000000001e80      0x56c Output/fatfs_pca10040 Debug/Obj/app_sdcard.o
 .text.sdc_pt_read
                0x00000000000023ec      0x118 Output/fatfs_pca10040 Debug/Obj/app_sdcard.o
 .text.sdc_pt_write
                0x0000000000002504      0x404 Output/fatfs_pca10040 Debug/Obj/app_sdcard.o
 .text.spi_handler
                0x0000000000002908      0x36c Output/fatfs_pca10040 Debug/Obj/app_sdcard.o
 .text.app_sdc_block_read
                0x0000000000002c74       0xd8 Output/fatfs_pca10040 Debug/Obj/app_sdcard.o
                0x0000000000002c74                app_sdc_block_read
 .text.app_sdc_block_write
                0x0000000000002d4c      0x118 Output/fatfs_pca10040 Debug/Obj/app_sdcard.o
                0x0000000000002d4c                app_sdc_block_write
 .text.app_sdc_init
                0x0000000000002e64      0x16c Output/fatfs_pca10040 Debug/Obj/app_sdcard.o
                0x0000000000002e64                app_sdc_init
 .text.app_sdc_uninit
                0x0000000000002fd0       0x54 Output/fatfs_pca10040 Debug/Obj/app_sdcard.o
                0x0000000000002fd0                app_sdc_uninit
 .text.app_sdc_busy_check
                0x0000000000003024       0x2c Output/fatfs_pca10040 Debug/Obj/app_sdcard.o
                0x0000000000003024                app_sdc_busy_check
 .text.app_sdc_info_get
                0x0000000000003050       0x20 Output/fatfs_pca10040 Debug/Obj/app_sdcard.o
                0x0000000000003050                app_sdc_info_get
 .text.app_util_disable_irq
                0x0000000000003070       0x14 Output/fatfs_pca10040 Debug/Obj/app_util_platform.o
                0x0000000000003070                app_util_disable_irq
 .text.app_util_enable_irq
                0x0000000000003084       0x1c Output/fatfs_pca10040 Debug/Obj/app_util_platform.o
                0x0000000000003084                app_util_enable_irq
 .text.app_util_critical_region_enter
                0x00000000000030a0       0x28 Output/fatfs_pca10040 Debug/Obj/app_util_platform.o
                0x00000000000030a0                app_util_critical_region_enter
 .text.app_util_critical_region_exit
                0x00000000000030c8       0x2c Output/fatfs_pca10040 Debug/Obj/app_util_platform.o
                0x00000000000030c8                app_util_critical_region_exit
 .text.privilege_level_get
                0x00000000000030f4       0x3a Output/fatfs_pca10040 Debug/Obj/app_util_platform.o
                0x00000000000030f4                privilege_level_get
 .text.assert_nrf_callback
                0x000000000000312e       0x2e Output/fatfs_pca10040 Debug/Obj/nrf_assert.o
                0x000000000000312e                assert_nrf_callback
 .text.nrf_balloc_idx2block
                0x000000000000315c       0x38 Output/fatfs_pca10040 Debug/Obj/nrf_balloc.o
 .text.nrf_balloc_block2idx
                0x0000000000003194       0x34 Output/fatfs_pca10040 Debug/Obj/nrf_balloc.o
 .text.nrf_balloc_init
                0x00000000000031c8       0xb0 Output/fatfs_pca10040 Debug/Obj/nrf_balloc.o
                0x00000000000031c8                nrf_balloc_init
 .text.nrf_balloc_alloc
                0x0000000000003278       0x84 Output/fatfs_pca10040 Debug/Obj/nrf_balloc.o
                0x0000000000003278                nrf_balloc_alloc
 .text.nrf_balloc_free
                0x00000000000032fc       0x58 Output/fatfs_pca10040 Debug/Obj/nrf_balloc.o
                0x00000000000032fc                nrf_balloc_free
 .text.wait_func
                0x0000000000003354        0x4 Output/fatfs_pca10040 Debug/Obj/nrf_block_dev_sdc.o
 .text.sdc_wait
                0x0000000000003358       0x16 Output/fatfs_pca10040 Debug/Obj/nrf_block_dev_sdc.o
 *fill*         0x000000000000336e        0x2 
 .text.sdc_handler
                0x0000000000003370      0x130 Output/fatfs_pca10040 Debug/Obj/nrf_block_dev_sdc.o
 .text.block_dev_sdc_init
                0x00000000000034a0       0xd0 Output/fatfs_pca10040 Debug/Obj/nrf_block_dev_sdc.o
 .text.block_dev_sdc_uninit
                0x0000000000003570       0x94 Output/fatfs_pca10040 Debug/Obj/nrf_block_dev_sdc.o
 .text.block_dev_sdc_read_req
                0x0000000000003604       0xdc Output/fatfs_pca10040 Debug/Obj/nrf_block_dev_sdc.o
 .text.block_dev_sdc_write_req
                0x00000000000036e0       0xe0 Output/fatfs_pca10040 Debug/Obj/nrf_block_dev_sdc.o
 .text.block_dev_sdc_ioctl
                0x00000000000037c0       0x54 Output/fatfs_pca10040 Debug/Obj/nrf_block_dev_sdc.o
 .text.block_dev_sdc_geometry
                0x0000000000003814       0x30 Output/fatfs_pca10040 Debug/Obj/nrf_block_dev_sdc.o
 .text.nrf_fprintf_buffer_flush
                0x0000000000003844       0x44 Output/fatfs_pca10040 Debug/Obj/nrf_fprintf.o
                0x0000000000003844                nrf_fprintf_buffer_flush
 .text.nrf_fprintf
                0x0000000000003888       0x74 Output/fatfs_pca10040 Debug/Obj/nrf_fprintf.o
                0x0000000000003888                nrf_fprintf
 .text.buffer_add
                0x00000000000038fc       0x3c Output/fatfs_pca10040 Debug/Obj/nrf_fprintf_format.o
 .text.string_print
                0x0000000000003938       0xc2 Output/fatfs_pca10040 Debug/Obj/nrf_fprintf_format.o
 *fill*         0x00000000000039fa        0x2 
 .text.unsigned_print
                0x00000000000039fc      0x130 Output/fatfs_pca10040 Debug/Obj/nrf_fprintf_format.o
 .text.int_print
                0x0000000000003b2c      0x11c Output/fatfs_pca10040 Debug/Obj/nrf_fprintf_format.o
 .text.nrf_fprintf_fmt
                0x0000000000003c48      0x43c Output/fatfs_pca10040 Debug/Obj/nrf_fprintf_format.o
                0x0000000000003c48                nrf_fprintf_fmt
 .text.nrf_atomic_u32_add
                0x0000000000004084       0x30 Output/fatfs_pca10040 Debug/Obj/nrf_memobj.o
 .text.nrf_atomic_u32_sub
                0x00000000000040b4       0x30 Output/fatfs_pca10040 Debug/Obj/nrf_memobj.o
 .text.nrf_memobj_pool_init
                0x00000000000040e4       0x16 Output/fatfs_pca10040 Debug/Obj/nrf_memobj.o
                0x00000000000040e4                nrf_memobj_pool_init
 .text.nrf_memobj_alloc
                0x00000000000040fa       0xae Output/fatfs_pca10040 Debug/Obj/nrf_memobj.o
                0x00000000000040fa                nrf_memobj_alloc
 .text.nrf_memobj_free
                0x00000000000041a8       0x72 Output/fatfs_pca10040 Debug/Obj/nrf_memobj.o
                0x00000000000041a8                nrf_memobj_free
 .text.nrf_memobj_get
                0x000000000000421a       0x1e Output/fatfs_pca10040 Debug/Obj/nrf_memobj.o
                0x000000000000421a                nrf_memobj_get
 .text.nrf_memobj_put
                0x0000000000004238       0x34 Output/fatfs_pca10040 Debug/Obj/nrf_memobj.o
                0x0000000000004238                nrf_memobj_put
 .text.memobj_op
                0x000000000000426c      0x100 Output/fatfs_pca10040 Debug/Obj/nrf_memobj.o
 .text.nrf_memobj_write
                0x000000000000436c       0x24 Output/fatfs_pca10040 Debug/Obj/nrf_memobj.o
                0x000000000000436c                nrf_memobj_write
 .text.nrf_memobj_read
                0x0000000000004390       0x24 Output/fatfs_pca10040 Debug/Obj/nrf_memobj.o
                0x0000000000004390                nrf_memobj_read
 .text.nrf_strerror_get
                0x00000000000043b4       0x28 Output/fatfs_pca10040 Debug/Obj/nrf_strerror.o
                0x00000000000043b4                nrf_strerror_get
 .text.nrf_strerror_find
                0x00000000000043dc       0x68 Output/fatfs_pca10040 Debug/Obj/nrf_strerror.o
                0x00000000000043dc                nrf_strerror_find
 .text.NVIC_EnableIRQ
                0x0000000000004444       0x2c Output/fatfs_pca10040 Debug/Obj/nrf_drv_common.o
 .text.NVIC_ClearPendingIRQ
                0x0000000000004470       0x30 Output/fatfs_pca10040 Debug/Obj/nrf_drv_common.o
 .text.NVIC_SetPriority
                0x00000000000044a0       0x50 Output/fatfs_pca10040 Debug/Obj/nrf_drv_common.o
 .text.nrf_drv_common_irq_enable
                0x00000000000044f0       0x54 Output/fatfs_pca10040 Debug/Obj/nrf_drv_common.o
                0x00000000000044f0                nrf_drv_common_irq_enable
 .text.NVIC_DisableIRQ
                0x0000000000004544       0x30 Output/fatfs_pca10040 Debug/Obj/nrf_drv_spi.o
 .text.nrf_spim_task_trigger
                0x0000000000004574       0x1c Output/fatfs_pca10040 Debug/Obj/nrf_drv_spi.o
 .text.nrf_spim_event_clear
                0x0000000000004590       0x2a Output/fatfs_pca10040 Debug/Obj/nrf_drv_spi.o
 .text.nrf_spim_event_check
                0x00000000000045ba       0x24 Output/fatfs_pca10040 Debug/Obj/nrf_drv_spi.o
 .text.nrf_spim_int_enable
                0x00000000000045de       0x14 Output/fatfs_pca10040 Debug/Obj/nrf_drv_spi.o
 .text.nrf_spim_int_disable
                0x00000000000045f2       0x14 Output/fatfs_pca10040 Debug/Obj/nrf_drv_spi.o
 .text.nrf_spim_enable
                0x0000000000004606       0x12 Output/fatfs_pca10040 Debug/Obj/nrf_drv_spi.o
 .text.nrf_spim_disable
                0x0000000000004618       0x12 Output/fatfs_pca10040 Debug/Obj/nrf_drv_spi.o
 .text.nrf_spim_pins_set
                0x000000000000462a       0x28 Output/fatfs_pca10040 Debug/Obj/nrf_drv_spi.o
 .text.nrf_spim_frequency_set
                0x0000000000004652       0x14 Output/fatfs_pca10040 Debug/Obj/nrf_drv_spi.o
 .text.nrf_spim_tx_buffer_set
                0x0000000000004666       0x24 Output/fatfs_pca10040 Debug/Obj/nrf_drv_spi.o
 .text.nrf_spim_rx_buffer_set
                0x000000000000468a       0x24 Output/fatfs_pca10040 Debug/Obj/nrf_drv_spi.o
 .text.nrf_spim_configure
                0x00000000000046ae       0x5e Output/fatfs_pca10040 Debug/Obj/nrf_drv_spi.o
 .text.nrf_spim_orc_set
                0x000000000000470c       0x1a Output/fatfs_pca10040 Debug/Obj/nrf_drv_spi.o
 .text.nrf_spim_tx_list_enable
                0x0000000000004726       0x12 Output/fatfs_pca10040 Debug/Obj/nrf_drv_spi.o
 .text.nrf_spim_tx_list_disable
                0x0000000000004738       0x12 Output/fatfs_pca10040 Debug/Obj/nrf_drv_spi.o
 .text.nrf_spim_rx_list_enable
                0x000000000000474a       0x12 Output/fatfs_pca10040 Debug/Obj/nrf_drv_spi.o
 .text.nrf_spim_rx_list_disable
                0x000000000000475c       0x12 Output/fatfs_pca10040 Debug/Obj/nrf_drv_spi.o
 .text.nrf_drv_common_irq_disable
                0x000000000000476e       0x1c Output/fatfs_pca10040 Debug/Obj/nrf_drv_spi.o
 .text.nrf_drv_is_in_RAM
                0x000000000000478a       0x1c Output/fatfs_pca10040 Debug/Obj/nrf_drv_spi.o
 *fill*         0x00000000000047a6        0x2 
 .text.nrf_gpio_pin_port_decode
                0x00000000000047a8       0x28 Output/fatfs_pca10040 Debug/Obj/nrf_drv_spi.o
 .text.nrf_gpio_cfg
                0x00000000000047d0       0x60 Output/fatfs_pca10040 Debug/Obj/nrf_drv_spi.o
 .text.nrf_gpio_cfg_output
                0x0000000000004830       0x22 Output/fatfs_pca10040 Debug/Obj/nrf_drv_spi.o
 .text.nrf_gpio_cfg_input
                0x0000000000004852       0x2c Output/fatfs_pca10040 Debug/Obj/nrf_drv_spi.o
 .text.nrf_gpio_pin_set
                0x000000000000487e       0x28 Output/fatfs_pca10040 Debug/Obj/nrf_drv_spi.o
 .text.nrf_gpio_pin_clear
                0x00000000000048a6       0x28 Output/fatfs_pca10040 Debug/Obj/nrf_drv_spi.o
 .text.nrf_gpio_port_out_set
                0x00000000000048ce       0x14 Output/fatfs_pca10040 Debug/Obj/nrf_drv_spi.o
 .text.nrf_gpio_port_out_clear
                0x00000000000048e2       0x14 Output/fatfs_pca10040 Debug/Obj/nrf_drv_spi.o
 *fill*         0x00000000000048f6        0x2 
 .text.nrf_drv_spi_init
                0x00000000000048f8      0x188 Output/fatfs_pca10040 Debug/Obj/nrf_drv_spi.o
                0x00000000000048f8                nrf_drv_spi_init
 .text.nrf_drv_spi_uninit
                0x0000000000004a80       0xb0 Output/fatfs_pca10040 Debug/Obj/nrf_drv_spi.o
                0x0000000000004a80                nrf_drv_spi_uninit
 .text.nrf_drv_spi_transfer
                0x0000000000004b30       0x3e Output/fatfs_pca10040 Debug/Obj/nrf_drv_spi.o
                0x0000000000004b30                nrf_drv_spi_transfer
 .text.finish_transfer
                0x0000000000004b6e       0x3e Output/fatfs_pca10040 Debug/Obj/nrf_drv_spi.o
 .text.spim_int_enable
                0x0000000000004bac       0x34 Output/fatfs_pca10040 Debug/Obj/nrf_drv_spi.o
 .text.spim_list_enable_handle
                0x0000000000004be0       0x40 Output/fatfs_pca10040 Debug/Obj/nrf_drv_spi.o
 .text.spim_xfer
                0x0000000000004c20       0xf4 Output/fatfs_pca10040 Debug/Obj/nrf_drv_spi.o
 .text.nrf_drv_spi_xfer
                0x0000000000004d14       0xfc Output/fatfs_pca10040 Debug/Obj/nrf_drv_spi.o
                0x0000000000004d14                nrf_drv_spi_xfer
 .text.irq_handler_spim
                0x0000000000004e10       0x48 Output/fatfs_pca10040 Debug/Obj/nrf_drv_spi.o
 .text.SPIM0_SPIS0_TWIM0_TWIS0_SPI0_TWI0_IRQHandler
                0x0000000000004e58       0x20 Output/fatfs_pca10040 Debug/Obj/nrf_drv_spi.o
                0x0000000000004e58                SPIM0_SPIS0_TWIM0_TWIS0_SPI0_TWI0_IRQHandler
 .text.NVIC_DisableIRQ
                0x0000000000004e78       0x30 Output/fatfs_pca10040 Debug/Obj/nrf_drv_uart.o
 .text.nrf_uart_event_clear
                0x0000000000004ea8       0x2a Output/fatfs_pca10040 Debug/Obj/nrf_drv_uart.o
 .text.nrf_uart_event_check
                0x0000000000004ed2       0x24 Output/fatfs_pca10040 Debug/Obj/nrf_drv_uart.o
 .text.nrf_uart_int_enable
                0x0000000000004ef6       0x14 Output/fatfs_pca10040 Debug/Obj/nrf_drv_uart.o
 .text.nrf_uart_int_enable_check
                0x0000000000004f0a       0x20 Output/fatfs_pca10040 Debug/Obj/nrf_drv_uart.o
 .text.nrf_uart_int_disable
                0x0000000000004f2a       0x14 Output/fatfs_pca10040 Debug/Obj/nrf_drv_uart.o
 .text.nrf_uart_errorsrc_get_and_clear
                0x0000000000004f3e       0x1c Output/fatfs_pca10040 Debug/Obj/nrf_drv_uart.o
 .text.nrf_uart_enable
                0x0000000000004f5a       0x12 Output/fatfs_pca10040 Debug/Obj/nrf_drv_uart.o
 .text.nrf_uart_disable
                0x0000000000004f6c       0x12 Output/fatfs_pca10040 Debug/Obj/nrf_drv_uart.o
 .text.nrf_uart_txrx_pins_set
                0x0000000000004f7e       0x1e Output/fatfs_pca10040 Debug/Obj/nrf_drv_uart.o
 .text.nrf_uart_txrx_pins_disconnect
                0x0000000000004f9c       0x1c Output/fatfs_pca10040 Debug/Obj/nrf_drv_uart.o
 .text.nrf_uart_tx_pin_get
                0x0000000000004fb8       0x10 Output/fatfs_pca10040 Debug/Obj/nrf_drv_uart.o
 .text.nrf_uart_rx_pin_get
                0x0000000000004fc8       0x10 Output/fatfs_pca10040 Debug/Obj/nrf_drv_uart.o
 .text.nrf_uart_rts_pin_get
                0x0000000000004fd8       0x10 Output/fatfs_pca10040 Debug/Obj/nrf_drv_uart.o
 .text.nrf_uart_cts_pin_get
                0x0000000000004fe8       0x10 Output/fatfs_pca10040 Debug/Obj/nrf_drv_uart.o
 .text.nrf_uart_hwfc_pins_set
                0x0000000000004ff8       0x1e Output/fatfs_pca10040 Debug/Obj/nrf_drv_uart.o
 .text.nrf_uart_hwfc_pins_disconnect
                0x0000000000005016       0x1c Output/fatfs_pca10040 Debug/Obj/nrf_drv_uart.o
 .text.nrf_uart_rxd_get
                0x0000000000005032       0x12 Output/fatfs_pca10040 Debug/Obj/nrf_drv_uart.o
 .text.nrf_uart_txd_set
                0x0000000000005044       0x1a Output/fatfs_pca10040 Debug/Obj/nrf_drv_uart.o
 .text.nrf_uart_task_trigger
                0x000000000000505e       0x1c Output/fatfs_pca10040 Debug/Obj/nrf_drv_uart.o
 .text.nrf_uart_configure
                0x000000000000507a       0x2a Output/fatfs_pca10040 Debug/Obj/nrf_drv_uart.o
 .text.nrf_uart_baudrate_set
                0x00000000000050a4       0x14 Output/fatfs_pca10040 Debug/Obj/nrf_drv_uart.o
 .text.nrf_uarte_event_clear
                0x00000000000050b8       0x2a Output/fatfs_pca10040 Debug/Obj/nrf_drv_uart.o
 .text.nrf_uarte_event_check
                0x00000000000050e2       0x24 Output/fatfs_pca10040 Debug/Obj/nrf_drv_uart.o
 .text.nrf_uarte_shorts_disable
                0x0000000000005106       0x1e Output/fatfs_pca10040 Debug/Obj/nrf_drv_uart.o
 .text.nrf_uarte_int_enable
                0x0000000000005124       0x14 Output/fatfs_pca10040 Debug/Obj/nrf_drv_uart.o
 .text.nrf_uarte_int_disable
                0x0000000000005138       0x14 Output/fatfs_pca10040 Debug/Obj/nrf_drv_uart.o
 .text.nrf_uarte_errorsrc_get_and_clear
                0x000000000000514c       0x1c Output/fatfs_pca10040 Debug/Obj/nrf_drv_uart.o
 .text.nrf_uarte_enable
                0x0000000000005168       0x12 Output/fatfs_pca10040 Debug/Obj/nrf_drv_uart.o
 .text.nrf_uarte_disable
                0x000000000000517a       0x12 Output/fatfs_pca10040 Debug/Obj/nrf_drv_uart.o
 .text.nrf_uarte_txrx_pins_set
                0x000000000000518c       0x1e Output/fatfs_pca10040 Debug/Obj/nrf_drv_uart.o
 .text.nrf_uarte_txrx_pins_disconnect
                0x00000000000051aa       0x1c Output/fatfs_pca10040 Debug/Obj/nrf_drv_uart.o
 .text.nrf_uarte_tx_pin_get
                0x00000000000051c6       0x10 Output/fatfs_pca10040 Debug/Obj/nrf_drv_uart.o
 .text.nrf_uarte_rx_pin_get
                0x00000000000051d6       0x10 Output/fatfs_pca10040 Debug/Obj/nrf_drv_uart.o
 .text.nrf_uarte_rts_pin_get
                0x00000000000051e6       0x10 Output/fatfs_pca10040 Debug/Obj/nrf_drv_uart.o
 .text.nrf_uarte_cts_pin_get
                0x00000000000051f6       0x10 Output/fatfs_pca10040 Debug/Obj/nrf_drv_uart.o
 .text.nrf_uarte_hwfc_pins_set
                0x0000000000005206       0x1e Output/fatfs_pca10040 Debug/Obj/nrf_drv_uart.o
 .text.nrf_uarte_hwfc_pins_disconnect
                0x0000000000005224       0x1c Output/fatfs_pca10040 Debug/Obj/nrf_drv_uart.o
 .text.nrf_uarte_task_trigger
                0x0000000000005240       0x1c Output/fatfs_pca10040 Debug/Obj/nrf_drv_uart.o
 .text.nrf_uarte_configure
                0x000000000000525c       0x2a Output/fatfs_pca10040 Debug/Obj/nrf_drv_uart.o
 .text.nrf_uarte_baudrate_set
                0x0000000000005286       0x14 Output/fatfs_pca10040 Debug/Obj/nrf_drv_uart.o
 .text.nrf_uarte_tx_buffer_set
                0x000000000000529a       0x24 Output/fatfs_pca10040 Debug/Obj/nrf_drv_uart.o
 .text.nrf_uarte_tx_amount_get
                0x00000000000052be       0x10 Output/fatfs_pca10040 Debug/Obj/nrf_drv_uart.o
 .text.nrf_uarte_rx_amount_get
                0x00000000000052ce       0x10 Output/fatfs_pca10040 Debug/Obj/nrf_drv_uart.o
 .text.nrf_drv_common_irq_disable
                0x00000000000052de       0x1c Output/fatfs_pca10040 Debug/Obj/nrf_drv_uart.o
 .text.nrf_drv_get_IRQn
                0x00000000000052fa       0x16 Output/fatfs_pca10040 Debug/Obj/nrf_drv_uart.o
 .text.nrf_drv_is_in_RAM
                0x0000000000005310       0x1c Output/fatfs_pca10040 Debug/Obj/nrf_drv_uart.o
 .text.nrf_gpio_pin_port_decode
                0x000000000000532c       0x28 Output/fatfs_pca10040 Debug/Obj/nrf_drv_uart.o
 .text.nrf_gpio_cfg
                0x0000000000005354       0x60 Output/fatfs_pca10040 Debug/Obj/nrf_drv_uart.o
 .text.nrf_gpio_cfg_output
                0x00000000000053b4       0x22 Output/fatfs_pca10040 Debug/Obj/nrf_drv_uart.o
 .text.nrf_gpio_cfg_input
                0x00000000000053d6       0x2c Output/fatfs_pca10040 Debug/Obj/nrf_drv_uart.o
 .text.nrf_gpio_cfg_default
                0x0000000000005402       0x22 Output/fatfs_pca10040 Debug/Obj/nrf_drv_uart.o
 .text.nrf_gpio_pin_set
                0x0000000000005424       0x28 Output/fatfs_pca10040 Debug/Obj/nrf_drv_uart.o
 .text.nrf_gpio_port_out_set
                0x000000000000544c       0x14 Output/fatfs_pca10040 Debug/Obj/nrf_drv_uart.o
 .text.apply_config
                0x0000000000005460      0x160 Output/fatfs_pca10040 Debug/Obj/nrf_drv_uart.o
 .text.interrupts_enable
                0x00000000000055c0       0xd4 Output/fatfs_pca10040 Debug/Obj/nrf_drv_uart.o
 .text.interrupts_disable
                0x0000000000005694       0x6c Output/fatfs_pca10040 Debug/Obj/nrf_drv_uart.o
 .text.pins_to_default
                0x0000000000005700       0xe8 Output/fatfs_pca10040 Debug/Obj/nrf_drv_uart.o
 .text.uart_enable
                0x00000000000057e8       0x3c Output/fatfs_pca10040 Debug/Obj/nrf_drv_uart.o
 .text.uart_disable
                0x0000000000005824       0x3c Output/fatfs_pca10040 Debug/Obj/nrf_drv_uart.o
 .text.nrf_drv_uart_init
                0x0000000000005860       0xa4 Output/fatfs_pca10040 Debug/Obj/nrf_drv_uart.o
                0x0000000000005860                nrf_drv_uart_init
 .text.nrf_drv_uart_uninit
                0x0000000000005904       0x44 Output/fatfs_pca10040 Debug/Obj/nrf_drv_uart.o
                0x0000000000005904                nrf_drv_uart_uninit
 .text.tx_byte  0x0000000000005948       0x46 Output/fatfs_pca10040 Debug/Obj/nrf_drv_uart.o
 *fill*         0x000000000000598e        0x2 
 .text.nrf_drv_uart_tx_for_uart
                0x0000000000005990       0xe4 Output/fatfs_pca10040 Debug/Obj/nrf_drv_uart.o
 .text.nrf_drv_uart_tx_for_uarte
                0x0000000000005a74       0xbc Output/fatfs_pca10040 Debug/Obj/nrf_drv_uart.o
 .text.nrf_drv_uart_tx
                0x0000000000005b30       0xd8 Output/fatfs_pca10040 Debug/Obj/nrf_drv_uart.o
                0x0000000000005b30                nrf_drv_uart_tx
 .text.nrf_drv_uart_tx_in_progress
                0x0000000000005c08       0x28 Output/fatfs_pca10040 Debug/Obj/nrf_drv_uart.o
                0x0000000000005c08                nrf_drv_uart_tx_in_progress
 .text.rx_byte  0x0000000000005c30       0x54 Output/fatfs_pca10040 Debug/Obj/nrf_drv_uart.o
 .text.rx_done_event
                0x0000000000005c84       0x36 Output/fatfs_pca10040 Debug/Obj/nrf_drv_uart.o
 .text.tx_done_event
                0x0000000000005cba       0x3c Output/fatfs_pca10040 Debug/Obj/nrf_drv_uart.o
 .text.uart_irq_handler
                0x0000000000005cf6      0x1d4 Output/fatfs_pca10040 Debug/Obj/nrf_drv_uart.o
 .text.uarte_irq_handler
                0x0000000000005eca      0x160 Output/fatfs_pca10040 Debug/Obj/nrf_drv_uart.o
 *fill*         0x000000000000602a        0x2 
 .text.UARTE0_UART0_IRQHandler
                0x000000000000602c       0x28 Output/fatfs_pca10040 Debug/Obj/nrf_drv_uart.o
                0x000000000000602c                UARTE0_UART0_IRQHandler
 .text.nrf_gpiote_event_is_set
                0x0000000000006054       0x2a Output/fatfs_pca10040 Debug/Obj/nrf_drv_gpiote.o
 .text.nrf_gpiote_event_clear
                0x000000000000607e       0x36 Output/fatfs_pca10040 Debug/Obj/nrf_drv_gpiote.o
 .text.nrf_gpiote_event_addr_get
                0x00000000000060b4       0x1a Output/fatfs_pca10040 Debug/Obj/nrf_drv_gpiote.o
 *fill*         0x00000000000060ce        0x2 
 .text.nrf_gpiote_int_enable
                0x00000000000060d0       0x18 Output/fatfs_pca10040 Debug/Obj/nrf_drv_gpiote.o
 .text.nrf_gpiote_int_is_enabled
                0x00000000000060e8       0x18 Output/fatfs_pca10040 Debug/Obj/nrf_drv_gpiote.o
 .text.nrf_gpiote_event_pin_get
                0x0000000000006100       0x20 Output/fatfs_pca10040 Debug/Obj/nrf_drv_gpiote.o
 .text.nrf_gpiote_event_polarity_get
                0x0000000000006120       0x24 Output/fatfs_pca10040 Debug/Obj/nrf_drv_gpiote.o
 .text.nrf_gpio_pin_port_decode
                0x0000000000006144       0x28 Output/fatfs_pca10040 Debug/Obj/nrf_drv_gpiote.o
 .text.nrf_gpio_cfg_sense_set
                0x000000000000616c       0x5a Output/fatfs_pca10040 Debug/Obj/nrf_drv_gpiote.o
 .text.nrf_gpio_pin_sense_get
                0x00000000000061c6       0x2c Output/fatfs_pca10040 Debug/Obj/nrf_drv_gpiote.o
 .text.nrf_gpio_port_in_read
                0x00000000000061f2       0x10 Output/fatfs_pca10040 Debug/Obj/nrf_drv_gpiote.o
 *fill*         0x0000000000006202        0x2 
 .text.nrf_gpio_ports_read
                0x0000000000006204       0x68 Output/fatfs_pca10040 Debug/Obj/nrf_drv_gpiote.o
 .text.nrf_bitmask_bit_is_set
                0x000000000000626c       0x30 Output/fatfs_pca10040 Debug/Obj/nrf_drv_gpiote.o
 .text.nrf_bitmask_bit_set
                0x000000000000629c       0x40 Output/fatfs_pca10040 Debug/Obj/nrf_drv_gpiote.o
 .text.pin_in_use_clear
                0x00000000000062dc       0x1c Output/fatfs_pca10040 Debug/Obj/nrf_drv_gpiote.o
 .text.channel_port_get
                0x00000000000062f8       0x1c Output/fatfs_pca10040 Debug/Obj/nrf_drv_gpiote.o
 .text.channel_handler_get
                0x0000000000006314       0x18 Output/fatfs_pca10040 Debug/Obj/nrf_drv_gpiote.o
 .text.channel_free
                0x000000000000632c       0x38 Output/fatfs_pca10040 Debug/Obj/nrf_drv_gpiote.o
 .text.nrf_drv_gpiote_init
                0x0000000000006364       0x90 Output/fatfs_pca10040 Debug/Obj/nrf_drv_gpiote.o
                0x0000000000006364                nrf_drv_gpiote_init
 .text.GPIOTE_IRQHandler
                0x00000000000063f4      0x2e0 Output/fatfs_pca10040 Debug/Obj/nrf_drv_gpiote.o
                0x00000000000063f4                GPIOTE_IRQHandler
 .text.nrf_gpio_pin_port_decode
                0x00000000000066d4       0x28 Output/fatfs_pca10040 Debug/Obj/main.o
 .text.nrf_gpio_cfg
                0x00000000000066fc       0x60 Output/fatfs_pca10040 Debug/Obj/main.o
 .text.nrf_gpio_cfg_output
                0x000000000000675c       0x22 Output/fatfs_pca10040 Debug/Obj/main.o
 .text.nrf_gpio_pin_set
                0x000000000000677e       0x28 Output/fatfs_pca10040 Debug/Obj/main.o
 .text.nrf_gpio_pin_clear
                0x00000000000067a6       0x28 Output/fatfs_pca10040 Debug/Obj/main.o
 .text.nrf_gpio_port_out_set
                0x00000000000067ce       0x14 Output/fatfs_pca10040 Debug/Obj/main.o
 .text.nrf_gpio_port_out_clear
                0x00000000000067e2       0x14 Output/fatfs_pca10040 Debug/Obj/main.o
 *fill*         0x00000000000067f6        0x2 
 .text.fatfs_example
                0x00000000000067f8      0x2a4 Output/fatfs_pca10040 Debug/Obj/main.o
 .text.main     0x0000000000006a9c       0x80 Output/fatfs_pca10040 Debug/Obj/main.o
                0x0000000000006a9c                main
 .text.nrf_blk_dev_init
                0x0000000000006b1c       0x38 Output/fatfs_pca10040 Debug/Obj/diskio_blkdev.o
 .text.nrf_blk_dev_read_req
                0x0000000000006b54       0x64 Output/fatfs_pca10040 Debug/Obj/diskio_blkdev.o
 .text.nrf_blk_dev_write_req
                0x0000000000006bb8       0x64 Output/fatfs_pca10040 Debug/Obj/diskio_blkdev.o
 .text.nrf_blk_dev_ioctl
                0x0000000000006c1c       0x40 Output/fatfs_pca10040 Debug/Obj/diskio_blkdev.o
 .text.nrf_blk_dev_geometry
                0x0000000000006c5c       0x34 Output/fatfs_pca10040 Debug/Obj/diskio_blkdev.o
 .text.block_dev_handler
                0x0000000000006c90       0x74 Output/fatfs_pca10040 Debug/Obj/diskio_blkdev.o
 .text.default_wait_func
                0x0000000000006d04        0x6 Output/fatfs_pca10040 Debug/Obj/diskio_blkdev.o
 *fill*         0x0000000000006d0a        0x2 
 .text.disk_initialize
                0x0000000000006d0c      0x194 Output/fatfs_pca10040 Debug/Obj/diskio_blkdev.o
                0x0000000000006d0c                disk_initialize
 .text.disk_status
                0x0000000000006ea0       0x54 Output/fatfs_pca10040 Debug/Obj/diskio_blkdev.o
                0x0000000000006ea0                disk_status
 .text.disk_read
                0x0000000000006ef4      0x11c Output/fatfs_pca10040 Debug/Obj/diskio_blkdev.o
                0x0000000000006ef4                disk_read
 .text.disk_write
                0x0000000000007010      0x140 Output/fatfs_pca10040 Debug/Obj/diskio_blkdev.o
                0x0000000000007010                disk_write
 .text.disk_ioctl
                0x0000000000007150      0x130 Output/fatfs_pca10040 Debug/Obj/diskio_blkdev.o
                0x0000000000007150                disk_ioctl
 .text.diskio_blockdev_register
                0x0000000000007280       0x3c Output/fatfs_pca10040 Debug/Obj/diskio_blkdev.o
                0x0000000000007280                diskio_blockdev_register
 .text.ld_word  0x00000000000072bc       0x2e Output/fatfs_pca10040 Debug/Obj/ff.o
 .text.ld_dword
                0x00000000000072ea       0x3c Output/fatfs_pca10040 Debug/Obj/ff.o
 .text.st_word  0x0000000000007326       0x36 Output/fatfs_pca10040 Debug/Obj/ff.o
 .text.st_dword
                0x000000000000735c       0x4e Output/fatfs_pca10040 Debug/Obj/ff.o
 .text.mem_cpy  0x00000000000073aa       0x38 Output/fatfs_pca10040 Debug/Obj/ff.o
 .text.mem_set  0x00000000000073e2       0x2a Output/fatfs_pca10040 Debug/Obj/ff.o
 .text.mem_cmp  0x000000000000740c       0x44 Output/fatfs_pca10040 Debug/Obj/ff.o
 .text.chk_chr  0x0000000000007450       0x2c Output/fatfs_pca10040 Debug/Obj/ff.o
 .text.sync_window
                0x000000000000747c       0x8c Output/fatfs_pca10040 Debug/Obj/ff.o
 .text.move_window
                0x0000000000007508       0x62 Output/fatfs_pca10040 Debug/Obj/ff.o
 *fill*         0x000000000000756a        0x2 
 .text.sync_fs  0x000000000000756c       0xe4 Output/fatfs_pca10040 Debug/Obj/ff.o
 .text.clust2sect
                0x0000000000007650       0x34 Output/fatfs_pca10040 Debug/Obj/ff.o
 .text.get_fat  0x0000000000007684      0x148 Output/fatfs_pca10040 Debug/Obj/ff.o
 .text.put_fat  0x00000000000077cc      0x1de Output/fatfs_pca10040 Debug/Obj/ff.o
 .text.remove_chain
                0x00000000000079aa       0xd6 Output/fatfs_pca10040 Debug/Obj/ff.o
 .text.create_chain
                0x0000000000007a80      0x138 Output/fatfs_pca10040 Debug/Obj/ff.o
 .text.dir_sdi  0x0000000000007bb8       0xf4 Output/fatfs_pca10040 Debug/Obj/ff.o
 .text.dir_next
                0x0000000000007cac      0x188 Output/fatfs_pca10040 Debug/Obj/ff.o
 .text.dir_alloc
                0x0000000000007e34       0x9e Output/fatfs_pca10040 Debug/Obj/ff.o
 .text.ld_clust
                0x0000000000007ed2       0x3c Output/fatfs_pca10040 Debug/Obj/ff.o
 .text.st_clust
                0x0000000000007f0e       0x3e Output/fatfs_pca10040 Debug/Obj/ff.o
 .text.dir_read
                0x0000000000007f4c       0xd8 Output/fatfs_pca10040 Debug/Obj/ff.o
 .text.dir_find
                0x0000000000008024       0xbe Output/fatfs_pca10040 Debug/Obj/ff.o
 .text.dir_register
                0x00000000000080e2       0x6c Output/fatfs_pca10040 Debug/Obj/ff.o
 .text.get_fileinfo
                0x000000000000814e       0xc6 Output/fatfs_pca10040 Debug/Obj/ff.o
 .text.create_name
                0x0000000000008214      0x144 Output/fatfs_pca10040 Debug/Obj/ff.o
 .text.follow_path
                0x0000000000008358       0xf8 Output/fatfs_pca10040 Debug/Obj/ff.o
 .text.get_ldnumber
                0x0000000000008450       0x7e Output/fatfs_pca10040 Debug/Obj/ff.o
 *fill*         0x00000000000084ce        0x2 
 .text.check_fs
                0x00000000000084d0       0xac Output/fatfs_pca10040 Debug/Obj/ff.o
 .text.find_volume
                0x000000000000857c      0x4a0 Output/fatfs_pca10040 Debug/Obj/ff.o
 .text.validate
                0x0000000000008a1c       0x6c Output/fatfs_pca10040 Debug/Obj/ff.o
 .text.f_mount  0x0000000000008a88       0x88 Output/fatfs_pca10040 Debug/Obj/ff.o
                0x0000000000008a88                f_mount
 .text.f_open   0x0000000000008b10      0x32c Output/fatfs_pca10040 Debug/Obj/ff.o
                0x0000000000008b10                f_open
 .text.f_write  0x0000000000008e3c      0x2ce Output/fatfs_pca10040 Debug/Obj/ff.o
                0x0000000000008e3c                f_write
 *fill*         0x000000000000910a        0x2 
 .text.f_sync   0x000000000000910c      0x108 Output/fatfs_pca10040 Debug/Obj/ff.o
                0x000000000000910c                f_sync
 .text.f_close  0x0000000000009214       0x46 Output/fatfs_pca10040 Debug/Obj/ff.o
                0x0000000000009214                f_close
 .text.f_opendir
                0x000000000000925a       0xc8 Output/fatfs_pca10040 Debug/Obj/ff.o
                0x000000000000925a                f_opendir
 .text.f_readdir
                0x0000000000009322       0x8c Output/fatfs_pca10040 Debug/Obj/ff.o
                0x0000000000009322                f_readdir
 *fill*         0x00000000000093ae        0x2 
 .text.NVIC_SystemReset
                0x00000000000093b0       0x24 Output/fatfs_pca10040 Debug/Obj/system_nrf52.o
 .text.SystemCoreClockUpdate
                0x00000000000093d4       0x14 Output/fatfs_pca10040 Debug/Obj/system_nrf52.o
                0x00000000000093d4                SystemCoreClockUpdate
 .text.SystemInit
                0x00000000000093e8      0x318 Output/fatfs_pca10040 Debug/Obj/system_nrf52.o
                0x00000000000093e8                SystemInit
 .text.errata_12
                0x0000000000009700       0x58 Output/fatfs_pca10040 Debug/Obj/system_nrf52.o
 .text.errata_16
                0x0000000000009758       0x38 Output/fatfs_pca10040 Debug/Obj/system_nrf52.o
 .text.errata_31
                0x0000000000009790       0x58 Output/fatfs_pca10040 Debug/Obj/system_nrf52.o
 .text.errata_32
                0x00000000000097e8       0x38 Output/fatfs_pca10040 Debug/Obj/system_nrf52.o
 .text.errata_36
                0x0000000000009820       0x58 Output/fatfs_pca10040 Debug/Obj/system_nrf52.o
 .text.errata_37
                0x0000000000009878       0x38 Output/fatfs_pca10040 Debug/Obj/system_nrf52.o
 .text.errata_57
                0x00000000000098b0       0x38 Output/fatfs_pca10040 Debug/Obj/system_nrf52.o
 .text.errata_66
                0x00000000000098e8       0x38 Output/fatfs_pca10040 Debug/Obj/system_nrf52.o
 .text.errata_108
                0x0000000000009920       0x58 Output/fatfs_pca10040 Debug/Obj/system_nrf52.o
 .text.errata_136
                0x0000000000009978       0x58 Output/fatfs_pca10040 Debug/Obj/system_nrf52.o
 .text.libc.__RAL_ascii_isctype
                0x00000000000099d0       0x1c C:/Program Files/SEGGER/SEGGER Embedded Studio for ARM 3.34a/lib/libc_v7em_fpv4_sp_d16_hard_t_le_eabi.a(libc2.o)
 .text.libc.__RAL_ascii_toupper
                0x00000000000099ec        0xc C:/Program Files/SEGGER/SEGGER Embedded Studio for ARM 3.34a/lib/libc_v7em_fpv4_sp_d16_hard_t_le_eabi.a(libc2.o)
 .text.libc.__RAL_ascii_tolower
                0x00000000000099f8        0xc C:/Program Files/SEGGER/SEGGER Embedded Studio for ARM 3.34a/lib/libc_v7em_fpv4_sp_d16_hard_t_le_eabi.a(libc2.o)
 .text.libc.__RAL_ascii_iswctype
                0x0000000000009a04       0x1c C:/Program Files/SEGGER/SEGGER Embedded Studio for ARM 3.34a/lib/libc_v7em_fpv4_sp_d16_hard_t_le_eabi.a(libc2.o)
 .text.libc.__RAL_ascii_towupper
                0x0000000000009a20        0xc C:/Program Files/SEGGER/SEGGER Embedded Studio for ARM 3.34a/lib/libc_v7em_fpv4_sp_d16_hard_t_le_eabi.a(libc2.o)
 .text.libc.__RAL_ascii_towlower
                0x0000000000009a2c        0xc C:/Program Files/SEGGER/SEGGER Embedded Studio for ARM 3.34a/lib/libc_v7em_fpv4_sp_d16_hard_t_le_eabi.a(libc2.o)
 .text.libc.__RAL_ascii_wctomb
                0x0000000000009a38        0xe C:/Program Files/SEGGER/SEGGER Embedded Studio for ARM 3.34a/lib/libc_v7em_fpv4_sp_d16_hard_t_le_eabi.a(libc2.o)
                0x0000000000009a38                __RAL_ascii_wctomb
 .text.libc.__RAL_ascii_mbtowc
                0x0000000000009a46       0x24 C:/Program Files/SEGGER/SEGGER Embedded Studio for ARM 3.34a/lib/libc_v7em_fpv4_sp_d16_hard_t_le_eabi.a(libc2.o)
                0x0000000000009a46                __RAL_ascii_mbtowc
 *fill*         0x0000000000009a6a        0x2 
 .text.libc.__RAL_isctype
                0x0000000000009a6c       0x14 C:/Program Files/SEGGER/SEGGER Embedded Studio for ARM 3.34a/lib/libc_v7em_fpv4_sp_d16_hard_t_le_eabi.a(libc2.o)
                0x0000000000009a6c                __RAL_isctype
 .text.libc.isprint
                0x0000000000009a80        0xa C:/Program Files/SEGGER/SEGGER Embedded Studio for ARM 3.34a/lib/libc_v7em_fpv4_sp_d16_hard_t_le_eabi.a(libc2.o)
                0x0000000000009a80                isprint
 *fill*         0x0000000000009a8a        0x2 
 .text.libc.memcpy
                0x0000000000009a8c       0x54 C:/Program Files/SEGGER/SEGGER Embedded Studio for ARM 3.34a/lib/libc_v7em_fpv4_sp_d16_hard_t_le_eabi.a(libc2_asm.o)
                0x0000000000009a8c                __aeabi_memcpy
                0x0000000000009a8c                memcpy
                0x0000000000009a98                __aeabi_memcpy8
                0x0000000000009a98                __aeabi_memcpy4
 .text.libc.strlen
                0x0000000000009ae0       0x60 C:/Program Files/SEGGER/SEGGER Embedded Studio for ARM 3.34a/lib/libc_v7em_fpv4_sp_d16_hard_t_le_eabi.a(libc2_asm.o)
                0x0000000000009ae0                strlen
                0x0000000000009b40                __text_end__ = (__text_start__ + SIZEOF (.text))
                0x000000000000984c                __text_size__ = SIZEOF (.text)
                0x0000000000009b40                __text_load_end__ = __text_end__

.vfp11_veneer   0x0000000100000000        0x0
 .vfp11_veneer  0x0000000100000000        0x0 linker stubs

.v4_bx          0x0000000100000000        0x0
 .v4_bx         0x0000000100000000        0x0 linker stubs

.iplt           0x0000000100000000        0x0
 .iplt          0x0000000100000000        0x0 Output/fatfs_pca10040 Debug/Obj/thumb_crt0.o
                0x0000000000000001                . = ASSERT (((__text_start__ == __text_end__) || ((__text_end__ >= __FLASH_segment_start__) && (__text_end__ <= __FLASH_segment_end__))), error: .text is too large to fit in FLASH memory segment)
                0x0000000000009b40                __log_const_data_load_start__ = ALIGN (__text_end__, 0x4)

.log_const_data
                0x0000000000009b40       0x28
                0x0000000000009b40                __log_const_data_start__ = .
                0x0000000000009b40                __start_log_const_data = __log_const_data_start__
 *(SORT(.log_const_data*))
 .log_const_data_app
                0x0000000000009b40        0x8 Output/fatfs_pca10040 Debug/Obj/nrf_log_frontend.o
                0x0000000000009b40                m_nrf_log_app_logs_data_const
 .log_const_data_balloc
                0x0000000000009b48        0x8 Output/fatfs_pca10040 Debug/Obj/nrf_balloc.o
                0x0000000000009b48                m_nrf_log_balloc_logs_data_const
 .log_const_data_gpiote
                0x0000000000009b50        0x8 Output/fatfs_pca10040 Debug/Obj/nrf_drv_gpiote.o
                0x0000000000009b50                m_nrf_log_gpiote_logs_data_const
 .log_const_data_spi
                0x0000000000009b58        0x8 Output/fatfs_pca10040 Debug/Obj/nrf_drv_spi.o
                0x0000000000009b58                m_nrf_log_spi_logs_data_const
 .log_const_data_uart
                0x0000000000009b60        0x8 Output/fatfs_pca10040 Debug/Obj/nrf_drv_uart.o
                0x0000000000009b60                m_nrf_log_uart_logs_data_const
                0x0000000000009b68                __log_const_data_end__ = (__log_const_data_start__ + SIZEOF (.log_const_data))
                0x0000000000000028                __log_const_data_size__ = SIZEOF (.log_const_data)
                0x0000000000009b68                __stop_log_const_data = __log_const_data_end__
                0x0000000000009b68                __log_const_data_load_end__ = __log_const_data_end__
                0x0000000000000001                . = ASSERT (((__log_const_data_start__ == __log_const_data_end__) || ((__log_const_data_end__ >= __FLASH_segment_start__) && (__log_const_data_end__ <= __FLASH_segment_end__))), error: .log_const_data is too large to fit in FLASH memory segment)
                0x0000000000009b68                __nrf_sections_load_start__ = ALIGN (__log_const_data_end__, 0x4)

.nrf_sections   0x0000000000009b68        0x0
                0x0000000000009b68                __nrf_sections_start__ = .
                0x0000000000009b68                __start_nrf_sections = __nrf_sections_start__
 *(.nrf_sections .nrf_sections.*)
                0x0000000000009b68                __nrf_sections_end__ = (__nrf_sections_start__ + SIZEOF (.nrf_sections))
                0x0000000000000000                __nrf_sections_size__ = SIZEOF (.nrf_sections)
                0x0000000000009b68                __nrf_sections_load_end__ = __nrf_sections_end__
                0x0000000000000001                . = ASSERT (((__nrf_sections_start__ == __nrf_sections_end__) || ((__nrf_sections_end__ >= __FLASH_segment_start__) && (__nrf_sections_end__ <= __FLASH_segment_end__))), error: .nrf_sections is too large to fit in FLASH memory segment)
                0x0000000000009b68                __log_dynamic_data_load_start__ = ALIGN (__nrf_sections_end__, 0x4)

.log_dynamic_data
                0x0000000020000000       0x3c load address 0x0000000000009b68
                0x0000000020000000                __log_dynamic_data_start__ = .
 *(SORT(.log_dynamic_data*))
 .log_dynamic_data_app
                0x0000000020000000        0xc Output/fatfs_pca10040 Debug/Obj/nrf_log_frontend.o
                0x0000000020000000                m_nrf_log_app_logs_data_dynamic
 .log_dynamic_data_balloc
                0x000000002000000c        0xc Output/fatfs_pca10040 Debug/Obj/nrf_balloc.o
                0x000000002000000c                m_nrf_log_balloc_logs_data_dynamic
 .log_dynamic_data_gpiote
                0x0000000020000018        0xc Output/fatfs_pca10040 Debug/Obj/nrf_drv_gpiote.o
                0x0000000020000018                m_nrf_log_gpiote_logs_data_dynamic
 .log_dynamic_data_spi
                0x0000000020000024        0xc Output/fatfs_pca10040 Debug/Obj/nrf_drv_spi.o
                0x0000000020000024                m_nrf_log_spi_logs_data_dynamic
 .log_dynamic_data_uart
                0x0000000020000030        0xc Output/fatfs_pca10040 Debug/Obj/nrf_drv_uart.o
                0x0000000020000030                m_nrf_log_uart_logs_data_dynamic
                0x000000002000003c                __log_dynamic_data_end__ = (__log_dynamic_data_start__ + SIZEOF (.log_dynamic_data))
                0x000000000000003c                __log_dynamic_data_size__ = SIZEOF (.log_dynamic_data)
                0x0000000000009ba4                __log_dynamic_data_load_end__ = (__log_dynamic_data_load_start__ + SIZEOF (.log_dynamic_data))
                0x0000000000000001                . = ASSERT (((__log_dynamic_data_load_start__ == __log_dynamic_data_load_end__) || ((__log_dynamic_data_load_end__ >= __FLASH_segment_start__) && (__log_dynamic_data_load_end__ <= __FLASH_segment_end__))), error: .log_dynamic_data is too large to fit in FLASH memory segment)

.log_dynamic_data_run
                0x0000000020000000       0x3c load address 0x0000000000009b68
                0x0000000020000000                __log_dynamic_data_run_start__ = .
                0x0000000020000000                __start_log_dynamic_data = __log_dynamic_data_run_start__
                0x000000002000003c                . = MAX ((__log_dynamic_data_run_start__ + SIZEOF (.log_dynamic_data)), .)
 *fill*         0x0000000020000000       0x3c 
                0x000000002000003c                __log_dynamic_data_run_end__ = (__log_dynamic_data_run_start__ + SIZEOF (.log_dynamic_data_run))
                0x000000000000003c                __log_dynamic_data_run_size__ = SIZEOF (.log_dynamic_data_run)
                0x000000002000003c                __stop_log_dynamic_data = __log_dynamic_data_run_end__
                0x000000002000003c                __log_dynamic_data_run_load_end__ = __log_dynamic_data_run_end__
                0x0000000000000001                . = ASSERT (((__log_dynamic_data_run_start__ == __log_dynamic_data_run_end__) || ((__log_dynamic_data_run_end__ >= __RAM_segment_start__) && (__log_dynamic_data_run_end__ <= __RAM_segment_end__))), error: .log_dynamic_data_run is too large to fit in RAM memory segment)
                0x000000002000003c                __nrf_sections_run_end_load_start__ = ALIGN (__log_dynamic_data_run_end__, 0x4)

.nrf_sections_run_end
                0x000000002000003c        0x0
                0x000000002000003c                __nrf_sections_run_end_start__ = .
                0x000000002000003c                __end_nrf_sections_run = __nrf_sections_run_end_start__
 *(.nrf_sections_run_end .nrf_sections_run_end.*)
                0x000000002000003c                __nrf_sections_run_end_end__ = (__nrf_sections_run_end_start__ + SIZEOF (.nrf_sections_run_end))
                0x0000000000000000                __nrf_sections_run_end_size__ = SIZEOF (.nrf_sections_run_end)
                0x000000002000003c                __nrf_sections_run_end_load_end__ = __nrf_sections_run_end_end__
                0x0000000000000001                . = ASSERT (((__nrf_sections_run_end_start__ == __nrf_sections_run_end_end__) || ((__nrf_sections_run_end_end__ >= __RAM_segment_start__) && (__nrf_sections_run_end_end__ <= __RAM_segment_end__))), error: .nrf_sections_run_end is too large to fit in RAM memory segment)
                0x0000000000009ba4                __dtors_load_start__ = ALIGN ((__log_dynamic_data_load_start__ + SIZEOF (.log_dynamic_data)), 0x4)

.dtors          0x0000000000009ba4        0x0
                0x0000000000009ba4                __dtors_start__ = .
 *(SORT(.dtors.*))
 *(.dtors)
 *(.fini_array)
 *(SORT(.fini_array.*))
                0x0000000000009ba4                __dtors_end__ = (__dtors_start__ + SIZEOF (.dtors))
                0x0000000000000000                __dtors_size__ = SIZEOF (.dtors)
                0x0000000000009ba4                __dtors_load_end__ = __dtors_end__
                0x0000000000000001                . = ASSERT (((__dtors_start__ == __dtors_end__) || ((__dtors_end__ >= __FLASH_segment_start__) && (__dtors_end__ <= __FLASH_segment_end__))), error: .dtors is too large to fit in FLASH memory segment)
                0x0000000000009ba4                __ctors_load_start__ = ALIGN (__dtors_end__, 0x4)

.ctors          0x0000000000009ba4        0x0
                0x0000000000009ba4                __ctors_start__ = .
 *(SORT(.ctors.*))
 *(.ctors)
 *(.init_array)
 *(SORT(.init_array.*))
                0x0000000000009ba4                __ctors_end__ = (__ctors_start__ + SIZEOF (.ctors))
                0x0000000000000000                __ctors_size__ = SIZEOF (.ctors)
                0x0000000000009ba4                __ctors_load_end__ = __ctors_end__
                0x0000000000000001                . = ASSERT (((__ctors_start__ == __ctors_end__) || ((__ctors_end__ >= __FLASH_segment_start__) && (__ctors_end__ <= __FLASH_segment_end__))), error: .ctors is too large to fit in FLASH memory segment)
                0x0000000000009ba4                __rodata_load_start__ = ALIGN (__ctors_end__, 0x4)

.rodata         0x0000000000009ba4     0x13f0
                0x0000000000009ba4                __rodata_start__ = .
 *(.rodata .rodata.* .gnu.linkonce.r.*)
 .rodata        0x0000000000009ba4       0xac Output/fatfs_pca10040 Debug/Obj/nrf_log_backend_uart.o
 .rodata.nrf_log_backend_uart_api
                0x0000000000009c50        0xc Output/fatfs_pca10040 Debug/Obj/nrf_log_backend_uart.o
                0x0000000000009c50                nrf_log_backend_uart_api
 .rodata        0x0000000000009c5c       0x8f Output/fatfs_pca10040 Debug/Obj/nrf_log_default_backends.o
 *fill*         0x0000000000009ceb        0x1 
 .rodata.mempool
                0x0000000000009cec       0x14 Output/fatfs_pca10040 Debug/Obj/nrf_log_frontend.o
 .rodata        0x0000000000009d00       0x97 Output/fatfs_pca10040 Debug/Obj/nrf_log_frontend.o
 *fill*         0x0000000000009d97        0x1 
 .rodata        0x0000000000009d98       0x92 Output/fatfs_pca10040 Debug/Obj/nrf_log_str_formatter.o
 *fill*         0x0000000000009e2a        0x2 
 .rodata        0x0000000000009e2c       0x9d Output/fatfs_pca10040 Debug/Obj/boards.o
 *fill*         0x0000000000009ec9        0x3 
 .rodata.m_board_led_list
                0x0000000000009ecc        0x4 Output/fatfs_pca10040 Debug/Obj/boards.o
 .rodata        0x0000000000009ed0       0x4c Output/fatfs_pca10040 Debug/Obj/app_error_weak.o
 .rodata        0x0000000000009f1c       0xab Output/fatfs_pca10040 Debug/Obj/app_sdcard.o
 *fill*         0x0000000000009fc7        0x1 
 .rodata.m_spi  0x0000000000009fc8        0x8 Output/fatfs_pca10040 Debug/Obj/app_sdcard.o
 .rodata        0x0000000000009fd0       0x78 Output/fatfs_pca10040 Debug/Obj/app_util_platform.o
 .rodata        0x000000000000a048       0x7b Output/fatfs_pca10040 Debug/Obj/nrf_balloc.o
 *fill*         0x000000000000a0c3        0x1 
 .rodata        0x000000000000a0c4       0x81 Output/fatfs_pca10040 Debug/Obj/nrf_block_dev_sdc.o
 *fill*         0x000000000000a145        0x3 
 .rodata.nrf_block_device_sdc_ops
                0x000000000000a148       0x18 Output/fatfs_pca10040 Debug/Obj/nrf_block_dev_sdc.o
                0x000000000000a148                nrf_block_device_sdc_ops
 .rodata        0x000000000000a160       0x69 Output/fatfs_pca10040 Debug/Obj/nrf_fprintf.o
 *fill*         0x000000000000a1c9        0x3 
 .rodata        0x000000000000a1cc       0x70 Output/fatfs_pca10040 Debug/Obj/nrf_fprintf_format.o
 .rodata._aV2C.7446
                0x000000000000a23c       0x10 Output/fatfs_pca10040 Debug/Obj/nrf_fprintf_format.o
 .rodata        0x000000000000a24c       0x80 Output/fatfs_pca10040 Debug/Obj/nrf_memobj.o
 .rodata.m_unknown_str
                0x000000000000a2cc       0x13 Output/fatfs_pca10040 Debug/Obj/nrf_strerror.o
 *fill*         0x000000000000a2df        0x1 
 .rodata        0x000000000000a2e0      0x308 Output/fatfs_pca10040 Debug/Obj/nrf_strerror.o
 .rodata.nrf_strerror_array
                0x000000000000a5e8       0xf0 Output/fatfs_pca10040 Debug/Obj/nrf_strerror.o
 .rodata        0x000000000000a6d8       0x79 Output/fatfs_pca10040 Debug/Obj/nrf_drv_common.o
 *fill*         0x000000000000a751        0x3 
 .rodata        0x000000000000a754       0xb6 Output/fatfs_pca10040 Debug/Obj/nrf_drv_spi.o
 *fill*         0x000000000000a80a        0x2 
 .rodata        0x000000000000a80c       0xb5 Output/fatfs_pca10040 Debug/Obj/nrf_drv_uart.o
 *fill*         0x000000000000a8c1        0x3 
 .rodata        0x000000000000a8c4       0xb9 Output/fatfs_pca10040 Debug/Obj/nrf_drv_gpiote.o
 *fill*         0x000000000000a97d        0x3 
 .rodata        0x000000000000a980      0x237 Output/fatfs_pca10040 Debug/Obj/main.o
 *fill*         0x000000000000abb7        0x1 
 .rodata.m_block_dev_sdc
                0x000000000000abb8       0x1c Output/fatfs_pca10040 Debug/Obj/main.o
 .rodata        0x000000000000abd4       0xba Output/fatfs_pca10040 Debug/Obj/diskio_blkdev.o
 *fill*         0x000000000000ac8e        0x2 
 .rodata.ExCvt  0x000000000000ac90       0x80 Output/fatfs_pca10040 Debug/Obj/ff.o
 .rodata        0x000000000000ad10       0x44 Output/fatfs_pca10040 Debug/Obj/ff.o
 .rodata.libc.__RAL_ascii_ctype_map
                0x000000000000ad54       0x80 C:/Program Files/SEGGER/SEGGER Embedded Studio for ARM 3.34a/lib/libc_v7em_fpv4_sp_d16_hard_t_le_eabi.a(libc2.o)
                0x000000000000ad54                __RAL_ascii_ctype_map
 .rodata.libc.__RAL_ascii_ctype_mask
                0x000000000000add4        0xd C:/Program Files/SEGGER/SEGGER Embedded Studio for ARM 3.34a/lib/libc_v7em_fpv4_sp_d16_hard_t_le_eabi.a(libc2.o)
 *fill*         0x000000000000ade1        0x3 
 .rodata.libc.__RAL_c_locale
                0x000000000000ade4        0xc C:/Program Files/SEGGER/SEGGER Embedded Studio for ARM 3.34a/lib/libc_v7em_fpv4_sp_d16_hard_t_le_eabi.a(libc2.o)
                0x000000000000ade4                __RAL_c_locale
 .rodata.libc.__RAL_c_locale_abbrev_day_names
                0x000000000000adf0       0x1d C:/Program Files/SEGGER/SEGGER Embedded Studio for ARM 3.34a/lib/libc_v7em_fpv4_sp_d16_hard_t_le_eabi.a(libc2.o)
                0x000000000000adf0                __RAL_c_locale_abbrev_day_names
 *fill*         0x000000000000ae0d        0x3 
 .rodata.libc.__RAL_c_locale_abbrev_month_names
                0x000000000000ae10       0x31 C:/Program Files/SEGGER/SEGGER Embedded Studio for ARM 3.34a/lib/libc_v7em_fpv4_sp_d16_hard_t_le_eabi.a(libc2.o)
                0x000000000000ae10                __RAL_c_locale_abbrev_month_names
 *fill*         0x000000000000ae41        0x3 
 .rodata.libc.__RAL_c_locale_am_pm_indicator
                0x000000000000ae44        0x7 C:/Program Files/SEGGER/SEGGER Embedded Studio for ARM 3.34a/lib/libc_v7em_fpv4_sp_d16_hard_t_le_eabi.a(libc2.o)
                0x000000000000ae44                __RAL_c_locale_am_pm_indicator
 *fill*         0x000000000000ae4b        0x1 
 .rodata.libc.__RAL_c_locale_data
                0x000000000000ae4c       0x58 C:/Program Files/SEGGER/SEGGER Embedded Studio for ARM 3.34a/lib/libc_v7em_fpv4_sp_d16_hard_t_le_eabi.a(libc2.o)
                0x000000000000ae4c                __RAL_c_locale_data
 .rodata.libc.__RAL_c_locale_date_format
                0x000000000000aea4        0x9 C:/Program Files/SEGGER/SEGGER Embedded Studio for ARM 3.34a/lib/libc_v7em_fpv4_sp_d16_hard_t_le_eabi.a(libc2.o)
                0x000000000000aea4                __RAL_c_locale_date_format
 *fill*         0x000000000000aead        0x3 
 .rodata.libc.__RAL_c_locale_date_time_format
                0x000000000000aeb0        0xf C:/Program Files/SEGGER/SEGGER Embedded Studio for ARM 3.34a/lib/libc_v7em_fpv4_sp_d16_hard_t_le_eabi.a(libc2.o)
                0x000000000000aeb0                __RAL_c_locale_date_time_format
 *fill*         0x000000000000aebf        0x1 
 .rodata.libc.__RAL_c_locale_day_names
                0x000000000000aec0       0x3a C:/Program Files/SEGGER/SEGGER Embedded Studio for ARM 3.34a/lib/libc_v7em_fpv4_sp_d16_hard_t_le_eabi.a(libc2.o)
                0x000000000000aec0                __RAL_c_locale_day_names
 *fill*         0x000000000000aefa        0x2 
 .rodata.libc.__RAL_c_locale_month_names
                0x000000000000aefc       0x57 C:/Program Files/SEGGER/SEGGER Embedded Studio for ARM 3.34a/lib/libc_v7em_fpv4_sp_d16_hard_t_le_eabi.a(libc2.o)
                0x000000000000aefc                __RAL_c_locale_month_names
 *fill*         0x000000000000af53        0x1 
 .rodata.libc.__RAL_c_locale_time_format
                0x000000000000af54        0x9 C:/Program Files/SEGGER/SEGGER Embedded Studio for ARM 3.34a/lib/libc_v7em_fpv4_sp_d16_hard_t_le_eabi.a(libc2.o)
                0x000000000000af54                __RAL_c_locale_time_format
 *fill*         0x000000000000af5d        0x3 
 .rodata.libc.__RAL_codeset_ascii
                0x000000000000af60       0x20 C:/Program Files/SEGGER/SEGGER Embedded Studio for ARM 3.34a/lib/libc_v7em_fpv4_sp_d16_hard_t_le_eabi.a(libc2.o)
                0x000000000000af60                __RAL_codeset_ascii
 .rodata.libc.__RAL_data_empty_string
                0x000000000000af80        0x1 C:/Program Files/SEGGER/SEGGER Embedded Studio for ARM 3.34a/lib/libc_v7em_fpv4_sp_d16_hard_t_le_eabi.a(libc2.o)
                0x000000000000af80                __RAL_data_empty_string
 *fill*         0x000000000000af81        0x3 
 .rodata.libc.__RAL_data_utf8_period
                0x000000000000af84        0x2 C:/Program Files/SEGGER/SEGGER Embedded Studio for ARM 3.34a/lib/libc_v7em_fpv4_sp_d16_hard_t_le_eabi.a(libc2.o)
                0x000000000000af84                __RAL_data_utf8_period
 *fill*         0x000000000000af86        0x2 
 .rodata.libc.__RAL_find_locale.str1.4
                0x000000000000af88        0xc C:/Program Files/SEGGER/SEGGER Embedded Studio for ARM 3.34a/lib/libc_v7em_fpv4_sp_d16_hard_t_le_eabi.a(libc2.o)
                                          0xa (size before relaxing)
                0x000000000000af94                __rodata_end__ = (__rodata_start__ + SIZEOF (.rodata))
                0x00000000000013f0                __rodata_size__ = SIZEOF (.rodata)
                0x000000000000af94                __rodata_load_end__ = __rodata_end__

.rel.dyn        0x000000000000af94        0x0
 .rel.iplt      0x000000000000af94        0x0 Output/fatfs_pca10040 Debug/Obj/thumb_crt0.o
                0x0000000000000001                . = ASSERT (((__rodata_start__ == __rodata_end__) || ((__rodata_end__ >= __FLASH_segment_start__) && (__rodata_end__ <= __FLASH_segment_end__))), error: .rodata is too large to fit in FLASH memory segment)
                0x000000000000af94                __ARM.exidx_load_start__ = ALIGN (__rodata_end__, 0x4)

.ARM.exidx      0x000000000000af94        0x0
                0x000000000000af94                __ARM.exidx_start__ = .
                0x000000000000af94                __exidx_start = __ARM.exidx_start__
 *(.ARM.exidx .ARM.exidx.*)
                0x000000000000af94                __ARM.exidx_end__ = (__ARM.exidx_start__ + SIZEOF (.ARM.exidx))
                0x0000000000000000                __ARM.exidx_size__ = SIZEOF (.ARM.exidx)
                0x000000000000af94                __exidx_end = __ARM.exidx_end__
                0x000000000000af94                __ARM.exidx_load_end__ = __ARM.exidx_end__
                0x0000000000000001                . = ASSERT (((__ARM.exidx_start__ == __ARM.exidx_end__) || ((__ARM.exidx_end__ >= __FLASH_segment_start__) && (__ARM.exidx_end__ <= __FLASH_segment_end__))), error: .ARM.exidx is too large to fit in FLASH memory segment)
                0x000000000000af94                __fast_load_start__ = ALIGN (__ARM.exidx_end__, 0x4)

.fast           0x000000002000003c        0x0 load address 0x000000000000af94
                0x000000002000003c                __fast_start__ = .
 *(.fast .fast.*)
                0x000000002000003c                __fast_end__ = (__fast_start__ + SIZEOF (.fast))
                0x0000000000000000                __fast_size__ = SIZEOF (.fast)
                0x000000000000af94                __fast_load_end__ = (__fast_load_start__ + SIZEOF (.fast))
                0x0000000000000001                . = ASSERT (((__fast_load_start__ == __fast_load_end__) || ((__fast_load_end__ >= __FLASH_segment_start__) && (__fast_load_end__ <= __FLASH_segment_end__))), error: .fast is too large to fit in FLASH memory segment)

.fast_run       0x000000002000003c        0x0
                0x000000002000003c                __fast_run_start__ = .
                0x000000002000003c                . = MAX ((__fast_run_start__ + SIZEOF (.fast)), .)
                0x000000002000003c                __fast_run_end__ = (__fast_run_start__ + SIZEOF (.fast_run))
                0x0000000000000000                __fast_run_size__ = SIZEOF (.fast_run)
                0x000000002000003c                __fast_run_load_end__ = __fast_run_end__
                0x0000000000000001                . = ASSERT (((__fast_run_start__ == __fast_run_end__) || ((__fast_run_end__ >= __RAM_segment_start__) && (__fast_run_end__ <= __RAM_segment_end__))), error: .fast_run is too large to fit in RAM memory segment)
                0x000000000000af94                __data_load_start__ = ALIGN ((__fast_load_start__ + SIZEOF (.fast)), 0x4)

.data           0x000000002000003c       0x70 load address 0x000000000000af94
                0x000000002000003c                __data_start__ = .
 *(.data .data.* .gnu.linkonce.d.*)
 .data.m_uart   0x000000002000003c        0x8 Output/fatfs_pca10040 Debug/Obj/nrf_log_backend_uart.o
                0x000000002000003c                m_uart
 .data.uart_log_backend
                0x0000000020000044        0xc Output/fatfs_pca10040 Debug/Obj/nrf_log_default_backends.o
 .data.severity_names
                0x0000000020000050       0x14 Output/fatfs_pca10040 Debug/Obj/nrf_log_str_formatter.o
 .data.m_colors
                0x0000000020000064       0x24 Output/fatfs_pca10040 Debug/Obj/nrf_log_str_formatter.o
 .data.drives.8860
                0x0000000020000088        0xc Output/fatfs_pca10040 Debug/Obj/main.o
 .data.SystemCoreClock
                0x0000000020000094        0x4 Output/fatfs_pca10040 Debug/Obj/system_nrf52.o
                0x0000000020000094                SystemCoreClock
 .data.libc.__RAL_global_locale
                0x0000000020000098       0x14 C:/Program Files/SEGGER/SEGGER Embedded Studio for ARM 3.34a/lib/libc_v7em_fpv4_sp_d16_hard_t_le_eabi.a(libc2.o)
                0x0000000020000098                __RAL_global_locale
                0x00000000200000ac                __data_end__ = (__data_start__ + SIZEOF (.data))
                0x0000000000000070                __data_size__ = SIZEOF (.data)
                0x000000000000b004                __data_load_end__ = (__data_load_start__ + SIZEOF (.data))

.igot.plt       0x0000000100000000        0x0
 .igot.plt      0x0000000100000000        0x0 Output/fatfs_pca10040 Debug/Obj/thumb_crt0.o
                0x0000000000000001                . = ASSERT (((__data_load_start__ == __data_load_end__) || ((__data_load_end__ >= __FLASH_segment_start__) && (__data_load_end__ <= __FLASH_segment_end__))), error: .data is too large to fit in FLASH memory segment)

.data_run       0x000000002000003c       0x70 load address 0x000000000000af94
                0x000000002000003c                __data_run_start__ = .
                0x00000000200000ac                . = MAX ((__data_run_start__ + SIZEOF (.data)), .)
 *fill*         0x000000002000003c       0x70 
                0x00000000200000ac                __data_run_end__ = (__data_run_start__ + SIZEOF (.data_run))
                0x0000000000000070                __data_run_size__ = SIZEOF (.data_run)
                0x00000000200000ac                __data_run_load_end__ = __data_run_end__
                0x0000000000000001                . = ASSERT (((__data_run_start__ == __data_run_end__) || ((__data_run_end__ >= __RAM_segment_start__) && (__data_run_end__ <= __RAM_segment_end__))), error: .data_run is too large to fit in RAM memory segment)
                0x000000000000b004                __tdata_load_start__ = ALIGN ((__data_load_start__ + SIZEOF (.data)), 0x4)

.tdata          0x00000000200000ac        0x0 load address 0x000000000000b004
                0x00000000200000ac                __tdata_start__ = .
 *(.tdata .tdata.*)
                0x00000000200000ac                __tdata_end__ = (__tdata_start__ + SIZEOF (.tdata))
                0x0000000000000000                __tdata_size__ = SIZEOF (.tdata)
                0x000000000000b004                __tdata_load_end__ = (__tdata_load_start__ + SIZEOF (.tdata))
                0x000000000000b004                __FLASH_segment_used_end__ = (ALIGN ((__data_load_start__ + SIZEOF (.data)), 0x4) + SIZEOF (.tdata))
                0x000000000000b004                __FLASH_segment_used_size__ = (__FLASH_segment_used_end__ - __FLASH_segment_start__)
                0x0000000000000001                . = ASSERT (((__tdata_load_start__ == __tdata_load_end__) || ((__tdata_load_end__ >= __FLASH_segment_start__) && (__tdata_load_end__ <= __FLASH_segment_end__))), error: .tdata is too large to fit in FLASH memory segment)

.tdata_run      0x00000000200000ac        0x0
                0x00000000200000ac                __tdata_run_start__ = .
                0x00000000200000ac                . = MAX ((__tdata_run_start__ + SIZEOF (.tdata)), .)
                0x00000000200000ac                __tdata_run_end__ = (__tdata_run_start__ + SIZEOF (.tdata_run))
                0x0000000000000000                __tdata_run_size__ = SIZEOF (.tdata_run)
                0x00000000200000ac                __tdata_run_load_end__ = __tdata_run_end__
                0x0000000000000001                . = ASSERT (((__tdata_run_start__ == __tdata_run_end__) || ((__tdata_run_end__ >= __RAM_segment_start__) && (__tdata_run_end__ <= __RAM_segment_end__))), error: .tdata_run is too large to fit in RAM memory segment)
                0x00000000200000ac                __bss_load_start__ = ALIGN (__tdata_run_end__, 0x4)

.bss            0x00000000200000ac      0xb1e
                0x00000000200000ac                __bss_start__ = .
 *(.bss .bss.* .gnu.linkonce.b.*)
 .bss.m_string_buff
                0x00000000200000ac       0x40 Output/fatfs_pca10040 Debug/Obj/nrf_log_backend_uart.o
 .bss.m_xfer_done
                0x00000000200000ec        0x1 Output/fatfs_pca10040 Debug/Obj/nrf_log_backend_uart.o
 .bss.m_async_mode
                0x00000000200000ed        0x1 Output/fatfs_pca10040 Debug/Obj/nrf_log_backend_uart.o
 *fill*         0x00000000200000ee        0x2 
 .bss.mempool_nrf_balloc_pool_stack
                0x00000000200000f0        0x8 Output/fatfs_pca10040 Debug/Obj/nrf_log_frontend.o
 .bss.mempool_nrf_balloc_pool_mem
                0x00000000200000f8       0xc0 Output/fatfs_pca10040 Debug/Obj/nrf_log_frontend.o
 .bss.mempool_nrf_balloc_cb
                0x00000000200001b8        0x8 Output/fatfs_pca10040 Debug/Obj/nrf_log_frontend.o
 .bss.m_log_data
                0x00000000200001c0      0x420 Output/fatfs_pca10040 Debug/Obj/nrf_log_frontend.o
 .bss.m_error_data.7211
                0x00000000200005e0       0x20 Output/fatfs_pca10040 Debug/Obj/app_error.o
 .bss.m_cb      0x0000000020000600       0x5c Output/fatfs_pca10040 Debug/Obj/app_sdcard.o
 .bss.m_in_critical_region
                0x000000002000065c        0x4 Output/fatfs_pca10040 Debug/Obj/app_util_platform.o
 .bss.m_last_result
                0x0000000020000660        0x1 Output/fatfs_pca10040 Debug/Obj/nrf_block_dev_sdc.o
 *fill*         0x0000000020000661        0x3 
 .bss.m_active_sdc_dev
                0x0000000020000664        0x4 Output/fatfs_pca10040 Debug/Obj/nrf_block_dev_sdc.o
 .bss.m_cb      0x0000000020000668       0x24 Output/fatfs_pca10040 Debug/Obj/nrf_drv_spi.o
 .bss.m_cb      0x000000002000068c       0x20 Output/fatfs_pca10040 Debug/Obj/nrf_drv_uart.o
 .bss.m_cb      0x00000000200006ac       0x58 Output/fatfs_pca10040 Debug/Obj/nrf_drv_gpiote.o
 .bss.m_block_dev_sdc_work
                0x0000000020000704       0x1c Output/fatfs_pca10040 Debug/Obj/main.o
 .bss.fs.8853   0x0000000020000720      0x230 Output/fatfs_pca10040 Debug/Obj/main.o
 .bss.dir.8854  0x0000000020000950       0x2c Output/fatfs_pca10040 Debug/Obj/main.o
 .bss.fno.8855  0x000000002000097c       0x18 Output/fatfs_pca10040 Debug/Obj/main.o
 .bss.file.8856
                0x0000000020000994      0x228 Output/fatfs_pca10040 Debug/Obj/main.o
 .bss.m_drives  0x0000000020000bbc        0x4 Output/fatfs_pca10040 Debug/Obj/diskio_blkdev.o
 .bss.m_drives_count
                0x0000000020000bc0        0x1 Output/fatfs_pca10040 Debug/Obj/diskio_blkdev.o
 *fill*         0x0000000020000bc1        0x3 
 .bss.FatFs     0x0000000020000bc4        0x4 Output/fatfs_pca10040 Debug/Obj/ff.o
 .bss.Fsid      0x0000000020000bc8        0x2 Output/fatfs_pca10040 Debug/Obj/ff.o
 *(COMMON)
                0x0000000020000bca                __bss_end__ = (__bss_start__ + SIZEOF (.bss))
                0x0000000000000b1e                __bss_size__ = SIZEOF (.bss)
                0x0000000020000bca                __bss_load_end__ = __bss_end__
                0x0000000000000001                . = ASSERT (((__bss_start__ == __bss_end__) || ((__bss_end__ >= __RAM_segment_start__) && (__bss_end__ <= __RAM_segment_end__))), error: .bss is too large to fit in RAM memory segment)
                0x0000000020000bcc                __tbss_load_start__ = ALIGN (__bss_end__, 0x4)

.tbss           0x0000000020000bcc        0x0
                0x0000000020000bcc                __tbss_start__ = .
 *(.tbss .tbss.*)
                0x0000000020000bcc                __tbss_end__ = (__tbss_start__ + SIZEOF (.tbss))
                0x0000000000000000                __tbss_size__ = SIZEOF (.tbss)
                0x0000000020000bcc                __tbss_load_end__ = __tbss_end__
                0x0000000000000001                . = ASSERT (((__tbss_start__ == __tbss_end__) || ((__tbss_end__ >= __RAM_segment_start__) && (__tbss_end__ <= __RAM_segment_end__))), error: .tbss is too large to fit in RAM memory segment)
                0x0000000020000bcc                __non_init_load_start__ = ALIGN (__tbss_end__, 0x4)

.non_init       0x0000000020000bcc        0x0
                0x0000000020000bcc                __non_init_start__ = .
 *(.non_init .non_init.*)
                0x0000000020000bcc                __non_init_end__ = (__non_init_start__ + SIZEOF (.non_init))
                0x0000000000000000                __non_init_size__ = SIZEOF (.non_init)
                0x0000000020000bcc                __non_init_load_end__ = __non_init_end__
                0x0000000000000001                . = ASSERT (((__non_init_start__ == __non_init_end__) || ((__non_init_end__ >= __RAM_segment_start__) && (__non_init_end__ <= __RAM_segment_end__))), error: .non_init is too large to fit in RAM memory segment)
                0x0000000020000bcc                __heap_load_start__ = ALIGN (__non_init_end__, 0x4)

.heap           0x0000000020000bcc      0x200
                0x0000000020000bcc                __heap_start__ = .
 *(.heap .heap.*)
                0x0000000020000dcc                . = ALIGN (MAX ((__heap_start__ + __HEAPSIZE__), .), 0x4)
 *fill*         0x0000000020000bcc      0x200 
                0x0000000020000dcc                __heap_end__ = (__heap_start__ + SIZEOF (.heap))
                0x0000000000000200                __heap_size__ = SIZEOF (.heap)
                0x0000000020000dcc                __heap_load_end__ = __heap_end__
                0x0000000000000001                . = ASSERT (((__heap_start__ == __heap_end__) || ((__heap_end__ >= __RAM_segment_start__) && (__heap_end__ <= __RAM_segment_end__))), error: .heap is too large to fit in RAM memory segment)
                0x000000002000f800                __stack_load_start__ = (__RAM_segment_end__ - 0x800)

.stack          0x000000002000f800      0x800
                0x000000002000f800                __stack_start__ = .
                0x000000002000f800                __StackLimit = __stack_start__
 *(.stack .stack.*)
                0x0000000020010000                . = ALIGN (MAX ((__stack_start__ + __STACKSIZE__), .), 0x8)
 *fill*         0x000000002000f800      0x800 
                0x0000000020010000                __stack_end__ = (__stack_start__ + SIZEOF (.stack))
                0x0000000000000800                __stack_size__ = SIZEOF (.stack)
                0x0000000020010000                __StackTop = __stack_end__
                0x0000000020010000                __stack_load_end__ = __stack_end__
                0x0000000000000001                . = ASSERT (((__stack_start__ == __stack_end__) || ((__stack_end__ >= __RAM_segment_start__) && (__stack_end__ <= __RAM_segment_end__))), error: .stack is too large to fit in RAM memory segment)
                0x0000000000000001                . = ASSERT ((__heap_end__ <= __stack_start__), error: section .heap overlaps absolute placed section .stack)
                0x0000000020010000                __stack_process_load_start__ = ALIGN (__stack_end__, 0x8)

.stack_process  0x0000000020010000        0x0
                0x0000000020010000                __stack_process_start__ = .
 *(.stack_process .stack_process.*)
                0x0000000020010000                . = ALIGN (MAX ((__stack_process_start__ + __STACKSIZE_PROCESS__), .), 0x8)
                0x0000000020010000                __stack_process_end__ = (__stack_process_start__ + SIZEOF (.stack_process))
                0x0000000000000000                __stack_process_size__ = SIZEOF (.stack_process)
                0x0000000020010000                __stack_process_load_end__ = __stack_process_end__
                0x0000000020010000                __RAM_segment_used_end__ = (ALIGN (__stack_end__, 0x8) + SIZEOF (.stack_process))
                0x0000000000010000                __RAM_segment_used_size__ = (__RAM_segment_used_end__ - __RAM_segment_start__)
                0x0000000000000001                . = ASSERT (((__stack_process_start__ == __stack_process_end__) || ((__stack_process_end__ >= __RAM_segment_start__) && (__stack_process_end__ <= __RAM_segment_end__))), error: .stack_process is too large to fit in RAM memory segment)
START GROUP
LOAD Output/fatfs_pca10040 Debug/Obj/thumb_crt0.o
LOAD Output/fatfs_pca10040 Debug/Obj/nrf_log_backend_rtt.o
LOAD Output/fatfs_pca10040 Debug/Obj/nrf_log_backend_serial.o
LOAD Output/fatfs_pca10040 Debug/Obj/nrf_log_backend_uart.o
LOAD Output/fatfs_pca10040 Debug/Obj/nrf_log_default_backends.o
LOAD Output/fatfs_pca10040 Debug/Obj/nrf_log_frontend.o
LOAD Output/fatfs_pca10040 Debug/Obj/nrf_log_str_formatter.o
LOAD Output/fatfs_pca10040 Debug/Obj/boards.o
LOAD Output/fatfs_pca10040 Debug/Obj/app_error.o
LOAD Output/fatfs_pca10040 Debug/Obj/app_error_weak.o
LOAD Output/fatfs_pca10040 Debug/Obj/app_fifo.o
LOAD Output/fatfs_pca10040 Debug/Obj/app_sdcard.o
LOAD Output/fatfs_pca10040 Debug/Obj/app_uart_fifo.o
LOAD Output/fatfs_pca10040 Debug/Obj/app_util_platform.o
LOAD Output/fatfs_pca10040 Debug/Obj/nrf_assert.o
LOAD Output/fatfs_pca10040 Debug/Obj/nrf_balloc.o
LOAD Output/fatfs_pca10040 Debug/Obj/nrf_block_dev_sdc.o
LOAD Output/fatfs_pca10040 Debug/Obj/nrf_fprintf.o
LOAD Output/fatfs_pca10040 Debug/Obj/nrf_fprintf_format.o
LOAD Output/fatfs_pca10040 Debug/Obj/nrf_memobj.o
LOAD Output/fatfs_pca10040 Debug/Obj/nrf_strerror.o
LOAD Output/fatfs_pca10040 Debug/Obj/nrf_drv_common.o
LOAD Output/fatfs_pca10040 Debug/Obj/nrf_drv_spi.o
LOAD Output/fatfs_pca10040 Debug/Obj/nrf_drv_uart.o
LOAD Output/fatfs_pca10040 Debug/Obj/nrf_drv_gpiote.o
LOAD Output/fatfs_pca10040 Debug/Obj/main.o
LOAD Output/fatfs_pca10040 Debug/Obj/SEGGER_RTT.o
LOAD Output/fatfs_pca10040 Debug/Obj/SEGGER_RTT_Syscalls_SES.o
LOAD Output/fatfs_pca10040 Debug/Obj/SEGGER_RTT_printf.o
LOAD Output/fatfs_pca10040 Debug/Obj/diskio_blkdev.o
LOAD Output/fatfs_pca10040 Debug/Obj/ff.o
LOAD Output/fatfs_pca10040 Debug/Obj/ses_nRF_Startup.o
LOAD Output/fatfs_pca10040 Debug/Obj/ses_nrf52_Vectors.o
LOAD Output/fatfs_pca10040 Debug/Obj/system_nrf52.o
LOAD C:/Program Files/SEGGER/SEGGER Embedded Studio for ARM 3.34a/lib/libdebugio_mempoll_v7em_fpv4_sp_d16_hard_t_le_eabi.a