Component: ARM Compiler 5.06 update 5 (build 528) Tool: armlink [4d35e2]

==============================================================================

Section Cross References

    main.o(i.main) refers to nrf_log_frontend.o(i.nrf_log_init) for nrf_log_init
    main.o(i.main) refers to app_error.o(i.app_error_handler_bare) for app_error_handler_bare
    main.o(i.main) refers to nrf_log_default_backends.o(i.nrf_log_default_backends_init) for nrf_log_default_backends_init
    main.o(i.main) refers to nrf_drv_power.o(i.nrf_drv_power_init) for nrf_drv_power_init
    main.o(i.main) refers to nrf_pwr_mgmt.o(i.nrf_pwr_mgmt_init) for nrf_pwr_mgmt_init
    main.o(i.main) refers to nrf_log_frontend.o(i.nrf_log_frontend_std_0) for nrf_log_frontend_std_0
    main.o(i.main) refers to main.o(i.saadc_init) for saadc_init
    main.o(i.main) refers to main.o(i.saadc_sampling_event_init) for saadc_sampling_event_init
    main.o(i.main) refers to main.o(i.saadc_sampling_event_enable) for saadc_sampling_event_enable
    main.o(i.main) refers to nrf_pwr_mgmt.o(i.nrf_pwr_mgmt_run) for nrf_pwr_mgmt_run
    main.o(i.main) refers to nrf_log_frontend.o(i.nrf_log_frontend_dequeue) for nrf_log_frontend_dequeue
    main.o(i.main) refers to nrf_log_frontend.o(log_dynamic_data) for m_nrf_log_app_logs_data_dynamic
    main.o(i.saadc_callback) refers to nrf_drv_saadc.o(i.nrf_drv_saadc_buffer_convert) for nrf_drv_saadc_buffer_convert
    main.o(i.saadc_callback) refers to app_error.o(i.app_error_handler_bare) for app_error_handler_bare
    main.o(i.saadc_callback) refers to nrf_log_frontend.o(i.nrf_log_frontend_std_1) for nrf_log_frontend_std_1
    main.o(i.saadc_callback) refers to nrf_log_frontend.o(log_dynamic_data) for m_nrf_log_app_logs_data_dynamic
    main.o(i.saadc_callback) refers to main.o(.data) for .data
    main.o(i.saadc_init) refers to nrf_drv_saadc.o(i.nrf_drv_saadc_init) for nrf_drv_saadc_init
    main.o(i.saadc_init) refers to app_error.o(i.app_error_handler_bare) for app_error_handler_bare
    main.o(i.saadc_init) refers to nrf_drv_saadc.o(i.nrf_drv_saadc_channel_init) for nrf_drv_saadc_channel_init
    main.o(i.saadc_init) refers to nrf_drv_saadc.o(i.nrf_drv_saadc_buffer_convert) for nrf_drv_saadc_buffer_convert
    main.o(i.saadc_init) refers to main.o(.constdata) for .constdata
    main.o(i.saadc_init) refers to main.o(i.saadc_callback) for saadc_callback
    main.o(i.saadc_init) refers to main.o(.bss) for .bss
    main.o(i.saadc_sampling_event_enable) refers to nrf_drv_ppi.o(i.nrf_drv_ppi_channel_enable) for nrf_drv_ppi_channel_enable
    main.o(i.saadc_sampling_event_enable) refers to app_error.o(i.app_error_handler_bare) for app_error_handler_bare
    main.o(i.saadc_sampling_event_enable) refers to main.o(.data) for .data
    main.o(i.saadc_sampling_event_init) refers to nrf_drv_ppi.o(i.nrf_drv_ppi_init) for nrf_drv_ppi_init
    main.o(i.saadc_sampling_event_init) refers to app_error.o(i.app_error_handler_bare) for app_error_handler_bare
    main.o(i.saadc_sampling_event_init) refers to nrf_drv_timer.o(i.nrf_drv_timer_init) for nrf_drv_timer_init
    main.o(i.saadc_sampling_event_init) refers to nrf_drv_timer.o(i.nrf_drv_timer_extended_compare) for nrf_drv_timer_extended_compare
    main.o(i.saadc_sampling_event_init) refers to nrf_drv_timer.o(i.nrf_drv_timer_enable) for nrf_drv_timer_enable
    main.o(i.saadc_sampling_event_init) refers to nrf_drv_saadc.o(i.nrf_drv_saadc_sample_task_get) for nrf_drv_saadc_sample_task_get
    main.o(i.saadc_sampling_event_init) refers to nrf_drv_ppi.o(i.nrf_drv_ppi_channel_alloc) for nrf_drv_ppi_channel_alloc
    main.o(i.saadc_sampling_event_init) refers to nrf_drv_ppi.o(i.nrf_drv_ppi_channel_assign) for nrf_drv_ppi_channel_assign
    main.o(i.saadc_sampling_event_init) refers to main.o(.constdata) for .constdata
    main.o(i.saadc_sampling_event_init) refers to main.o(i.timer_handler) for timer_handler
    main.o(i.saadc_sampling_event_init) refers to main.o(.data) for .data
    boards.o(i.bsp_board_button_idx_to_pin) refers to boards.o(.constdata) for .constdata
    boards.o(i.bsp_board_button_state_get) refers to boards.o(.constdata) for .constdata
    boards.o(i.bsp_board_buttons_init) refers to boards.o(i.nrf_gpio_cfg) for nrf_gpio_cfg
    boards.o(i.bsp_board_buttons_init) refers to boards.o(.constdata) for .constdata
    boards.o(i.bsp_board_led_idx_to_pin) refers to boards.o(.constdata) for .constdata
    boards.o(i.bsp_board_led_invert) refers to boards.o(.constdata) for .constdata
    boards.o(i.bsp_board_led_off) refers to boards.o(i.nrf_gpio_pin_write) for nrf_gpio_pin_write
    boards.o(i.bsp_board_led_off) refers to boards.o(.constdata) for .constdata
    boards.o(i.bsp_board_led_on) refers to boards.o(i.nrf_gpio_pin_write) for nrf_gpio_pin_write
    boards.o(i.bsp_board_led_on) refers to boards.o(.constdata) for .constdata
    boards.o(i.bsp_board_led_state_get) refers to boards.o(.constdata) for .constdata
[...]
    Removing segger_rtt.o(i.SEGGER_RTT_SetNameDownBuffer), (60 bytes).
    Removing segger_rtt.o(i.SEGGER_RTT_SetNameUpBuffer), (60 bytes).
    Removing segger_rtt.o(i.SEGGER_RTT_SetTerminal), (128 bytes).
    Removing segger_rtt.o(i.SEGGER_RTT_TerminalOut), (168 bytes).
    Removing segger_rtt.o(i.SEGGER_RTT_WaitKey), (14 bytes).
    Removing segger_rtt.o(i.SEGGER_RTT_Write), (52 bytes).
    Removing segger_rtt.o(i.SEGGER_RTT_WriteNoLock), (92 bytes).
    Removing segger_rtt.o(i.SEGGER_RTT_WriteSkipNoLock), (116 bytes).
    Removing segger_rtt.o(i.SEGGER_RTT_WriteString), (26 bytes).
    Removing segger_rtt.o(i.SEGGER_RTT_WriteWithOverwriteNoLock), (148 bytes).
    Removing segger_rtt.o(i._DoInit), (104 bytes).
    Removing segger_rtt.o(i._GetAvailWriteSpace), (22 bytes).
    Removing segger_rtt.o(i._PostTerminalSwitch), (32 bytes).
    Removing segger_rtt.o(i._WriteBlocking), (90 bytes).
    Removing segger_rtt.o(i._WriteNoCheck), (66 bytes).
    Removing segger_rtt.o(.bss), (648 bytes).
    Removing segger_rtt.o(.data), (17 bytes).
    Removing segger_rtt_syscalls_keil.o(.rev16_text), (4 bytes).
    Removing segger_rtt_syscalls_keil.o(.revsh_text), (4 bytes).
    Removing segger_rtt_syscalls_keil.o(.rrx_text), (6 bytes).
    Removing segger_rtt_syscalls_keil.o(i._sys_close), (4 bytes).
    Removing segger_rtt_syscalls_keil.o(i._sys_command_string), (2 bytes).
    Removing segger_rtt_syscalls_keil.o(i._sys_ensure), (6 bytes).
    Removing segger_rtt_syscalls_keil.o(i._sys_exit), (2 bytes).
    Removing segger_rtt_syscalls_keil.o(i._sys_flen), (4 bytes).
    Removing segger_rtt_syscalls_keil.o(i._sys_istty), (14 bytes).
    Removing segger_rtt_syscalls_keil.o(i._sys_open), (44 bytes).
    Removing segger_rtt_syscalls_keil.o(i._sys_read), (4 bytes).
    Removing segger_rtt_syscalls_keil.o(i._sys_seek), (4 bytes).
    Removing segger_rtt_syscalls_keil.o(i._sys_tmpnam), (4 bytes).
    Removing segger_rtt_syscalls_keil.o(i._sys_write), (26 bytes).
    Removing segger_rtt_syscalls_keil.o(i._ttywrch), (24 bytes).
    Removing segger_rtt_syscalls_keil.o(.constdata), (14 bytes).
    Removing segger_rtt_printf.o(.rev16_text), (4 bytes).
    Removing segger_rtt_printf.o(.revsh_text), (4 bytes).
    Removing segger_rtt_printf.o(.rrx_text), (6 bytes).
    Removing segger_rtt_printf.o(i.SEGGER_RTT_printf), (22 bytes).
    Removing segger_rtt_printf.o(i.SEGGER_RTT_vprintf), (406 bytes).
    Removing segger_rtt_printf.o(i._PrintInt), (198 bytes).
    Removing segger_rtt_printf.o(i._PrintUnsigned), (212 bytes).
    Removing segger_rtt_printf.o(i._StoreChar), (62 bytes).
    Removing segger_rtt_printf.o(.constdata), (16 bytes).

257 unused section(s) (total 18467 bytes) removed from the image.

==============================================================================

Image Symbol Table

    Local Symbols

    Symbol Name                              Value     Ov Type        Size  Object(Section)

    ../clib/microlib/ctype/ctype.c           0x00000000   Number         0  islower_o.o ABSOLUTE
    ../clib/microlib/ctype/ctype.c           0x00000000   Number         0  isblank_o.o ABSOLUTE
    ../clib/microlib/ctype/ctype.c           0x00000000   Number         0  ctype_o.o ABSOLUTE
    ../clib/microlib/ctype/ctype.c           0x00000000   Number         0  isalnum_o.o ABSOLUTE
    ../clib/microlib/ctype/ctype.c           0x00000000   Number         0  isalpha_o.o ABSOLUTE
    ../clib/microlib/ctype/ctype.c           0x00000000   Number         0  isdigit_o.o ABSOLUTE
    ../clib/microlib/ctype/ctype.c           0x00000000   Number         0  iscntrl_o.o ABSOLUTE
    ../clib/microlib/ctype/ctype.c           0x00000000   Number         0  isxdigit_o.o ABSOLUTE
    ../clib/microlib/ctype/ctype.c           0x00000000   Number         0  isupper_o.o ABSOLUTE
    ../clib/microlib/ctype/ctype.c           0x00000000   Number         0  isspace_o.o ABSOLUTE
    ../clib/microlib/ctype/ctype.c           0x00000000   Number         0  ispunct_o.o ABSOLUTE
    ../clib/microlib/ctype/ctype.c           0x00000000   Number         0  isprint_o.o ABSOLUTE
    ../clib/microlib/ctype/ctype.c           0x00000000   Number         0  isgraph_o.o ABSOLUTE
    ../clib/microlib/init/entry.s            0x00000000   Number         0  entry9a.o ABSOLUTE
    ../clib/microlib/init/entry.s            0x00000000   Number         0  entry2.o ABSOLUTE
    ../clib/microlib/init/entry.s            0x00000000   Number         0  entry5.o ABSOLUTE
    ../clib/microlib/init/entry.s            0x00000000   Number         0  entry7a.o ABSOLUTE
    ../clib/microlib/init/entry.s            0x00000000   Number         0  entry7b.o ABSOLUTE
    ../clib/microlib/init/entry.s            0x00000000   Number         0  entry8a.o ABSOLUTE
    ../clib/microlib/init/entry.s            0x00000000   Number         0  entry8b.o ABSOLUTE
    ../clib/microlib/init/entry.s            0x00000000   Number         0  entry.o ABSOLUTE
    ../clib/microlib/init/entry.s            0x00000000   Number         0  entry9b.o ABSOLUTE
    ../clib/microlib/init/entry.s            0x00000000   Number         0  entry10a.o ABSOLUTE
    ../clib/microlib/init/entry.s            0x00000000   Number         0  entry10b.o ABSOLUTE
    ../clib/microlib/init/entry.s            0x00000000   Number         0  entry11a.o ABSOLUTE
    ../clib/microlib/init/entry.s            0x00000000   Number         0  entry11b.o ABSOLUTE
    ../clib/microlib/stdio/fflush.c          0x00000000   Number         0  fflush.o ABSOLUTE
    ../clib/microlib/stdio/fputc.c           0x00000000   Number         0  fputc.o ABSOLUTE
    ../clib/microlib/stdio/semi.s            0x00000000   Number         0  semi.o ABSOLUTE
    ../clib/microlib/stdio/streams.c         0x00000000   Number         0  stdout.o ABSOLUTE
    ../clib/microlib/string/memcpy.c         0x00000000   Number         0  memcpya.o ABSOLUTE
    ../clib/microlib/string/memcpy.c         0x00000000   Number         0  memcpyb.o ABSOLUTE
    ../clib/microlib/string/memset.c         0x00000000   Number         0  memseta.o ABSOLUTE
    ../clib/microlib/string/strcmp.c         0x00000000   Number         0  strcmp.o ABSOLUTE
    ../clib/microlib/string/strcpy.c         0x00000000   Number         0  strcpy.o ABSOLUTE
    ../clib/microlib/string/strlen.c         0x00000000   Number         0  strlen.o ABSOLUTE
    ../clib/microlib/stubs.s                 0x00000000   Number         0  iusesemip.o ABSOLUTE
    ../clib/microlib/stubs.s                 0x00000000   Number         0  useno.o ABSOLUTE
    ..\..\..\..\..\..\components\boards\boards.c 0x00000000   Number         0  boards.o ABSOLUTE
    ..\..\..\..\..\..\components\drivers_nrf\common\nrf_drv_common.c 0x00000000   Number         0  nrf_drv_common.o ABSOLUTE
    ..\..\..\..\..\..\components\drivers_nrf\hal\nrf_saadc.c 0x00000000   Number         0  nrf_saadc.o ABSOLUTE
    ..\..\..\..\..\..\components\drivers_nrf\power\nrf_drv_power.c 0x00000000   Number         0  nrf_drv_power.o ABSOLUTE
    ..\..\..\..\..\..\components\drivers_nrf\ppi\nrf_drv_ppi.c 0x00000000   Number         0  nrf_drv_ppi.o ABSOLUTE
    ..\..\..\..\..\..\components\drivers_nrf\saadc\nrf_drv_saadc.c 0x00000000   Number         0  nrf_drv_saadc.o ABSOLUTE
    ..\..\..\..\..\..\components\drivers_nrf\timer\nrf_drv_timer.c 0x00000000   Number         0  nrf_drv_timer.o ABSOLUTE
    ..\..\..\..\..\..\components\drivers_nrf\uart\nrf_drv_uart.c 0x00000000   Number         0  nrf_drv_uart.o ABSOLUTE
    ..\..\..\..\..\..\components\libraries\balloc\nrf_balloc.c 0x00000000   Number         0  nrf_balloc.o ABSOLUTE
    ..\..\..\..\..\..\components\libraries\experimental_log\src\nrf_log_backend_rtt.c 0x00000000   Number         0  nrf_log_backend_rtt.o ABSOLUTE
    ..\..\..\..\..\..\components\libraries\experimental_log\src\nrf_log_backend_serial.c 0x00000000   Number         0  nrf_log_backend_serial.o ABSOLUTE
    ..\..\..\..\..\..\components\libraries\experimental_log\src\nrf_log_backend_uart.c 0x00000000   Number         0  nrf_log_backend_uart.o ABSOLUTE
    ..\..\..\..\..\..\components\libraries\experimental_log\src\nrf_log_default_backends.c 0x00000000   Number         0  nrf_log_default_backends.o ABSOLUTE
    ..\..\..\..\..\..\components\libraries\experimental_log\src\nrf_log_frontend.c 0x00000000   Number         0  nrf_log_frontend.o ABSOLUTE
    ..\..\..\..\..\..\components\libraries\experimental_log\src\nrf_log_str_formatter.c 0x00000000   Number         0  nrf_log_str_formatter.o ABSOLUTE
    ..\..\..\..\..\..\components\libraries\experimental_memobj\nrf_memobj.c 0x00000000   Number         0  nrf_memobj.o ABSOLUTE
    ..\..\..\..\..\..\components\libraries\experimental_section_vars\nrf_section_iter.c 0x00000000   Number         0  nrf_section_iter.o ABSOLUTE
    ..\..\..\..\..\..\components\libraries\pwr_mgmt\nrf_pwr_mgmt.c 0x00000000   Number         0  nrf_pwr_mgmt.o ABSOLUTE
    ..\..\..\..\..\..\components\libraries\strerror\nrf_strerror.c 0x00000000   Number         0  nrf_strerror.o ABSOLUTE
    ..\..\..\..\..\..\components\libraries\util\app_error.c 0x00000000   Number         0  app_error.o ABSOLUTE
    ..\..\..\..\..\..\components\libraries\util\app_error_weak.c 0x00000000   Number         0  app_error_weak.o ABSOLUTE
    ..\..\..\..\..\..\components\libraries\util\app_util_platform.c 0x00000000   Number         0  app_util_platform.o ABSOLUTE
    ..\..\..\..\..\..\components\libraries\util\nrf_assert.c 0x00000000   Number         0  nrf_assert.o ABSOLUTE
    ..\..\..\..\..\..\components\toolchain\arm\arm_startup_nrf52.s 0x00000000   Number         0  arm_startup_nrf52.o ABSOLUTE
    ..\..\..\..\..\..\components\toolchain\system_nrf52.c 0x00000000   Number         0  system_nrf52.o ABSOLUTE
    ..\..\..\..\..\..\external\fprintf\nrf_fprintf.c 0x00000000   Number         0  nrf_fprintf.o ABSOLUTE
    ..\..\..\..\..\..\external\fprintf\nrf_fprintf_format.c 0x00000000   Number         0  nrf_fprintf_format.o ABSOLUTE
    ..\..\..\..\..\..\external\segger_rtt\SEGGER_RTT.c 0x00000000   Number         0  segger_rtt.o ABSOLUTE
    ..\..\..\..\..\..\external\segger_rtt\SEGGER_RTT_Syscalls_KEIL.c 0x00000000   Number         0  segger_rtt_syscalls_keil.o ABSOLUTE
    ..\..\..\..\..\..\external\segger_rtt\SEGGER_RTT_printf.c 0x00000000   Number         0  segger_rtt_printf.o ABSOLUTE
    ..\..\..\main.c                          0x00000000   Number         0  main.o ABSOLUTE
    ..\\..\\..\\..\\..\\..\\components\\boards\\boards.c 0x00000000   Number         0  boards.o ABSOLUTE
    ..\\..\\..\\..\\..\\..\\components\\drivers_nrf\\common\\nrf_drv_common.c 0x00000000   Number         0  nrf_drv_common.o ABSOLUTE
    ..\\..\\..\\..\\..\\..\\components\\drivers_nrf\\hal\\nrf_saadc.c 0x00000000   Number         0  nrf_saadc.o ABSOLUTE
    ..\\..\\..\\..\\..\\..\\components\\drivers_nrf\\power\\nrf_drv_power.c 0x00000000   Number         0  nrf_drv_power.o ABSOLUTE
    ..\\..\\..\\..\\..\\..\\components\\drivers_nrf\\ppi\\nrf_drv_ppi.c 0x00000000   Number         0  nrf_drv_ppi.o ABSOLUTE
    ..\\..\\..\\..\\..\\..\\components\\drivers_nrf\\saadc\\nrf_drv_saadc.c 0x00000000   Number         0  nrf_drv_saadc.o ABSOLUTE
    ..\\..\\..\\..\\..\\..\\components\\drivers_nrf\\timer\\nrf_drv_timer.c 0x00000000   Number         0  nrf_drv_timer.o ABSOLUTE
    ..\\..\\..\\..\\..\\..\\components\\drivers_nrf\\uart\\nrf_drv_uart.c 0x00000000   Number         0  nrf_drv_uart.o ABSOLUTE
    ..\\..\\..\\..\\..\\..\\components\\libraries\\balloc\\nrf_balloc.c 0x00000000   Number         0  nrf_balloc.o ABSOLUTE
    ..\\..\\..\\..\\..\\..\\components\\libraries\\experimental_log\\src\\nrf_log_backend_rtt.c 0x00000000   Number         0  nrf_log_backend_rtt.o ABSOLUTE
    ..\\..\\..\\..\\..\\..\\components\\libraries\\experimental_log\\src\\nrf_log_backend_serial.c 0x00000000   Number         0  nrf_log_backend_serial.o ABSOLUTE
    ..\\..\\..\\..\\..\\..\\components\\libraries\\experimental_log\\src\\nrf_log_backend_uart.c 0x00000000   Number         0  nrf_log_backend_uart.o ABSOLUTE
    ..\\..\\..\\..\\..\\..\\components\\libraries\\experimental_log\\src\\nrf_log_default_backends.c 0x00000000   Number         0  nrf_log_default_backends.o ABSOLUTE
    ..\\..\\..\\..\\..\\..\\components\\libraries\\experimental_log\\src\\nrf_log_frontend.c 0x00000000   Number         0  nrf_log_frontend.o ABSOLUTE
    ..\\..\\..\\..\\..\\..\\components\\libraries\\experimental_log\\src\\nrf_log_str_formatter.c 0x00000000   Number         0  nrf_log_str_formatter.o ABSOLUTE
    ..\\..\\..\\..\\..\\..\\components\\libraries\\experimental_memobj\\nrf_memobj.c 0x00000000   Number         0  nrf_memobj.o ABSOLUTE
    ..\\..\\..\\..\\..\\..\\components\\libraries\\experimental_section_vars\\nrf_section_iter.c 0x00000000   Number         0  nrf_section_iter.o ABSOLUTE
    ..\\..\\..\\..\\..\\..\\components\\libraries\\pwr_mgmt\\nrf_pwr_mgmt.c 0x00000000   Number         0  nrf_pwr_mgmt.o ABSOLUTE
    ..\\..\\..\\..\\..\\..\\components\\libraries\\strerror\\nrf_strerror.c 0x00000000   Number         0  nrf_strerror.o ABSOLUTE
    ..\\..\\..\\..\\..\\..\\components\\libraries\\util\\app_error.c 0x00000000   Number         0  app_error.o ABSOLUTE
    ..\\..\\..\\..\\..\\..\\components\\libraries\\util\\app_error_weak.c 0x00000000   Number         0  app_error_weak.o ABSOLUTE
    ..\\..\\..\\..\\..\\..\\components\\libraries\\util\\app_util_platform.c 0x00000000   Number         0  app_util_platform.o ABSOLUTE
    ..\\..\\..\\..\\..\\..\\components\\libraries\\util\\nrf_assert.c 0x00000000   Number         0  nrf_assert.o ABSOLUTE
    ..\\..\\..\\..\\..\\..\\components\\toolchain\\system_nrf52.c 0x00000000   Number         0  system_nrf52.o ABSOLUTE
    ..\\..\\..\\..\\..\\..\\external\\fprintf\\nrf_fprintf.c 0x00000000   Number         0  nrf_fprintf.o ABSOLUTE
    ..\\..\\..\\..\\..\\..\\external\\fprintf\\nrf_fprintf_format.c 0x00000000   Number         0  nrf_fprintf_format.o ABSOLUTE
    ..\\..\\..\\..\\..\\..\\external\\segger_rtt\\SEGGER_RTT.c 0x00000000   Number         0  segger_rtt.o ABSOLUTE
    ..\\..\\..\\..\\..\\..\\external\\segger_rtt\\SEGGER_RTT_Syscalls_KEIL.c 0x00000000   Number         0  segger_rtt_syscalls_keil.o ABSOLUTE
    ..\\..\\..\\..\\..\\..\\external\\segger_rtt\\SEGGER_RTT_printf.c 0x00000000   Number         0  segger_rtt_printf.o ABSOLUTE
    ..\\..\\..\\main.c                       0x00000000   Number         0  main.o ABSOLUTE
    dc.s                                     0x00000000   Number         0  dc.o ABSOLUTE
    handlers.s                               0x00000000   Number         0  handlers.o ABSOLUTE
    init.s                                   0x00000000   Number         0  init.o ABSOLUTE
    RESET                                    0x00023000   Section      512  arm_startup_nrf52.o(RESET)
    .ARM.Collect$$$$00000000                 0x00023200   Section        0  entry.o(.ARM.Collect$$$$00000000)
    .ARM.Collect$$$$00000001                 0x00023200   Section        4  entry2.o(.ARM.Collect$$$$00000001)
    .ARM.Collect$$$$00000004                 0x00023204   Section        4  entry5.o(.ARM.Collect$$$$00000004)
    .ARM.Collect$$$$00000008                 0x00023208   Section        0  entry7b.o(.ARM.Collect$$$$00000008)
    .ARM.Collect$$$$0000000A                 0x00023208   Section        0  entry8b.o(.ARM.Collect$$$$0000000A)
    .ARM.Collect$$$$0000000B                 0x00023208   Section        8  entry9a.o(.ARM.Collect$$$$0000000B)
    .ARM.Collect$$$$0000000D                 0x00023210   Section        0  entry10a.o(.ARM.Collect$$$$0000000D)
    .ARM.Collect$$$$0000000F                 0x00023210   Section        0  entry11a.o(.ARM.Collect$$$$0000000F)
    .ARM.Collect$$$$00002712                 0x00023210   Section        4  entry2.o(.ARM.Collect$$$$00002712)
    __lit__00000000                          0x00023210   Data           4  entry2.o(.ARM.Collect$$$$00002712)
    .emb_text                                0x00023214   Section      154  nrf_memobj.o(.emb_text)
    $v0                                      0x00023214   Number         0  nrf_memobj.o(.emb_text)
    .emb_text                                0x000232b0   Section      154  nrf_log_frontend.o(.emb_text)
    $v0                                      0x000232b0   Number         0  nrf_log_frontend.o(.emb_text)
    .text                                    0x0002334c   Section       36  arm_startup_nrf52.o(.text)
    $v0                                      0x0002334c   Number         0  arm_startup_nrf52.o(.text)
    .text                                    0x00023370   Section        0  ctype_o.o(.text)
    .text                                    0x00023378   Section        0  memcpya.o(.text)
    .text                                    0x0002339c   Section        0  memseta.o(.text)
    .text                                    0x000233c0   Section        0  strlen.o(.text)
    .text                                    0x000233d0   Section       36  init.o(.text)
    i.POWER_CLOCK_IRQHandler                 0x000233f4   Section        0  nrf_drv_power.o(i.POWER_CLOCK_IRQHandler)
    i.SAADC_IRQHandler                       0x00023448   Section        0  nrf_drv_saadc.o(i.SAADC_IRQHandler)
    i.SystemInit                             0x00023590   Section        0  system_nrf52.o(i.SystemInit)
    i.TIMER0_IRQHandler                      0x0002388c   Section        0  nrf_drv_timer.o(i.TIMER0_IRQHandler)
    i.UARTE0_UART0_IRQHandler                0x000238d8   Section        0  nrf_drv_uart.o(i.UARTE0_UART0_IRQHandler)
    i.__scatterload_copy                     0x000238f4   Section       14  handlers.o(i.__scatterload_copy)
    i.__scatterload_null                     0x00023902   Section        2  handlers.o(i.__scatterload_null)
    i.__scatterload_zeroinit                 0x00023904   Section       14  handlers.o(i.__scatterload_zeroinit)
    i.app_error_fault_handler                0x00023914   Section        0  app_error_weak.o(i.app_error_fault_handler)
    i.app_error_handler_bare                 0x0002398c   Section        0  app_error.o(i.app_error_handler_bare)
    i.app_util_critical_region_enter         0x000239a2   Section        0  app_util_platform.o(i.app_util_critical_region_enter)
    i.app_util_critical_region_exit          0x000239a6   Section        0  app_util_platform.o(i.app_util_critical_region_exit)
    i.app_util_disable_irq                   0x000239ac   Section        0  app_util_platform.o(i.app_util_disable_irq)
    i.app_util_enable_irq                    0x000239bc   Section        0  app_util_platform.o(i.app_util_enable_irq)
    i.apply_config                           0x000239d0   Section        0  nrf_drv_uart.o(i.apply_config)
    apply_config                             0x000239d1   Thumb Code   180  nrf_drv_uart.o(i.apply_config)
    i.buf_prealloc                           0x00023a88   Section        0  nrf_log_frontend.o(i.buf_prealloc)
    buf_prealloc                             0x00023a89   Thumb Code    92  nrf_log_frontend.o(i.buf_prealloc)
    i.buffer_add                             0x00023ae8   Section        0  nrf_fprintf_format.o(i.buffer_add)
    buffer_add                               0x00023ae9   Thumb Code    30  nrf_fprintf_format.o(i.buffer_add)
    i.buffer_is_empty                        0x00023b08   Section        0  nrf_log_frontend.o(i.buffer_is_empty)
    i.int_print                              0x00023b1c   Section        0  nrf_fprintf_format.o(i.int_print)
    int_print                                0x00023b1d   Thumb Code   166  nrf_fprintf_format.o(i.int_print)
    i.interrupts_enable                      0x00023bc4   Section        0  nrf_drv_uart.o(i.interrupts_enable)
    interrupts_enable                        0x00023bc5   Thumb Code   106  nrf_drv_uart.o(i.interrupts_enable)
    i.is_allocated_channel                   0x00023c3c   Section        0  nrf_drv_ppi.o(i.is_allocated_channel)
    is_allocated_channel                     0x00023c3d   Thumb Code    20  nrf_drv_ppi.o(i.is_allocated_channel)
    i.is_programmable_app_channel            0x00023c54   Section        0  nrf_drv_ppi.o(i.is_programmable_app_channel)
    is_programmable_app_channel              0x00023c55   Thumb Code    12  nrf_drv_ppi.o(i.is_programmable_app_channel)
    i.log_skip                               0x00023c60   Section        0  nrf_log_frontend.o(i.log_skip)
    log_skip                                 0x00023c61   Thumb Code   138  nrf_log_frontend.o(i.log_skip)
    i.main                                   0x00023cf4   Section        0  main.o(i.main)
    i.memobj_op                              0x00023d68   Section        0  nrf_memobj.o(i.memobj_op)
    memobj_op                                0x00023d69   Thumb Code   118  nrf_memobj.o(i.memobj_op)
    i.module_idx_get                         0x00023de0   Section        0  nrf_log_frontend.o(i.module_idx_get)
    module_idx_get                           0x00023de1   Thumb Code    48  nrf_log_frontend.o(i.module_idx_get)
    i.nrf_atomic_flag_set                    0x00023e14   Section        0  nrf_log_frontend.o(i.nrf_atomic_flag_set)
    nrf_atomic_flag_set                      0x00023e15   Thumb Code    14  nrf_log_frontend.o(i.nrf_atomic_flag_set)
    i.nrf_balloc_alloc                       0x00023e22   Section        0  nrf_balloc.o(i.nrf_balloc_alloc)
    i.nrf_balloc_free                        0x00023e60   Section        0  nrf_balloc.o(i.nrf_balloc_free)
    i.nrf_balloc_init                        0x00023e8a   Section        0  nrf_balloc.o(i.nrf_balloc_init)
    i.nrf_drv_common_irq_disable             0x00023eba   Section        0  nrf_drv_uart.o(i.nrf_drv_common_irq_disable)
    nrf_drv_common_irq_disable               0x00023ebb   Thumb Code    22  nrf_drv_uart.o(i.nrf_drv_common_irq_disable)
    i.nrf_drv_common_irq_enable              0x00023ed0   Section        0  nrf_drv_common.o(i.nrf_drv_common_irq_enable)
    i.nrf_drv_get_IRQn                       0x00023f08   Section        0  nrf_drv_uart.o(i.nrf_drv_get_IRQn)
    nrf_drv_get_IRQn                         0x00023f09   Thumb Code     6  nrf_drv_uart.o(i.nrf_drv_get_IRQn)
    i.nrf_drv_is_in_RAM                      0x00023f0e   Section        0  nrf_drv_uart.o(i.nrf_drv_is_in_RAM)
    nrf_drv_is_in_RAM                        0x00023f0f   Thumb Code    16  nrf_drv_uart.o(i.nrf_drv_is_in_RAM)
    i.nrf_drv_power_init                     0x00023f20   Section        0  nrf_drv_power.o(i.nrf_drv_power_init)
    i.nrf_drv_ppi_channel_alloc              0x00023f64   Section        0  nrf_drv_ppi.o(i.nrf_drv_ppi_channel_alloc)
    i.nrf_drv_ppi_channel_assign             0x00023fc4   Section        0  nrf_drv_ppi.o(i.nrf_drv_ppi_channel_assign)
    i.nrf_drv_ppi_channel_enable             0x00024008   Section        0  nrf_drv_ppi.o(i.nrf_drv_ppi_channel_enable)
    i.nrf_drv_ppi_init                       0x00024030   Section        0  nrf_drv_ppi.o(i.nrf_drv_ppi_init)
    i.nrf_drv_saadc_buffer_convert           0x00024048   Section        0  nrf_drv_saadc.o(i.nrf_drv_saadc_buffer_convert)
    i.nrf_drv_saadc_channel_init             0x000240ec   Section        0  nrf_drv_saadc.o(i.nrf_drv_saadc_channel_init)
    i.nrf_drv_saadc_init                     0x0002414c   Section        0  nrf_drv_saadc.o(i.nrf_drv_saadc_init)
    i.nrf_drv_saadc_sample_task_get          0x000241d8   Section        0  nrf_drv_saadc.o(i.nrf_drv_saadc_sample_task_get)
    i.nrf_drv_timer_compare                  0x000241f4   Section        0  nrf_drv_timer.o(i.nrf_drv_timer_compare)
    i.nrf_drv_timer_enable                   0x00024218   Section        0  nrf_drv_timer.o(i.nrf_drv_timer_enable)
    i.nrf_drv_timer_extended_compare         0x00024234   Section        0  nrf_drv_timer.o(i.nrf_drv_timer_extended_compare)
    i.nrf_drv_timer_init                     0x00024260   Section        0  nrf_drv_timer.o(i.nrf_drv_timer_init)
    i.nrf_drv_uart_init                      0x000242f0   Section        0  nrf_drv_uart.o(i.nrf_drv_uart_init)
    i.nrf_drv_uart_tx                        0x00024358   Section        0  nrf_drv_uart.o(i.nrf_drv_uart_tx)
    i.nrf_drv_uart_tx_in_progress            0x00024464   Section        0  nrf_drv_uart.o(i.nrf_drv_uart_tx_in_progress)
    i.nrf_drv_uart_uninit                    0x0002447c   Section        0  nrf_drv_uart.o(i.nrf_drv_uart_uninit)
    i.nrf_fprintf                            0x000244d0   Section        0  nrf_fprintf.o(i.nrf_fprintf)
    i.nrf_fprintf_buffer_flush               0x000244ea   Section        0  nrf_fprintf.o(i.nrf_fprintf_buffer_flush)
    i.nrf_fprintf_fmt                        0x00024502   Section        0  nrf_fprintf_format.o(i.nrf_fprintf_fmt)
    i.nrf_gpio_cfg                           0x000246dc   Section        0  nrf_drv_uart.o(i.nrf_gpio_cfg)
    nrf_gpio_cfg                             0x000246dd   Thumb Code    36  nrf_drv_uart.o(i.nrf_gpio_cfg)
    i.nrf_gpio_cfg_default                   0x00024700   Section        0  nrf_drv_uart.o(i.nrf_gpio_cfg_default)
    nrf_gpio_cfg_default                     0x00024701   Thumb Code    18  nrf_drv_uart.o(i.nrf_gpio_cfg_default)
    i.nrf_gpio_cfg_input                     0x00024712   Section        0  nrf_drv_uart.o(i.nrf_gpio_cfg_input)
    nrf_gpio_cfg_input                       0x00024713   Thumb Code    18  nrf_drv_uart.o(i.nrf_gpio_cfg_input)
    i.nrf_gpio_cfg_output                    0x00024724   Section        0  nrf_drv_uart.o(i.nrf_gpio_cfg_output)
    nrf_gpio_cfg_output                      0x00024725   Thumb Code    20  nrf_drv_uart.o(i.nrf_gpio_cfg_output)
    i.nrf_log_backend_add                    0x00024738   Section        0  nrf_log_frontend.o(i.nrf_log_backend_add)
    i.nrf_log_backend_serial_put             0x00024788   Section        0  nrf_log_backend_serial.o(i.nrf_log_backend_serial_put)
    i.nrf_log_backend_uart_flush             0x0002485a   Section        0  nrf_log_backend_uart.o(i.nrf_log_backend_uart_flush)
    nrf_log_backend_uart_flush               0x0002485b   Thumb Code     2  nrf_log_backend_uart.o(i.nrf_log_backend_uart_flush)
    i.nrf_log_backend_uart_init              0x0002485c   Section        0  nrf_log_backend_uart.o(i.nrf_log_backend_uart_init)
    i.nrf_log_backend_uart_panic_set         0x00024864   Section        0  nrf_log_backend_uart.o(i.nrf_log_backend_uart_panic_set)
    nrf_log_backend_uart_panic_set           0x00024865   Thumb Code    18  nrf_log_backend_uart.o(i.nrf_log_backend_uart_panic_set)
    i.nrf_log_backend_uart_put               0x0002487c   Section        0  nrf_log_backend_uart.o(i.nrf_log_backend_uart_put)
    nrf_log_backend_uart_put                 0x0002487d   Thumb Code    16  nrf_log_backend_uart.o(i.nrf_log_backend_uart_put)
    i.nrf_log_color_id_get                   0x00024894   Section        0  nrf_log_frontend.o(i.nrf_log_color_id_get)
    i.nrf_log_default_backends_init          0x000248c4   Section        0  nrf_log_default_backends.o(i.nrf_log_default_backends_init)
    i.nrf_log_frontend_dequeue               0x000248e0   Section        0  nrf_log_frontend.o(i.nrf_log_frontend_dequeue)
    i.nrf_log_frontend_std_0                 0x00024ac4   Section        0  nrf_log_frontend.o(i.nrf_log_frontend_std_0)
    i.nrf_log_frontend_std_1                 0x00024acc   Section        0  nrf_log_frontend.o(i.nrf_log_frontend_std_1)
    i.nrf_log_hexdump_entry_process          0x00024adc   Section        0  nrf_log_str_formatter.o(i.nrf_log_hexdump_entry_process)
    i.nrf_log_init                           0x00024b88   Section        0  nrf_log_frontend.o(i.nrf_log_init)
    i.nrf_log_module_cnt_get                 0x00024be4   Section        0  nrf_log_frontend.o(i.nrf_log_module_cnt_get)
    i.nrf_log_module_name_get                0x00024bf8   Section        0  nrf_log_frontend.o(i.nrf_log_module_name_get)
    i.nrf_log_panic                          0x00024c14   Section        0  nrf_log_frontend.o(i.nrf_log_panic)
    i.nrf_log_std_entry_process              0x00024c3c   Section        0  nrf_log_str_formatter.o(i.nrf_log_std_entry_process)
    i.nrf_memobj_alloc                       0x00024cf2   Section        0  nrf_memobj.o(i.nrf_memobj_alloc)
    i.nrf_memobj_free                        0x00024d52   Section        0  nrf_memobj.o(i.nrf_memobj_free)
    i.nrf_memobj_get                         0x00024d84   Section        0  nrf_memobj.o(i.nrf_memobj_get)
    i.nrf_memobj_pool_init                   0x00024d92   Section        0  nrf_memobj.o(i.nrf_memobj_pool_init)
    i.nrf_memobj_put                         0x00024d96   Section        0  nrf_memobj.o(i.nrf_memobj_put)
    i.nrf_memobj_read                        0x00024db8   Section        0  nrf_memobj.o(i.nrf_memobj_read)
    i.nrf_memobj_write                       0x00024dc4   Section        0  nrf_memobj.o(i.nrf_memobj_write)
    i.nrf_power_event_get_and_clear          0x00024dd0   Section        0  nrf_drv_power.o(i.nrf_power_event_get_and_clear)
    nrf_power_event_get_and_clear            0x00024dd1   Thumb Code    20  nrf_drv_power.o(i.nrf_power_event_get_and_clear)
    i.nrf_pwr_mgmt_init                      0x00024de4   Section        0  nrf_pwr_mgmt.o(i.nrf_pwr_mgmt_init)
    i.nrf_pwr_mgmt_run                       0x00024e0c   Section        0  nrf_pwr_mgmt.o(i.nrf_pwr_mgmt_run)
    i.nrf_saadc_buffer_init                  0x00024e40   Section        0  nrf_drv_saadc.o(i.nrf_saadc_buffer_init)
    nrf_saadc_buffer_init                    0x00024e41   Thumb Code    10  nrf_drv_saadc.o(i.nrf_saadc_buffer_init)
    i.nrf_saadc_channel_init                 0x00024e50   Section        0  nrf_saadc.o(i.nrf_saadc_channel_init)
    i.nrf_saadc_channel_input_set            0x00024eb8   Section        0  nrf_drv_saadc.o(i.nrf_saadc_channel_input_set)
    nrf_saadc_channel_input_set              0x00024eb9   Thumb Code    16  nrf_drv_saadc.o(i.nrf_saadc_channel_input_set)
    i.nrf_saadc_event_check                  0x00024ecc   Section        0  nrf_drv_saadc.o(i.nrf_saadc_event_check)
    nrf_saadc_event_check                    0x00024ecd   Thumb Code    12  nrf_drv_saadc.o(i.nrf_saadc_event_check)
    i.nrf_saadc_event_clear                  0x00024edc   Section        0  nrf_drv_saadc.o(i.nrf_saadc_event_clear)
    nrf_saadc_event_clear                    0x00024edd   Thumb Code    16  nrf_drv_saadc.o(i.nrf_saadc_event_clear)
    i.nrf_section_iter_init                  0x00024ef0   Section        0  nrf_section_iter.o(i.nrf_section_iter_init)
    i.nrf_section_iter_item_set              0x00024efa   Section        0  nrf_section_iter.o(i.nrf_section_iter_item_set)
    nrf_section_iter_item_set                0x00024efb   Thumb Code    36  nrf_section_iter.o(i.nrf_section_iter_item_set)
    i.nrf_uart_event_check                   0x00024f1e   Section        0  nrf_drv_uart.o(i.nrf_uart_event_check)
    nrf_uart_event_check                     0x00024f1f   Thumb Code    10  nrf_drv_uart.o(i.nrf_uart_event_check)
    i.nrf_uart_event_clear                   0x00024f28   Section        0  nrf_drv_uart.o(i.nrf_uart_event_clear)
    nrf_uart_event_clear                     0x00024f29   Thumb Code    12  nrf_drv_uart.o(i.nrf_uart_event_clear)
    i.nrf_uart_int_enable_check              0x00024f34   Section        0  nrf_drv_uart.o(i.nrf_uart_int_enable_check)
    nrf_uart_int_enable_check                0x00024f35   Thumb Code    12  nrf_drv_uart.o(i.nrf_uart_int_enable_check)
    i.nrf_uarte_event_check                  0x00024f40   Section        0  nrf_drv_uart.o(i.nrf_uarte_event_check)
    nrf_uarte_event_check                    0x00024f41   Thumb Code    10  nrf_drv_uart.o(i.nrf_uarte_event_check)
    i.nrf_uarte_event_clear                  0x00024f4a   Section        0  nrf_drv_uart.o(i.nrf_uarte_event_clear)
    nrf_uarte_event_clear                    0x00024f4b   Thumb Code    12  nrf_drv_uart.o(i.nrf_uarte_event_clear)
    i.pins_to_default                        0x00024f58   Section        0  nrf_drv_uart.o(i.pins_to_default)
    pins_to_default                          0x00024f59   Thumb Code   114  nrf_drv_uart.o(i.pins_to_default)
    i.postfix_process                        0x00024fd0   Section        0  nrf_log_str_formatter.o(i.postfix_process)
    postfix_process                          0x00024fd1   Thumb Code    48  nrf_log_str_formatter.o(i.postfix_process)
    i.prefix_process                         0x0002500c   Section        0  nrf_log_str_formatter.o(i.prefix_process)
    prefix_process                           0x0002500d   Thumb Code    72  nrf_log_str_formatter.o(i.prefix_process)
    i.rx_byte                                0x00025068   Section        0  nrf_drv_uart.o(i.rx_byte)
    rx_byte                                  0x00025069   Thumb Code    50  nrf_drv_uart.o(i.rx_byte)
    i.rx_done_event                          0x0002509a   Section        0  nrf_drv_uart.o(i.rx_done_event)
    rx_done_event                            0x0002509b   Thumb Code    24  nrf_drv_uart.o(i.rx_done_event)
    i.saadc_callback                         0x000250b4   Section        0  main.o(i.saadc_callback)
    i.saadc_init                             0x00025134   Section        0  main.o(i.saadc_init)
    i.saadc_sampling_event_enable            0x00025264   Section        0  main.o(i.saadc_sampling_event_enable)
    i.saadc_sampling_event_init              0x00025280   Section        0  main.o(i.saadc_sampling_event_init)
    i.serial_tx                              0x00025310   Section        0  nrf_log_backend_uart.o(i.serial_tx)
    serial_tx                                0x00025311   Thumb Code    36  nrf_log_backend_uart.o(i.serial_tx)
    i.std_n                                  0x00025338   Section        0  nrf_log_frontend.o(i.std_n)
    std_n                                    0x00025339   Thumb Code   140  nrf_log_frontend.o(i.std_n)
    i.timer_handler                          0x000253c8   Section        0  main.o(i.timer_handler)
    i.tx_byte                                0x000253ca   Section        0  nrf_drv_uart.o(i.tx_byte)
    tx_byte                                  0x000253cb   Thumb Code    32  nrf_drv_uart.o(i.tx_byte)
    i.tx_done_event                          0x000253ea   Section        0  nrf_drv_uart.o(i.tx_done_event)
    tx_done_event                            0x000253eb   Thumb Code    28  nrf_drv_uart.o(i.tx_done_event)
    i.uart_evt_handler                       0x00025408   Section        0  nrf_log_backend_uart.o(i.uart_evt_handler)
    uart_evt_handler                         0x00025409   Thumb Code     8  nrf_log_backend_uart.o(i.uart_evt_handler)
    i.uart_init                              0x00025414   Section        0  nrf_log_backend_uart.o(i.uart_init)
    uart_init                                0x00025415   Thumb Code    66  nrf_log_backend_uart.o(i.uart_init)
    i.uart_irq_handler                       0x00025464   Section        0  nrf_drv_uart.o(i.uart_irq_handler)
    uart_irq_handler                         0x00025465   Thumb Code   286  nrf_drv_uart.o(i.uart_irq_handler)
    i.uarte_irq_handler                      0x00025582   Section        0  nrf_drv_uart.o(i.uarte_irq_handler)
    uarte_irq_handler                        0x00025583   Thumb Code   240  nrf_drv_uart.o(i.uarte_irq_handler)
    i.unsigned_print                         0x00025674   Section        0  nrf_fprintf_format.o(i.unsigned_print)
    unsigned_print                           0x00025675   Thumb Code   176  nrf_fprintf_format.o(i.unsigned_print)
    .constdata                               0x00025728   Section      113  main.o(.constdata)
    m_timer                                  0x0002572c   Data           8  main.o(.constdata)
    .constdata                               0x00025799   Section        1  nrf_drv_power.o(.constdata)
    m_drv_power_config_default               0x00025799   Data           1  nrf_drv_power.o(.constdata)
    .constdata                               0x0002579a   Section        4  nrf_drv_saadc.o(.constdata)
    m_default_config                         0x0002579a   Data           4  nrf_drv_saadc.o(.constdata)
    .constdata                               0x0002579e   Section       16  nrf_fprintf_format.o(.constdata)
    _aV2C                                    0x0002579e   Data          16  nrf_fprintf_format.o(.constdata)
    .constdata                               0x000257b0   Section       24  nrf_pwr_mgmt.o(.constdata)
    pwr_mgmt_data_array                      0x000257b0   Data          24  nrf_pwr_mgmt.o(.constdata)
    .constdata                               0x000257c8   Section       12  nrf_pwr_mgmt.o(.constdata)
    pwr_mgmt_data                            0x000257c8   Data          12  nrf_pwr_mgmt.o(.constdata)
    .constdata                               0x000257d4   Section       12  nrf_log_backend_uart.o(.constdata)
    .constdata                               0x000257e0   Section       32  nrf_log_backend_uart.o(.constdata)
    .constdata                               0x00025800   Section       20  nrf_log_frontend.o(.constdata)
    mempool                                  0x00025800   Data          20  nrf_log_frontend.o(.constdata)
    .constdata                               0x00025814   Section      129  ctype_o.o(.constdata)
    .constdata                               0x00025898   Section        4  ctype_o.o(.constdata)
    table                                    0x00025898   Data           4  ctype_o.o(.constdata)
    .conststring                             0x0002589c   Section      102  nrf_log_str_formatter.o(.conststring)
    .conststrlit                             0x00025904   Section        4  nrf_drv_ppi.o(.conststrlit)
    .conststrlit                             0x00025908   Section        6  nrf_drv_saadc.o(.conststrlit)
    .conststrlit                             0x00025910   Section        6  nrf_drv_timer.o(.conststrlit)
    .conststrlit                             0x00025918   Section        5  nrf_drv_uart.o(.conststrlit)
    .conststrlit                             0x00025920   Section        7  nrf_balloc.o(.conststrlit)
    .conststrlit                             0x00025928   Section        9  nrf_pwr_mgmt.o(.conststrlit)
    .conststrlit                             0x00025934   Section        4  nrf_log_frontend.o(.conststrlit)
    log_const_data                           0x00025958   Section        8  nrf_drv_ppi.o(log_const_data)
    __tagsym$$used                           0x00025958   Number         0  nrf_drv_ppi.o(log_const_data)
    log_const_data                           0x00025960   Section        8  nrf_drv_saadc.o(log_const_data)
    __tagsym$$used                           0x00025960   Number         0  nrf_drv_saadc.o(log_const_data)
    log_const_data                           0x00025968   Section        8  nrf_drv_timer.o(log_const_data)
    __tagsym$$used                           0x00025968   Number         0  nrf_drv_timer.o(log_const_data)
    log_const_data                           0x00025970   Section        8  nrf_drv_uart.o(log_const_data)
    __tagsym$$used                           0x00025970   Number         0  nrf_drv_uart.o(log_const_data)
    log_const_data                           0x00025978   Section        8  nrf_balloc.o(log_const_data)
    __tagsym$$used                           0x00025978   Number         0  nrf_balloc.o(log_const_data)
    log_const_data                           0x00025980   Section        8  nrf_pwr_mgmt.o(log_const_data)
    __tagsym$$used                           0x00025980   Number         0  nrf_pwr_mgmt.o(log_const_data)
    log_const_data                           0x00025988   Section        8  nrf_log_frontend.o(log_const_data)
    __tagsym$$used                           0x00025988   Number         0  nrf_log_frontend.o(log_const_data)
    .data                                    0x20002a68   Section        8  main.o(.data)
    m_ppi_channel                            0x20002a68   Data           1  main.o(.data)
    m_adc_evt_counter                        0x20002a6c   Data           4  main.o(.data)
    .data                                    0x20002a70   Section        4  system_nrf52.o(.data)
    __tagsym$$used                           0x20002a70   Number         0  system_nrf52.o(.data)
    .data                                    0x20002a74   Section       12  nrf_drv_power.o(.data)
    m_initialized                            0x20002a74   Data           1  nrf_drv_power.o(.data)
    m_pofwarn_handler                        0x20002a78   Data           4  nrf_drv_power.o(.data)
    m_sleepevt_handler                       0x20002a7c   Data           4  nrf_drv_power.o(.data)
    .data                                    0x20002a80   Section        8  nrf_drv_ppi.o(.data)
    m_drv_state                              0x20002a80   Data           1  nrf_drv_ppi.o(.data)
    m_groups_allocated                       0x20002a81   Data           1  nrf_drv_ppi.o(.data)
    m_channels_allocated                     0x20002a84   Data           4  nrf_drv_ppi.o(.data)
    .data                                    0x20002a88   Section        4  app_util_platform.o(.data)
    m_in_critical_region                     0x20002a88   Data           4  app_util_platform.o(.data)
    .data                                    0x20002a8c   Section        8  nrf_pwr_mgmt.o(.data)
    m_pwr_mgmt_evt                           0x20002a8c   Data           1  nrf_pwr_mgmt.o(.data)
    m_shutdown_started                       0x20002a8d   Data           1  nrf_pwr_mgmt.o(.data)
    m_sysoff_mtx                             0x20002a90   Data           4  nrf_pwr_mgmt.o(.data)
    .data                                    0x20002a94   Section       12  nrf_log_backend_uart.o(.data)
    m_xfer_done                              0x20002a94   Data           1  nrf_log_backend_uart.o(.data)
    m_async_mode                             0x20002a95   Data           1  nrf_log_backend_uart.o(.data)
    .data                                    0x20002aa0   Section       12  nrf_log_default_backends.o(.data)
    uart_log_backend                         0x20002aa0   Data          12  nrf_log_default_backends.o(.data)
    .data                                    0x20002aac   Section        8  nrf_log_frontend.o(.data)
    mempool_nrf_balloc_pool_stack            0x20002aac   Data           8  nrf_log_frontend.o(.data)
    .data                                    0x20002ab4   Section        8  nrf_log_frontend.o(.data)
    mempool_nrf_balloc_cb                    0x20002ab4   Data           8  nrf_log_frontend.o(.data)
    .data                                    0x20002abc   Section       56  nrf_log_str_formatter.o(.data)
    severity_names                           0x20002abc   Data          20  nrf_log_str_formatter.o(.data)
    m_colors                                 0x20002ad0   Data          36  nrf_log_str_formatter.o(.data)
    log_dynamic_data                         0x20002af4   Section       12  nrf_drv_ppi.o(log_dynamic_data)
    __tagsym$$used                           0x20002af4   Number         0  nrf_drv_ppi.o(log_dynamic_data)
    log_dynamic_data                         0x20002b00   Section       12  nrf_drv_saadc.o(log_dynamic_data)
    __tagsym$$used                           0x20002b00   Number         0  nrf_drv_saadc.o(log_dynamic_data)
    log_dynamic_data                         0x20002b0c   Section       12  nrf_drv_timer.o(log_dynamic_data)
    __tagsym$$used                           0x20002b0c   Number         0  nrf_drv_timer.o(log_dynamic_data)
    log_dynamic_data                         0x20002b18   Section       12  nrf_drv_uart.o(log_dynamic_data)
    __tagsym$$used                           0x20002b18   Number         0  nrf_drv_uart.o(log_dynamic_data)
    log_dynamic_data                         0x20002b24   Section       12  nrf_balloc.o(log_dynamic_data)
    __tagsym$$used                           0x20002b24   Number         0  nrf_balloc.o(log_dynamic_data)
    log_dynamic_data                         0x20002b30   Section       12  nrf_pwr_mgmt.o(log_dynamic_data)
    __tagsym$$used                           0x20002b30   Number         0  nrf_pwr_mgmt.o(log_dynamic_data)
    log_dynamic_data                         0x20002b3c   Section       12  nrf_log_frontend.o(log_dynamic_data)
    __tagsym$$used                           0x20002b3c   Number         0  nrf_log_frontend.o(log_dynamic_data)
    .bss                                     0x20002b48   Section       32  main.o(.bss)
    m_buffer_pool                            0x20002b48   Data          32  main.o(.bss)
    .bss                                     0x20002b68   Section       48  nrf_drv_saadc.o(.bss)
    m_cb                                     0x20002b68   Data          48  nrf_drv_saadc.o(.bss)
    .bss                                     0x20002b98   Section       12  nrf_drv_timer.o(.bss)
    m_cb                                     0x20002b98   Data          12  nrf_drv_timer.o(.bss)
    .bss                                     0x20002ba4   Section       32  nrf_drv_uart.o(.bss)
    m_cb                                     0x20002ba4   Data          32  nrf_drv_uart.o(.bss)
    .bss                                     0x20002bc4   Section       12  nrf_pwr_mgmt.o(.bss)
    m_handlers_iter                          0x20002bc4   Data          12  nrf_pwr_mgmt.o(.bss)
    .bss                                     0x20002bd0   Section       64  nrf_log_backend_uart.o(.bss)
    m_string_buff                            0x20002bd0   Data          64  nrf_log_backend_uart.o(.bss)
    .bss                                     0x20002c10   Section      192  nrf_log_frontend.o(.bss)
    mempool_nrf_balloc_pool_mem              0x20002c10   Data         192  nrf_log_frontend.o(.bss)
    .bss                                     0x20002cd0   Section     1056  nrf_log_frontend.o(.bss)
    m_log_data                               0x20002cd0   Data        1056  nrf_log_frontend.o(.bss)
    STACK                                    0x200030f0   Section     8192  arm_startup_nrf52.o(STACK)

    Global Symbols

    Symbol Name                              Value     Ov Type        Size  Object(Section)

    BuildAttributes$$THM_ISAv4$E$P$D$K$B$S$7EM$VFPi3$EXTD16$VFPS$VFMA$PE$A:L22UL41UL21$X:L11$S22US41US21$IEEE1$IW$USESV6$~STKCKD$USESV7$~SHL$OSPACE$EBA8$MICROLIB$REQ8$PRES8$EABIv2 0x00000000   Number         0  anon$$obj.o ABSOLUTE
    __ARM_use_no_argv                        0x00000000   Number         0  main.o ABSOLUTE
    __use_no_errno                           0x00000000   Number         0  useno.o ABSOLUTE
    __use_no_exception_handling              0x00000000   Number         0  useno.o ABSOLUTE
    __use_no_fp                              0x00000000   Number         0  useno.o ABSOLUTE
    __use_no_heap                            0x00000000   Number         0  useno.o ABSOLUTE
    __use_no_heap_region                     0x00000000   Number         0  useno.o ABSOLUTE
    __use_no_semihosting                     0x00000000   Number         0  useno.o ABSOLUTE
    __use_no_semihosting_swi                 0x00000000   Number         0  useno.o ABSOLUTE
    __use_no_signal_handling                 0x00000000   Number         0  useno.o ABSOLUTE
    __cpp_initialize__aeabi_                  - Undefined Weak Reference
    __cxa_finalize                            - Undefined Weak Reference
    __decompress                              - Undefined Weak Reference
    _clock_init                               - Undefined Weak Reference
    _microlib_exit                            - Undefined Weak Reference
    pwr_mgmt_data0$$Base                      - Undefined Reference
    pwr_mgmt_data0$$Limit                     - Undefined Reference
    pwr_mgmt_data1$$Base                      - Undefined Reference
    pwr_mgmt_data1$$Limit                     - Undefined Reference
    pwr_mgmt_data2$$Base                      - Undefined Reference
    pwr_mgmt_data2$$Limit                     - Undefined Reference
    __Vectors_Size                           0x00000200   Number         0  arm_startup_nrf52.o ABSOLUTE
    __Vectors                                0x00023000   Data           4  arm_startup_nrf52.o(RESET)
    __Vectors_End                            0x00023200   Data           0  arm_startup_nrf52.o(RESET)
    __main                                   0x00023201   Thumb Code     0  entry.o(.ARM.Collect$$$$00000000)
    _main_stk                                0x00023201   Thumb Code     0  entry2.o(.ARM.Collect$$$$00000001)
    _main_scatterload                        0x00023205   Thumb Code     0  entry5.o(.ARM.Collect$$$$00000004)
    __main_after_scatterload                 0x00023209   Thumb Code     0  entry5.o(.ARM.Collect$$$$00000004)
    _main_clock                              0x00023209   Thumb Code     0  entry7b.o(.ARM.Collect$$$$00000008)
    _main_cpp_init                           0x00023209   Thumb Code     0  entry8b.o(.ARM.Collect$$$$0000000A)
    _main_init                               0x00023209   Thumb Code     0  entry9a.o(.ARM.Collect$$$$0000000B)
    __rt_final_cpp                           0x00023211   Thumb Code     0  entry10a.o(.ARM.Collect$$$$0000000D)
    __rt_final_exit                          0x00023211   Thumb Code     0  entry11a.o(.ARM.Collect$$$$0000000F)
    __asm___12_nrf_memobj_c_9bb9f865__nrf_atomic_internal_mov 0x00023215   Thumb Code    24  nrf_memobj.o(.emb_text)
    __asm___12_nrf_memobj_c_9bb9f865__nrf_atomic_internal_orr 0x0002322d   Thumb Code    26  nrf_memobj.o(.emb_text)
    __asm___12_nrf_memobj_c_9bb9f865__nrf_atomic_internal_and 0x00023247   Thumb Code    26  nrf_memobj.o(.emb_text)
    __asm___12_nrf_memobj_c_9bb9f865__nrf_atomic_internal_eor 0x00023261   Thumb Code    26  nrf_memobj.o(.emb_text)
    __asm___12_nrf_memobj_c_9bb9f865__nrf_atomic_internal_add 0x0002327b   Thumb Code    26  nrf_memobj.o(.emb_text)
    __asm___12_nrf_memobj_c_9bb9f865__nrf_atomic_internal_sub 0x00023295   Thumb Code    26  nrf_memobj.o(.emb_text)
    __asm___18_nrf_log_frontend_c_bc460776__nrf_atomic_internal_mov 0x000232b1   Thumb Code    24  nrf_log_frontend.o(.emb_text)
    __asm___18_nrf_log_frontend_c_bc460776__nrf_atomic_internal_orr 0x000232c9   Thumb Code    26  nrf_log_frontend.o(.emb_text)
    __asm___18_nrf_log_frontend_c_bc460776__nrf_atomic_internal_and 0x000232e3   Thumb Code    26  nrf_log_frontend.o(.emb_text)
    __asm___18_nrf_log_frontend_c_bc460776__nrf_atomic_internal_eor 0x000232fd   Thumb Code    26  nrf_log_frontend.o(.emb_text)
    __asm___18_nrf_log_frontend_c_bc460776__nrf_atomic_internal_add 0x00023317   Thumb Code    26  nrf_log_frontend.o(.emb_text)
    __asm___18_nrf_log_frontend_c_bc460776__nrf_atomic_internal_sub 0x00023331   Thumb Code    26  nrf_log_frontend.o(.emb_text)
    Reset_Handler                            0x0002334d   Thumb Code     8  arm_startup_nrf52.o(.text)
    NMI_Handler                              0x00023355   Thumb Code     2  arm_startup_nrf52.o(.text)
    HardFault_Handler                        0x00023357   Thumb Code     2  arm_startup_nrf52.o(.text)
    MemoryManagement_Handler                 0x00023359   Thumb Code     2  arm_startup_nrf52.o(.text)
    BusFault_Handler                         0x0002335b   Thumb Code     2  arm_startup_nrf52.o(.text)
    UsageFault_Handler                       0x0002335d   Thumb Code     2  arm_startup_nrf52.o(.text)
    SVC_Handler                              0x0002335f   Thumb Code     2  arm_startup_nrf52.o(.text)
    DebugMon_Handler                         0x00023361   Thumb Code     2  arm_startup_nrf52.o(.text)
    PendSV_Handler                           0x00023363   Thumb Code     2  arm_startup_nrf52.o(.text)
    SysTick_Handler                          0x00023365   Thumb Code     2  arm_startup_nrf52.o(.text)
    CCM_AAR_IRQHandler                       0x00023367   Thumb Code     0  arm_startup_nrf52.o(.text)
    COMP_LPCOMP_IRQHandler                   0x00023367   Thumb Code     0  arm_startup_nrf52.o(.text)
    ECB_IRQHandler                           0x00023367   Thumb Code     0  arm_startup_nrf52.o(.text)
    FPU_IRQHandler                           0x00023367   Thumb Code     0  arm_startup_nrf52.o(.text)
    GPIOTE_IRQHandler                        0x00023367   Thumb Code     0  arm_startup_nrf52.o(.text)
    I2S_IRQHandler                           0x00023367   Thumb Code     0  arm_startup_nrf52.o(.text)
    MWU_IRQHandler                           0x00023367   Thumb Code     0  arm_startup_nrf52.o(.text)
    NFCT_IRQHandler                          0x00023367   Thumb Code     0  arm_startup_nrf52.o(.text)
    PDM_IRQHandler                           0x00023367   Thumb Code     0  arm_startup_nrf52.o(.text)
    PWM0_IRQHandler                          0x00023367   Thumb Code     0  arm_startup_nrf52.o(.text)
    PWM1_IRQHandler                          0x00023367   Thumb Code     0  arm_startup_nrf52.o(.text)
    PWM2_IRQHandler                          0x00023367   Thumb Code     0  arm_startup_nrf52.o(.text)
    QDEC_IRQHandler                          0x00023367   Thumb Code     0  arm_startup_nrf52.o(.text)
    RADIO_IRQHandler                         0x00023367   Thumb Code     0  arm_startup_nrf52.o(.text)
    RNG_IRQHandler                           0x00023367   Thumb Code     0  arm_startup_nrf52.o(.text)
    RTC0_IRQHandler                          0x00023367   Thumb Code     0  arm_startup_nrf52.o(.text)
    RTC1_IRQHandler                          0x00023367   Thumb Code     0  arm_startup_nrf52.o(.text)
    RTC2_IRQHandler                          0x00023367   Thumb Code     0  arm_startup_nrf52.o(.text)
    SPIM0_SPIS0_TWIM0_TWIS0_SPI0_TWI0_IRQHandler 0x00023367   Thumb Code     0  arm_startup_nrf52.o(.text)
    SPIM1_SPIS1_TWIM1_TWIS1_SPI1_TWI1_IRQHandler 0x00023367   Thumb Code     0  arm_startup_nrf52.o(.text)
    SPIM2_SPIS2_SPI2_IRQHandler              0x00023367   Thumb Code     0  arm_startup_nrf52.o(.text)
    SWI0_EGU0_IRQHandler                     0x00023367   Thumb Code     0  arm_startup_nrf52.o(.text)
    SWI1_EGU1_IRQHandler                     0x00023367   Thumb Code     0  arm_startup_nrf52.o(.text)
    SWI2_EGU2_IRQHandler                     0x00023367   Thumb Code     0  arm_startup_nrf52.o(.text)
    SWI3_EGU3_IRQHandler                     0x00023367   Thumb Code     0  arm_startup_nrf52.o(.text)
    SWI4_EGU4_IRQHandler                     0x00023367   Thumb Code     0  arm_startup_nrf52.o(.text)
    SWI5_EGU5_IRQHandler                     0x00023367   Thumb Code     0  arm_startup_nrf52.o(.text)
    TEMP_IRQHandler                          0x00023367   Thumb Code     0  arm_startup_nrf52.o(.text)
    TIMER1_IRQHandler                        0x00023367   Thumb Code     0  arm_startup_nrf52.o(.text)
    TIMER2_IRQHandler                        0x00023367   Thumb Code     0  arm_startup_nrf52.o(.text)
    TIMER3_IRQHandler                        0x00023367   Thumb Code     0  arm_startup_nrf52.o(.text)
    TIMER4_IRQHandler                        0x00023367   Thumb Code     0  arm_startup_nrf52.o(.text)
    WDT_IRQHandler                           0x00023367   Thumb Code     0  arm_startup_nrf52.o(.text)
    __rt_ctype_table                         0x00023371   Thumb Code     4  ctype_o.o(.text)
    __aeabi_memcpy                           0x00023379   Thumb Code    36  memcpya.o(.text)
    __aeabi_memcpy4                          0x00023379   Thumb Code     0  memcpya.o(.text)
    __aeabi_memcpy8                          0x00023379   Thumb Code     0  memcpya.o(.text)
    __aeabi_memset                           0x0002339d   Thumb Code    14  memseta.o(.text)
    __aeabi_memset4                          0x0002339d   Thumb Code     0  memseta.o(.text)
    __aeabi_memset8                          0x0002339d   Thumb Code     0  memseta.o(.text)
    __aeabi_memclr                           0x000233ab   Thumb Code     4  memseta.o(.text)
    __aeabi_memclr4                          0x000233ab   Thumb Code     0  memseta.o(.text)
    __aeabi_memclr8                          0x000233ab   Thumb Code     0  memseta.o(.text)
    _memset$wrapper                          0x000233af   Thumb Code    18  memseta.o(.text)
    strlen                                   0x000233c1   Thumb Code    14  strlen.o(.text)
    __scatterload                            0x000233d1   Thumb Code    28  init.o(.text)
    __scatterload_rt2                        0x000233d1   Thumb Code     0  init.o(.text)
    POWER_CLOCK_IRQHandler                   0x000233f5   Thumb Code    78  nrf_drv_power.o(i.POWER_CLOCK_IRQHandler)
    SAADC_IRQHandler                         0x00023449   Thumb Code   320  nrf_drv_saadc.o(i.SAADC_IRQHandler)
    SystemInit                               0x00023591   Thumb Code   700  system_nrf52.o(i.SystemInit)
    TIMER0_IRQHandler                        0x0002388d   Thumb Code    68  nrf_drv_timer.o(i.TIMER0_IRQHandler)
    UARTE0_UART0_IRQHandler                  0x000238d9   Thumb Code    20  nrf_drv_uart.o(i.UARTE0_UART0_IRQHandler)
    __scatterload_copy                       0x000238f5   Thumb Code    14  handlers.o(i.__scatterload_copy)
    __scatterload_null                       0x00023903   Thumb Code     2  handlers.o(i.__scatterload_null)
    __scatterload_zeroinit                   0x00023905   Thumb Code    14  handlers.o(i.__scatterload_zeroinit)
    app_error_fault_handler                  0x00023915   Thumb Code    80  app_error_weak.o(i.app_error_fault_handler)
    app_error_handler_bare                   0x0002398d   Thumb Code    22  app_error.o(i.app_error_handler_bare)
    app_util_critical_region_enter           0x000239a3   Thumb Code     4  app_util_platform.o(i.app_util_critical_region_enter)
    app_util_critical_region_exit            0x000239a7   Thumb Code     4  app_util_platform.o(i.app_util_critical_region_exit)
    app_util_disable_irq                     0x000239ad   Thumb Code    12  app_util_platform.o(i.app_util_disable_irq)
    app_util_enable_irq                      0x000239bd   Thumb Code    14  app_util_platform.o(i.app_util_enable_irq)
    buffer_is_empty                          0x00023b09   Thumb Code    16  nrf_log_frontend.o(i.buffer_is_empty)
    main                                     0x00023cf5   Thumb Code    82  main.o(i.main)
    nrf_balloc_alloc                         0x00023e23   Thumb Code    62  nrf_balloc.o(i.nrf_balloc_alloc)
    nrf_balloc_free                          0x00023e61   Thumb Code    42  nrf_balloc.o(i.nrf_balloc_free)
    nrf_balloc_init                          0x00023e8b   Thumb Code    48  nrf_balloc.o(i.nrf_balloc_init)
    nrf_drv_common_irq_enable                0x00023ed1   Thumb Code    56  nrf_drv_common.o(i.nrf_drv_common_irq_enable)
    nrf_drv_power_init                       0x00023f21   Thumb Code    56  nrf_drv_power.o(i.nrf_drv_power_init)
    nrf_drv_ppi_channel_alloc                0x00023f65   Thumb Code    88  nrf_drv_ppi.o(i.nrf_drv_ppi_channel_alloc)
    nrf_drv_ppi_channel_assign               0x00023fc5   Thumb Code    62  nrf_drv_ppi.o(i.nrf_drv_ppi_channel_assign)
    nrf_drv_ppi_channel_enable               0x00024009   Thumb Code    36  nrf_drv_ppi.o(i.nrf_drv_ppi_channel_enable)
    nrf_drv_ppi_init                         0x00024031   Thumb Code    18  nrf_drv_ppi.o(i.nrf_drv_ppi_init)
    nrf_drv_saadc_buffer_convert             0x00024049   Thumb Code   154  nrf_drv_saadc.o(i.nrf_drv_saadc_buffer_convert)
    nrf_drv_saadc_channel_init               0x000240ed   Thumb Code    88  nrf_drv_saadc.o(i.nrf_drv_saadc_channel_init)
    nrf_drv_saadc_init                       0x0002414d   Thumb Code   124  nrf_drv_saadc.o(i.nrf_drv_saadc_init)
    nrf_drv_saadc_sample_task_get            0x000241d9   Thumb Code    20  nrf_drv_saadc.o(i.nrf_drv_saadc_sample_task_get)
    nrf_drv_timer_compare                    0x000241f5   Thumb Code    34  nrf_drv_timer.o(i.nrf_drv_timer_compare)
    nrf_drv_timer_enable                     0x00024219   Thumb Code    24  nrf_drv_timer.o(i.nrf_drv_timer_enable)
    nrf_drv_timer_extended_compare           0x00024235   Thumb Code    42  nrf_drv_timer.o(i.nrf_drv_timer_extended_compare)
    nrf_drv_timer_init                       0x00024261   Thumb Code   138  nrf_drv_timer.o(i.nrf_drv_timer_init)
    nrf_drv_uart_init                        0x000242f1   Thumb Code    98  nrf_drv_uart.o(i.nrf_drv_uart_init)
    nrf_drv_uart_tx                          0x00024359   Thumb Code   262  nrf_drv_uart.o(i.nrf_drv_uart_tx)
    nrf_drv_uart_tx_in_progress              0x00024465   Thumb Code    18  nrf_drv_uart.o(i.nrf_drv_uart_tx_in_progress)
    nrf_drv_uart_uninit                      0x0002447d   Thumb Code    74  nrf_drv_uart.o(i.nrf_drv_uart_uninit)
    nrf_fprintf                              0x000244d1   Thumb Code    26  nrf_fprintf.o(i.nrf_fprintf)
    nrf_fprintf_buffer_flush                 0x000244eb   Thumb Code    24  nrf_fprintf.o(i.nrf_fprintf_buffer_flush)
    nrf_fprintf_fmt                          0x00024503   Thumb Code   474  nrf_fprintf_format.o(i.nrf_fprintf_fmt)
    nrf_log_backend_add                      0x00024739   Thumb Code    74  nrf_log_frontend.o(i.nrf_log_backend_add)
    nrf_log_backend_serial_put               0x00024789   Thumb Code   210  nrf_log_backend_serial.o(i.nrf_log_backend_serial_put)
    nrf_log_backend_uart_init                0x0002485d   Thumb Code     6  nrf_log_backend_uart.o(i.nrf_log_backend_uart_init)
    nrf_log_color_id_get                     0x00024895   Thumb Code    42  nrf_log_frontend.o(i.nrf_log_color_id_get)
    nrf_log_default_backends_init            0x000248c5   Thumb Code    22  nrf_log_default_backends.o(i.nrf_log_default_backends_init)
    nrf_log_frontend_dequeue                 0x000248e1   Thumb Code   476  nrf_log_frontend.o(i.nrf_log_frontend_dequeue)
    nrf_log_frontend_std_0                   0x00024ac5   Thumb Code     8  nrf_log_frontend.o(i.nrf_log_frontend_std_0)
    nrf_log_frontend_std_1                   0x00024acd   Thumb Code    14  nrf_log_frontend.o(i.nrf_log_frontend_std_1)
    nrf_log_hexdump_entry_process            0x00024add   Thumb Code   146  nrf_log_str_formatter.o(i.nrf_log_hexdump_entry_process)
    nrf_log_init                             0x00024b89   Thumb Code    70  nrf_log_frontend.o(i.nrf_log_init)
    nrf_log_module_cnt_get                   0x00024be5   Thumb Code    10  nrf_log_frontend.o(i.nrf_log_module_cnt_get)
    nrf_log_module_name_get                  0x00024bf9   Thumb Code    24  nrf_log_frontend.o(i.nrf_log_module_name_get)
    nrf_log_panic                            0x00024c15   Thumb Code    34  nrf_log_frontend.o(i.nrf_log_panic)
    nrf_log_std_entry_process                0x00024c3d   Thumb Code   182  nrf_log_str_formatter.o(i.nrf_log_std_entry_process)
    nrf_memobj_alloc                         0x00024cf3   Thumb Code    96  nrf_memobj.o(i.nrf_memobj_alloc)
    nrf_memobj_free                          0x00024d53   Thumb Code    50  nrf_memobj.o(i.nrf_memobj_free)
    nrf_memobj_get                           0x00024d85   Thumb Code    14  nrf_memobj.o(i.nrf_memobj_get)
    nrf_memobj_pool_init                     0x00024d93   Thumb Code     4  nrf_memobj.o(i.nrf_memobj_pool_init)
    nrf_memobj_put                           0x00024d97   Thumb Code    34  nrf_memobj.o(i.nrf_memobj_put)
    nrf_memobj_read                          0x00024db9   Thumb Code    12  nrf_memobj.o(i.nrf_memobj_read)
    nrf_memobj_write                         0x00024dc5   Thumb Code    12  nrf_memobj.o(i.nrf_memobj_write)
    nrf_pwr_mgmt_init                        0x00024de5   Thumb Code    28  nrf_pwr_mgmt.o(i.nrf_pwr_mgmt_init)
    nrf_pwr_mgmt_run                         0x00024e0d   Thumb Code    46  nrf_pwr_mgmt.o(i.nrf_pwr_mgmt_run)
    nrf_saadc_channel_init                   0x00024e51   Thumb Code   100  nrf_saadc.o(i.nrf_saadc_channel_init)
    nrf_section_iter_init                    0x00024ef1   Thumb Code    10  nrf_section_iter.o(i.nrf_section_iter_init)
    saadc_callback                           0x000250b5   Thumb Code    90  main.o(i.saadc_callback)
    saadc_init                               0x00025135   Thumb Code   290  main.o(i.saadc_init)
    saadc_sampling_event_enable              0x00025265   Thumb Code    24  main.o(i.saadc_sampling_event_enable)
    saadc_sampling_event_init                0x00025281   Thumb Code   126  main.o(i.saadc_sampling_event_init)
    timer_handler                            0x000253c9   Thumb Code     2  main.o(i.timer_handler)
    nrf_log_backend_uart_api                 0x000257d4   Data          12  nrf_log_backend_uart.o(.constdata)
    __ctype_table                            0x00025814   Data         129  ctype_o.o(.constdata)
    Region$$Table$$Base                      0x00025938   Number         0  anon$$obj.o(Region$$Table)
    Region$$Table$$Limit                     0x00025958   Number         0  anon$$obj.o(Region$$Table)
    log_const_data$$Base                     0x00025958   Number         0  nrf_drv_ppi.o(log_const_data)
    m_nrf_log_ppi_logs_data_const            0x00025958   Data           8  nrf_drv_ppi.o(log_const_data)
    m_nrf_log_saadc_logs_data_const          0x00025960   Data           8  nrf_drv_saadc.o(log_const_data)
    m_nrf_log_timer_logs_data_const          0x00025968   Data           8  nrf_drv_timer.o(log_const_data)
    m_nrf_log_uart_logs_data_const           0x00025970   Data           8  nrf_drv_uart.o(log_const_data)
    m_nrf_log_balloc_logs_data_const         0x00025978   Data           8  nrf_balloc.o(log_const_data)
    m_nrf_log_pwr_mgmt_logs_data_const       0x00025980   Data           8  nrf_pwr_mgmt.o(log_const_data)
    m_nrf_log_app_logs_data_const            0x00025988   Data           8  nrf_log_frontend.o(log_const_data)
    log_const_data$$Limit                    0x00025990   Number         0  nrf_log_frontend.o(log_const_data)
    SystemCoreClock                          0x20002a70   Data           4  system_nrf52.o(.data)
    m_uart                                   0x20002a98   Data           8  nrf_log_backend_uart.o(.data)
    log_dynamic_data$$Base                   0x20002af4   Number         0  nrf_drv_ppi.o(log_dynamic_data)
    m_nrf_log_ppi_logs_data_dynamic          0x20002af4   Data          12  nrf_drv_ppi.o(log_dynamic_data)
    m_nrf_log_saadc_logs_data_dynamic        0x20002b00   Data          12  nrf_drv_saadc.o(log_dynamic_data)
    m_nrf_log_timer_logs_data_dynamic        0x20002b0c   Data          12  nrf_drv_timer.o(log_dynamic_data)
    m_nrf_log_uart_logs_data_dynamic         0x20002b18   Data          12  nrf_drv_uart.o(log_dynamic_data)
    m_nrf_log_balloc_logs_data_dynamic       0x20002b24   Data          12  nrf_balloc.o(log_dynamic_data)
    m_nrf_log_pwr_mgmt_logs_data_dynamic     0x20002b30   Data          12  nrf_pwr_mgmt.o(log_dynamic_data)
    m_nrf_log_app_logs_data_dynamic          0x20002b3c   Data          12  nrf_log_frontend.o(log_dynamic_data)
    __initial_sp                             0x200050f0   Data           0  arm_startup_nrf52.o(STACK)



==============================================================================

Memory Map of the image

  Image Entry point : 0x00023201

  Load Region LR_IROM1 (Base: 0x00023000, Size: 0x00002a70, Max: 0x0005d000, ABSOLUTE)

    Execution Region ER_IROM1 (Exec base: 0x00023000, Load base: 0x00023000, Size: 0x00002990, Max: 0x0005d000, ABSOLUTE)

    Exec Addr    Load Addr    Size         Type   Attr      Idx    E Section Name        Object

    0x00023000   0x00023000   0x00000200   Data   RO          357    RESET               arm_startup_nrf52.o
    0x00023200   0x00023200   0x00000000   Code   RO         2493  * .ARM.Collect$$$$00000000  mc_w.l(entry.o)
    0x00023200   0x00023200   0x00000004   Code   RO         2541    .ARM.Collect$$$$00000001  mc_w.l(entry2.o)
    0x00023204   0x00023204   0x00000004   Code   RO         2544    .ARM.Collect$$$$00000004  mc_w.l(entry5.o)
    0x00023208   0x00023208   0x00000000   Code   RO         2546    .ARM.Collect$$$$00000008  mc_w.l(entry7b.o)
    0x00023208   0x00023208   0x00000000   Code   RO         2548    .ARM.Collect$$$$0000000A  mc_w.l(entry8b.o)
    0x00023208   0x00023208   0x00000008   Code   RO         2549    .ARM.Collect$$$$0000000B  mc_w.l(entry9a.o)
    0x00023210   0x00023210   0x00000000   Code   RO         2551    .ARM.Collect$$$$0000000D  mc_w.l(entry10a.o)
    0x00023210   0x00023210   0x00000000   Code   RO         2553    .ARM.Collect$$$$0000000F  mc_w.l(entry11a.o)
    0x00023210   0x00023210   0x00000004   Code   RO         2542    .ARM.Collect$$$$00002712  mc_w.l(entry2.o)
    0x00023214   0x00023214   0x0000009a   Code   RO         1501    .emb_text           nrf_memobj.o
    0x000232ae   0x000232ae   0x00000002   PAD
    0x000232b0   0x000232b0   0x0000009a   Code   RO         1900    .emb_text           nrf_log_frontend.o
    0x0002334a   0x0002334a   0x00000002   PAD
    0x0002334c   0x0002334c   0x00000024   Code   RO          358    .text               arm_startup_nrf52.o
    0x00023370   0x00023370   0x00000008   Code   RO         2501    .text               mc_w.l(ctype_o.o)
    0x00023378   0x00023378   0x00000024   Code   RO         2529    .text               mc_w.l(memcpya.o)
    0x0002339c   0x0002339c   0x00000024   Code   RO         2531    .text               mc_w.l(memseta.o)
    0x000233c0   0x000233c0   0x0000000e   Code   RO         2533    .text               mc_w.l(strlen.o)
    0x000233ce   0x000233ce   0x00000002   PAD
    0x000233d0   0x000233d0   0x00000024   Code   RO         2557    .text               mc_w.l(init.o)
    0x000233f4   0x000233f4   0x00000054   Code   RO          452    i.POWER_CLOCK_IRQHandler  nrf_drv_power.o
    0x00023448   0x00023448   0x00000148   Code   RO          704    i.SAADC_IRQHandler  nrf_drv_saadc.o
    0x00023590   0x00023590   0x000002fc   Code   RO          366    i.SystemInit        system_nrf52.o
    0x0002388c   0x0002388c   0x0000004c   Code   RO          849    i.TIMER0_IRQHandler  nrf_drv_timer.o
    0x000238d8   0x000238d8   0x0000001c   Code   RO          966    i.UARTE0_UART0_IRQHandler  nrf_drv_uart.o
    0x000238f4   0x000238f4   0x0000000e   Code   RO         2561    i.__scatterload_copy  mc_w.l(handlers.o)
    0x00023902   0x00023902   0x00000002   Code   RO         2562    i.__scatterload_null  mc_w.l(handlers.o)
    0x00023904   0x00023904   0x0000000e   Code   RO         2563    i.__scatterload_zeroinit  mc_w.l(handlers.o)
    0x00023912   0x00023912   0x00000002   PAD
    0x00023914   0x00023914   0x00000078   Code   RO         1264    i.app_error_fault_handler  app_error_weak.o
    0x0002398c   0x0002398c   0x00000016   Code   RO         1225    i.app_error_handler_bare  app_error.o
    0x000239a2   0x000239a2   0x00000004   Code   RO         1288    i.app_util_critical_region_enter  app_util_platform.o
    0x000239a6   0x000239a6   0x00000004   Code   RO         1289    i.app_util_critical_region_exit  app_util_platform.o
    0x000239aa   0x000239aa   0x00000002   PAD
    0x000239ac   0x000239ac   0x00000010   Code   RO         1290    i.app_util_disable_irq  app_util_platform.o
    0x000239bc   0x000239bc   0x00000014   Code   RO         1291    i.app_util_enable_irq  app_util_platform.o
    0x000239d0   0x000239d0   0x000000b8   Code   RO          967    i.apply_config      nrf_drv_uart.o
    0x00023a88   0x00023a88   0x00000060   Code   RO         1901    i.buf_prealloc      nrf_log_frontend.o
    0x00023ae8   0x00023ae8   0x0000001e   Code   RO         1461    i.buffer_add        nrf_fprintf_format.o
    0x00023b06   0x00023b06   0x00000002   PAD
    0x00023b08   0x00023b08   0x00000014   Code   RO         1902    i.buffer_is_empty   nrf_log_frontend.o
    0x00023b1c   0x00023b1c   0x000000a6   Code   RO         1462    i.int_print         nrf_fprintf_format.o
    0x00023bc2   0x00023bc2   0x00000002   PAD
    0x00023bc4   0x00023bc4   0x00000078   Code   RO          968    i.interrupts_enable  nrf_drv_uart.o
    0x00023c3c   0x00023c3c   0x00000018   Code   RO          547    i.is_allocated_channel  nrf_drv_ppi.o
    0x00023c54   0x00023c54   0x0000000c   Code   RO          550    i.is_programmable_app_channel  nrf_drv_ppi.o
    0x00023c60   0x00023c60   0x00000094   Code   RO         1904    i.log_skip          nrf_log_frontend.o
    0x00023cf4   0x00023cf4   0x00000074   Code   RO            4    i.main              main.o
    0x00023d68   0x00023d68   0x00000076   Code   RO         1502    i.memobj_op         nrf_memobj.o
    0x00023dde   0x00023dde   0x00000002   PAD
    0x00023de0   0x00023de0   0x00000034   Code   RO         1905    i.module_idx_get    nrf_log_frontend.o
    0x00023e14   0x00023e14   0x0000000e   Code   RO         1906    i.nrf_atomic_flag_set  nrf_log_frontend.o
    0x00023e22   0x00023e22   0x0000003e   Code   RO         1377    i.nrf_balloc_alloc  nrf_balloc.o
    0x00023e60   0x00023e60   0x0000002a   Code   RO         1378    i.nrf_balloc_free   nrf_balloc.o
    0x00023e8a   0x00023e8a   0x00000030   Code   RO         1379    i.nrf_balloc_init   nrf_balloc.o
    0x00023eba   0x00023eba   0x00000016   Code   RO          969    i.nrf_drv_common_irq_disable  nrf_drv_uart.o
    0x00023ed0   0x00023ed0   0x00000038   Code   RO          405    i.nrf_drv_common_irq_enable  nrf_drv_common.o
    0x00023f08   0x00023f08   0x00000006   Code   RO          970    i.nrf_drv_get_IRQn  nrf_drv_uart.o
    0x00023f0e   0x00023f0e   0x00000010   Code   RO          971    i.nrf_drv_is_in_RAM  nrf_drv_uart.o
    0x00023f1e   0x00023f1e   0x00000002   PAD
    0x00023f20   0x00023f20   0x00000044   Code   RO          453    i.nrf_drv_power_init  nrf_drv_power.o
    0x00023f64   0x00023f64   0x00000060   Code   RO          551    i.nrf_drv_ppi_channel_alloc  nrf_drv_ppi.o
    0x00023fc4   0x00023fc4   0x00000044   Code   RO          552    i.nrf_drv_ppi_channel_assign  nrf_drv_ppi.o
    0x00024008   0x00024008   0x00000028   Code   RO          554    i.nrf_drv_ppi_channel_enable  nrf_drv_ppi.o
    0x00024030   0x00024030   0x00000018   Code   RO          563    i.nrf_drv_ppi_init  nrf_drv_ppi.o
    0x00024048   0x00024048   0x000000a4   Code   RO          706    i.nrf_drv_saadc_buffer_convert  nrf_drv_saadc.o
    0x000240ec   0x000240ec   0x00000060   Code   RO          708    i.nrf_drv_saadc_channel_init  nrf_drv_saadc.o
    0x0002414c   0x0002414c   0x0000008c   Code   RO          710    i.nrf_drv_saadc_init  nrf_drv_saadc.o
    0x000241d8   0x000241d8   0x0000001c   Code   RO          715    i.nrf_drv_saadc_sample_task_get  nrf_drv_saadc.o
    0x000241f4   0x000241f4   0x00000022   Code   RO          852    i.nrf_drv_timer_compare  nrf_drv_timer.o
    0x00024216   0x00024216   0x00000002   PAD
    0x00024218   0x00024218   0x0000001c   Code   RO          856    i.nrf_drv_timer_enable  nrf_drv_timer.o
    0x00024234   0x00024234   0x0000002a   Code   RO          857    i.nrf_drv_timer_extended_compare  nrf_drv_timer.o
    0x0002425e   0x0002425e   0x00000002   PAD
    0x00024260   0x00024260   0x00000090   Code   RO          859    i.nrf_drv_timer_init  nrf_drv_timer.o
    0x000242f0   0x000242f0   0x00000068   Code   RO          973    i.nrf_drv_uart_init  nrf_drv_uart.o
    0x00024358   0x00024358   0x0000010c   Code   RO          981    i.nrf_drv_uart_tx   nrf_drv_uart.o
    0x00024464   0x00024464   0x00000018   Code   RO          983    i.nrf_drv_uart_tx_in_progress  nrf_drv_uart.o
    0x0002447c   0x0002447c   0x00000054   Code   RO          984    i.nrf_drv_uart_uninit  nrf_drv_uart.o
    0x000244d0   0x000244d0   0x0000001a   Code   RO         1418    i.nrf_fprintf       nrf_fprintf.o
    0x000244ea   0x000244ea   0x00000018   Code   RO         1419    i.nrf_fprintf_buffer_flush  nrf_fprintf.o
    0x00024502   0x00024502   0x000001da   Code   RO         1463    i.nrf_fprintf_fmt   nrf_fprintf_format.o
    0x000246dc   0x000246dc   0x00000024   Code   RO          985    i.nrf_gpio_cfg      nrf_drv_uart.o
    0x00024700   0x00024700   0x00000012   Code   RO          986    i.nrf_gpio_cfg_default  nrf_drv_uart.o
    0x00024712   0x00024712   0x00000012   Code   RO          987    i.nrf_gpio_cfg_input  nrf_drv_uart.o
    0x00024724   0x00024724   0x00000014   Code   RO          988    i.nrf_gpio_cfg_output  nrf_drv_uart.o
    0x00024738   0x00024738   0x00000050   Code   RO         1907    i.nrf_log_backend_add  nrf_log_frontend.o
    0x00024788   0x00024788   0x000000d2   Code   RO         1755    i.nrf_log_backend_serial_put  nrf_log_backend_serial.o
    0x0002485a   0x0002485a   0x00000002   Code   RO         1795    i.nrf_log_backend_uart_flush  nrf_log_backend_uart.o
    0x0002485c   0x0002485c   0x00000006   Code   RO         1796    i.nrf_log_backend_uart_init  nrf_log_backend_uart.o
    0x00024862   0x00024862   0x00000002   PAD
    0x00024864   0x00024864   0x00000018   Code   RO         1797    i.nrf_log_backend_uart_panic_set  nrf_log_backend_uart.o
    0x0002487c   0x0002487c   0x00000018   Code   RO         1798    i.nrf_log_backend_uart_put  nrf_log_backend_uart.o
    0x00024894   0x00024894   0x00000030   Code   RO         1909    i.nrf_log_color_id_get  nrf_log_frontend.o
    0x000248c4   0x000248c4   0x0000001c   Code   RO         1867    i.nrf_log_default_backends_init  nrf_log_default_backends.o
    0x000248e0   0x000248e0   0x000001e4   Code   RO         1910    i.nrf_log_frontend_dequeue  nrf_log_frontend.o
    0x00024ac4   0x00024ac4   0x00000008   Code   RO         1912    i.nrf_log_frontend_std_0  nrf_log_frontend.o
    0x00024acc   0x00024acc   0x0000000e   Code   RO         1913    i.nrf_log_frontend_std_1  nrf_log_frontend.o
    0x00024ada   0x00024ada   0x00000002   PAD
    0x00024adc   0x00024adc   0x000000ac   Code   RO         2092    i.nrf_log_hexdump_entry_process  nrf_log_str_formatter.o
    0x00024b88   0x00024b88   0x0000005c   Code   RO         1919    i.nrf_log_init      nrf_log_frontend.o
    0x00024be4   0x00024be4   0x00000014   Code   RO         1920    i.nrf_log_module_cnt_get  nrf_log_frontend.o
    0x00024bf8   0x00024bf8   0x0000001c   Code   RO         1923    i.nrf_log_module_name_get  nrf_log_frontend.o
    0x00024c14   0x00024c14   0x00000028   Code   RO         1924    i.nrf_log_panic     nrf_log_frontend.o
    0x00024c3c   0x00024c3c   0x000000b6   Code   RO         2093    i.nrf_log_std_entry_process  nrf_log_str_formatter.o
    0x00024cf2   0x00024cf2   0x00000060   Code   RO         1503    i.nrf_memobj_alloc  nrf_memobj.o
    0x00024d52   0x00024d52   0x00000032   Code   RO         1504    i.nrf_memobj_free   nrf_memobj.o
    0x00024d84   0x00024d84   0x0000000e   Code   RO         1505    i.nrf_memobj_get    nrf_memobj.o
    0x00024d92   0x00024d92   0x00000004   Code   RO         1506    i.nrf_memobj_pool_init  nrf_memobj.o
    0x00024d96   0x00024d96   0x00000022   Code   RO         1507    i.nrf_memobj_put    nrf_memobj.o
    0x00024db8   0x00024db8   0x0000000c   Code   RO         1508    i.nrf_memobj_read   nrf_memobj.o
    0x00024dc4   0x00024dc4   0x0000000c   Code   RO         1509    i.nrf_memobj_write  nrf_memobj.o
    0x00024dd0   0x00024dd0   0x00000014   Code   RO          460    i.nrf_power_event_get_and_clear  nrf_drv_power.o
    0x00024de4   0x00024de4   0x00000028   Code   RO         1591    i.nrf_pwr_mgmt_init  nrf_pwr_mgmt.o
    0x00024e0c   0x00024e0c   0x00000034   Code   RO         1592    i.nrf_pwr_mgmt_run  nrf_pwr_mgmt.o
    0x00024e40   0x00024e40   0x00000010   Code   RO          717    i.nrf_saadc_buffer_init  nrf_drv_saadc.o
    0x00024e50   0x00024e50   0x00000068   Code   RO         1197    i.nrf_saadc_channel_init  nrf_saadc.o
    0x00024eb8   0x00024eb8   0x00000014   Code   RO          718    i.nrf_saadc_channel_input_set  nrf_drv_saadc.o
    0x00024ecc   0x00024ecc   0x00000010   Code   RO          719    i.nrf_saadc_event_check  nrf_drv_saadc.o
    0x00024edc   0x00024edc   0x00000014   Code   RO          720    i.nrf_saadc_event_clear  nrf_drv_saadc.o
    0x00024ef0   0x00024ef0   0x0000000a   Code   RO         1669    i.nrf_section_iter_init  nrf_section_iter.o
    0x00024efa   0x00024efa   0x00000024   Code   RO         1670    i.nrf_section_iter_item_set  nrf_section_iter.o
    0x00024f1e   0x00024f1e   0x0000000a   Code   RO          989    i.nrf_uart_event_check  nrf_drv_uart.o
    0x00024f28   0x00024f28   0x0000000c   Code   RO          990    i.nrf_uart_event_clear  nrf_drv_uart.o
    0x00024f34   0x00024f34   0x0000000c   Code   RO          991    i.nrf_uart_int_enable_check  nrf_drv_uart.o
    0x00024f40   0x00024f40   0x0000000a   Code   RO          992    i.nrf_uarte_event_check  nrf_drv_uart.o
    0x00024f4a   0x00024f4a   0x0000000c   Code   RO          993    i.nrf_uarte_event_clear  nrf_drv_uart.o
    0x00024f56   0x00024f56   0x00000002   PAD
    0x00024f58   0x00024f58   0x00000078   Code   RO          994    i.pins_to_default   nrf_drv_uart.o
    0x00024fd0   0x00024fd0   0x0000003c   Code   RO         2094    i.postfix_process   nrf_log_str_formatter.o
    0x0002500c   0x0002500c   0x0000005c   Code   RO         2095    i.prefix_process    nrf_log_str_formatter.o
    0x00025068   0x00025068   0x00000032   Code   RO          995    i.rx_byte           nrf_drv_uart.o
    0x0002509a   0x0002509a   0x00000018   Code   RO          996    i.rx_done_event     nrf_drv_uart.o
    0x000250b2   0x000250b2   0x00000002   PAD
    0x000250b4   0x000250b4   0x00000080   Code   RO            5    i.saadc_callback    main.o
    0x00025134   0x00025134   0x00000130   Code   RO            6    i.saadc_init        main.o
    0x00025264   0x00025264   0x0000001c   Code   RO            7    i.saadc_sampling_event_enable  main.o
    0x00025280   0x00025280   0x00000090   Code   RO            8    i.saadc_sampling_event_init  main.o
    0x00025310   0x00025310   0x00000028   Code   RO         1799    i.serial_tx         nrf_log_backend_uart.o
    0x00025338   0x00025338   0x00000090   Code   RO         1926    i.std_n             nrf_log_frontend.o
    0x000253c8   0x000253c8   0x00000002   Code   RO            9    i.timer_handler     main.o
    0x000253ca   0x000253ca   0x00000020   Code   RO          998    i.tx_byte           nrf_drv_uart.o
    0x000253ea   0x000253ea   0x0000001c   Code   RO          999    i.tx_done_event     nrf_drv_uart.o
    0x00025406   0x00025406   0x00000002   PAD
    0x00025408   0x00025408   0x0000000c   Code   RO         1800    i.uart_evt_handler  nrf_log_backend_uart.o
    0x00025414   0x00025414   0x00000050   Code   RO         1801    i.uart_init         nrf_log_backend_uart.o
    0x00025464   0x00025464   0x0000011e   Code   RO         1000    i.uart_irq_handler  nrf_drv_uart.o
    0x00025582   0x00025582   0x000000f0   Code   RO         1001    i.uarte_irq_handler  nrf_drv_uart.o
    0x00025672   0x00025672   0x00000002   PAD
    0x00025674   0x00025674   0x000000b4   Code   RO         1464    i.unsigned_print    nrf_fprintf_format.o
    0x00025728   0x00025728   0x00000071   Data   RO           11    .constdata          main.o
    0x00025799   0x00025799   0x00000001   Data   RO          461    .constdata          nrf_drv_power.o
    0x0002579a   0x0002579a   0x00000004   Data   RO          723    .constdata          nrf_drv_saadc.o
    0x0002579e   0x0002579e   0x00000010   Data   RO         1465    .constdata          nrf_fprintf_format.o
    0x000257ae   0x000257ae   0x00000002   PAD
    0x000257b0   0x000257b0   0x00000018   Data   RO         1596    .constdata          nrf_pwr_mgmt.o
    0x000257c8   0x000257c8   0x0000000c   Data   RO         1597    .constdata          nrf_pwr_mgmt.o
    0x000257d4   0x000257d4   0x0000000c   Data   RO         1803    .constdata          nrf_log_backend_uart.o
    0x000257e0   0x000257e0   0x00000020   Data   RO         1804    .constdata          nrf_log_backend_uart.o
    0x00025800   0x00025800   0x00000014   Data   RO         1929    .constdata          nrf_log_frontend.o
    0x00025814   0x00025814   0x00000081   Data   RO         2502    .constdata          mc_w.l(ctype_o.o)
    0x00025895   0x00025895   0x00000003   PAD
    0x00025898   0x00025898   0x00000004   Data   RO         2503    .constdata          mc_w.l(ctype_o.o)
    0x0002589c   0x0002589c   0x00000066   Data   RO         2096    .conststring        nrf_log_str_formatter.o
    0x00025902   0x00025902   0x00000002   PAD
    0x00025904   0x00025904   0x00000004   Data   RO          579    .conststrlit        nrf_drv_ppi.o
    0x00025908   0x00025908   0x00000006   Data   RO          731    .conststrlit        nrf_drv_saadc.o
    0x0002590e   0x0002590e   0x00000002   PAD
    0x00025910   0x00025910   0x00000006   Data   RO          865    .conststrlit        nrf_drv_timer.o
    0x00025916   0x00025916   0x00000002   PAD
    0x00025918   0x00025918   0x00000005   Data   RO         1003    .conststrlit        nrf_drv_uart.o
    0x0002591d   0x0002591d   0x00000003   PAD
    0x00025920   0x00025920   0x00000007   Data   RO         1380    .conststrlit        nrf_balloc.o
    0x00025927   0x00025927   0x00000001   PAD
    0x00025928   0x00025928   0x00000009   Data   RO         1598    .conststrlit        nrf_pwr_mgmt.o
    0x00025931   0x00025931   0x00000003   PAD
    0x00025934   0x00025934   0x00000004   Data   RO         1931    .conststrlit        nrf_log_frontend.o
    0x00025938   0x00025938   0x00000020   Data   RO         2559    Region$$Table       anon$$obj.o
    0x00025958   0x00025958   0x00000008   Data   RO          581    log_const_data      nrf_drv_ppi.o
    0x00025960   0x00025960   0x00000008   Data   RO          732    log_const_data      nrf_drv_saadc.o
    0x00025968   0x00025968   0x00000008   Data   RO          866    log_const_data      nrf_drv_timer.o
    0x00025970   0x00025970   0x00000008   Data   RO         1004    log_const_data      nrf_drv_uart.o
    0x00025978   0x00025978   0x00000008   Data   RO         1381    log_const_data      nrf_balloc.o
    0x00025980   0x00025980   0x00000008   Data   RO         1600    log_const_data      nrf_pwr_mgmt.o
    0x00025988   0x00025988   0x00000008   Data   RO         1935    log_const_data      nrf_log_frontend.o


    Execution Region RW_IRAM1 (Exec base: 0x20002a68, Load base: 0x00025990, Size: 0x00002688, Max: 0x0000d598, ABSOLUTE)

    Exec Addr    Load Addr    Size         Type   Attr      Idx    E Section Name        Object

    0x20002a68   0x00025990   0x00000008   Data   RW           13    .data               main.o
    0x20002a70   0x00025998   0x00000004   Data   RW          367    .data               system_nrf52.o
    0x20002a74   0x0002599c   0x0000000c   Data   RW          462    .data               nrf_drv_power.o
    0x20002a80   0x000259a8   0x00000008   Data   RW          580    .data               nrf_drv_ppi.o
    0x20002a88   0x000259b0   0x00000004   Data   RW         1294    .data               app_util_platform.o
    0x20002a8c   0x000259b4   0x00000008   Data   RW         1599    .data               nrf_pwr_mgmt.o
    0x20002a94   0x000259bc   0x0000000c   Data   RW         1805    .data               nrf_log_backend_uart.o
    0x20002aa0   0x000259c8   0x0000000c   Data   RW         1868    .data               nrf_log_default_backends.o
    0x20002aac   0x000259d4   0x00000008   Data   RW         1933    .data               nrf_log_frontend.o
    0x20002ab4   0x000259dc   0x00000008   Data   RW         1934    .data               nrf_log_frontend.o
    0x20002abc   0x000259e4   0x00000038   Data   RW         2097    .data               nrf_log_str_formatter.o
    0x20002af4   0x00025a1c   0x0000000c   Data   RW          582    log_dynamic_data    nrf_drv_ppi.o
    0x20002b00   0x00025a28   0x0000000c   Data   RW          733    log_dynamic_data    nrf_drv_saadc.o
    0x20002b0c   0x00025a34   0x0000000c   Data   RW          867    log_dynamic_data    nrf_drv_timer.o
    0x20002b18   0x00025a40   0x0000000c   Data   RW         1005    log_dynamic_data    nrf_drv_uart.o
    0x20002b24   0x00025a4c   0x0000000c   Data   RW         1382    log_dynamic_data    nrf_balloc.o
    0x20002b30   0x00025a58   0x0000000c   Data   RW         1601    log_dynamic_data    nrf_pwr_mgmt.o
    0x20002b3c   0x00025a64   0x0000000c   Data   RW         1936    log_dynamic_data    nrf_log_frontend.o
    0x20002b48        -       0x00000020   Zero   RW           10    .bss                main.o
    0x20002b68        -       0x00000030   Zero   RW          722    .bss                nrf_drv_saadc.o
    0x20002b98        -       0x0000000c   Zero   RW          863    .bss                nrf_drv_timer.o
    0x20002ba4        -       0x00000020   Zero   RW         1002    .bss                nrf_drv_uart.o
    0x20002bc4        -       0x0000000c   Zero   RW         1595    .bss                nrf_pwr_mgmt.o
    0x20002bd0        -       0x00000040   Zero   RW         1802    .bss                nrf_log_backend_uart.o
    0x20002c10        -       0x000000c0   Zero   RW         1927    .bss                nrf_log_frontend.o
    0x20002cd0        -       0x00000420   Zero   RW         1928    .bss                nrf_log_frontend.o
    0x200030f0        -       0x00002000   Zero   RW          355    STACK               arm_startup_nrf52.o


==============================================================================

Image component sizes


      Code (inc. data)   RO Data    RW Data    ZI Data      Debug   Object Name

        22          0          0          0          0       2081   app_error.o
       120         40          0          0          0        790   app_error_weak.o
        44         10          0          4          0       3372   app_util_platform.o
        36          8        512          0       8192        972   arm_startup_nrf52.o
       722        108        113          8         32      71431   main.o
       152          0         15         12          0       3893   nrf_balloc.o
        56          0          0          0          0      29411   nrf_drv_common.o
       172         18          1         12          0      13415   nrf_drv_power.o
       264         28         12         20          0      19069   nrf_drv_ppi.o
       828         68         18         12         48      44971   nrf_drv_saadc.o
       324         18         14         12         12      16599   nrf_drv_timer.o
      1784         60         13         12         32      40670   nrf_drv_uart.o
        50          0          0          0          0       3553   nrf_fprintf.o
       850          4         16          0          0       5510   nrf_fprintf_format.o
       210          0          0          0          0      11095   nrf_log_backend_serial.o
       188         36         44         12         64      12366   nrf_log_backend_uart.o
        28          6          0         12          0       3219   nrf_log_default_backends.o
      1442         88         32         28       1248      30318   nrf_log_frontend.o
       506         66        102         56          0       5632   nrf_log_str_formatter.o
       494          0          0          0          0      13199   nrf_memobj.o
        92         18         53         20         12      40431   nrf_pwr_mgmt.o
       104          4          0          0          0       6637   nrf_saadc.o
        46          0          0          0          0       2072   nrf_section_iter.o
       764         64          0          4          0      29782   system_nrf52.o

    ----------------------------------------------------------------------
      9328        644        992        224       9640     410488   Object Totals
         0          0         32          0          0          0   (incl. Generated)
        30          0         15          0          0          0   (incl. Padding)

    ----------------------------------------------------------------------

      Code (inc. data)   RO Data    RW Data    ZI Data      Debug   Library Member Name

         8          4        133          0          0         68   ctype_o.o
         0          0          0          0          0          0   entry.o
         0          0          0          0          0          0   entry10a.o
         0          0          0          0          0          0   entry11a.o
         8          4          0          0          0          0   entry2.o
         4          0          0          0          0          0   entry5.o
         0          0          0          0          0          0   entry7b.o
         0          0          0          0          0          0   entry8b.o
         8          4          0          0          0          0   entry9a.o
        30          0          0          0          0          0   handlers.o
        36          8          0          0          0         68   init.o
        36          0          0          0          0         68   memcpya.o
        36          0          0          0          0        108   memseta.o
        14          0          0          0          0         68   strlen.o

    ----------------------------------------------------------------------
       184         20        136          0          0        380   Library Totals
         4          0          3          0          0          0   (incl. Padding)

    ----------------------------------------------------------------------

      Code (inc. data)   RO Data    RW Data    ZI Data      Debug   Library Name

       180         20        133          0          0        380   mc_w.l

    ----------------------------------------------------------------------
       184         20        136          0          0        380   Library Totals

    ----------------------------------------------------------------------

==============================================================================


      Code (inc. data)   RO Data    RW Data    ZI Data      Debug   

      9512        664       1128        224       9640     400120   Grand Totals
      9512        664       1128        224       9640     400120   ELF Image Totals
      9512        664       1128        224          0          0   ROM Totals

==============================================================================

    Total RO  Size (Code + RO Data)                10640 (  10.39kB)
    Total RW  Size (RW Data + ZI Data)              9864 (   9.63kB)
    Total ROM Size (Code + RO Data + RW Data)      10864 (  10.61kB)

==============================================================================

